Archive member included to satisfy reference by file (symbol)

d:/st/stm32cubeide_1.9.0/stm32cubeide/plugins/com.st.stm32cube.ide.mcu.externaltools.gnu-tools-for-stm32.10.3-2021.10.win32_1.0.0.202111181127/tools/bin/../lib/gcc/arm-none-eabi/10.3.1/../../../../arm-none-eabi/lib/thumb/v7e-m/nofp\libstdc++_nano.a(del_ops.o)
                              ./Core/Fanet/app.o (operator delete(void*, unsigned int))
d:/st/stm32cubeide_1.9.0/stm32cubeide/plugins/com.st.stm32cube.ide.mcu.externaltools.gnu-tools-for-stm32.10.3-2021.10.win32_1.0.0.202111181127/tools/bin/../lib/gcc/arm-none-eabi/10.3.1/../../../../arm-none-eabi/lib/thumb/v7e-m/nofp\libstdc++_nano.a(del_opv.o)
                              ./Core/Fanet/fmac.o (operator delete[](void*))
d:/st/stm32cubeide_1.9.0/stm32cubeide/plugins/com.st.stm32cube.ide.mcu.externaltools.gnu-tools-for-stm32.10.3-2021.10.win32_1.0.0.202111181127/tools/bin/../lib/gcc/arm-none-eabi/10.3.1/../../../../arm-none-eabi/lib/thumb/v7e-m/nofp\libstdc++_nano.a(new_op.o)
                              ./Core/Fanet/app.o (operator new(unsigned int))
d:/st/stm32cubeide_1.9.0/stm32cubeide/plugins/com.st.stm32cube.ide.mcu.externaltools.gnu-tools-for-stm32.10.3-2021.10.win32_1.0.0.202111181127/tools/bin/../lib/gcc/arm-none-eabi/10.3.1/../../../../arm-none-eabi/lib/thumb/v7e-m/nofp\libstdc++_nano.a(new_opv.o)
                              ./Core/Fanet/app.o (operator new[](unsigned int))
d:/st/stm32cubeide_1.9.0/stm32cubeide/plugins/com.st.stm32cube.ide.mcu.externaltools.gnu-tools-for-stm32.10.3-2021.10.win32_1.0.0.202111181127/tools/bin/../lib/gcc/arm-none-eabi/10.3.1/../../../../arm-none-eabi/lib/thumb/v7e-m/nofp\libstdc++_nano.a(pure.o)
                              ./Core/Fanet/app.o (__cxa_pure_virtual)
d:/st/stm32cubeide_1.9.0/stm32cubeide/plugins/com.st.stm32cube.ide.mcu.externaltools.gnu-tools-for-stm32.10.3-2021.10.win32_1.0.0.202111181127/tools/bin/../lib/gcc/arm-none-eabi/10.3.1/../../../../arm-none-eabi/lib/thumb/v7e-m/nofp\libstdc++_nano.a(del_op.o)
                              d:/st/stm32cubeide_1.9.0/stm32cubeide/plugins/com.st.stm32cube.ide.mcu.externaltools.gnu-tools-for-stm32.10.3-2021.10.win32_1.0.0.202111181127/tools/bin/../lib/gcc/arm-none-eabi/10.3.1/../../../../arm-none-eabi/lib/thumb/v7e-m/nofp\libstdc++_nano.a(del_ops.o) (operator delete(void*))
d:/st/stm32cubeide_1.9.0/stm32cubeide/plugins/com.st.stm32cube.ide.mcu.externaltools.gnu-tools-for-stm32.10.3-2021.10.win32_1.0.0.202111181127/tools/bin/../lib/gcc/arm-none-eabi/10.3.1/../../../../arm-none-eabi/lib/thumb/v7e-m/nofp\libstdc++_nano.a(eh_terminate.o)
                              d:/st/stm32cubeide_1.9.0/stm32cubeide/plugins/com.st.stm32cube.ide.mcu.externaltools.gnu-tools-for-stm32.10.3-2021.10.win32_1.0.0.202111181127/tools/bin/../lib/gcc/arm-none-eabi/10.3.1/../../../../arm-none-eabi/lib/thumb/v7e-m/nofp\libstdc++_nano.a(pure.o) (std::terminate())
d:/st/stm32cubeide_1.9.0/stm32cubeide/plugins/com.st.stm32cube.ide.mcu.externaltools.gnu-tools-for-stm32.10.3-2021.10.win32_1.0.0.202111181127/tools/bin/../lib/gcc/arm-none-eabi/10.3.1/../../../../arm-none-eabi/lib/thumb/v7e-m/nofp\libstdc++_nano.a(eh_unex_handler.o)
                              d:/st/stm32cubeide_1.9.0/stm32cubeide/plugins/com.st.stm32cube.ide.mcu.externaltools.gnu-tools-for-stm32.10.3-2021.10.win32_1.0.0.202111181127/tools/bin/../lib/gcc/arm-none-eabi/10.3.1/../../../../arm-none-eabi/lib/thumb/v7e-m/nofp\libstdc++_nano.a(eh_terminate.o) (__cxxabiv1::__unexpected_handler)
d:/st/stm32cubeide_1.9.0/stm32cubeide/plugins/com.st.stm32cube.ide.mcu.externaltools.gnu-tools-for-stm32.10.3-2021.10.win32_1.0.0.202111181127/tools/bin/../lib/gcc/arm-none-eabi/10.3.1/../../../../arm-none-eabi/lib/thumb/v7e-m/nofp\libstdc++_nano.a(new_handler.o)
                              d:/st/stm32cubeide_1.9.0/stm32cubeide/plugins/com.st.stm32cube.ide.mcu.externaltools.gnu-tools-for-stm32.10.3-2021.10.win32_1.0.0.202111181127/tools/bin/../lib/gcc/arm-none-eabi/10.3.1/../../../../arm-none-eabi/lib/thumb/v7e-m/nofp\libstdc++_nano.a(new_op.o) (std::get_new_handler())
d:/st/stm32cubeide_1.9.0/stm32cubeide/plugins/com.st.stm32cube.ide.mcu.externaltools.gnu-tools-for-stm32.10.3-2021.10.win32_1.0.0.202111181127/tools/bin/../lib/gcc/arm-none-eabi/10.3.1/../../../../arm-none-eabi/lib/thumb/v7e-m/nofp\libstdc++_nano.a(eh_term_handler.o)
                              d:/st/stm32cubeide_1.9.0/stm32cubeide/plugins/com.st.stm32cube.ide.mcu.externaltools.gnu-tools-for-stm32.10.3-2021.10.win32_1.0.0.202111181127/tools/bin/../lib/gcc/arm-none-eabi/10.3.1/../../../../arm-none-eabi/lib/thumb/v7e-m/nofp\libstdc++_nano.a(eh_terminate.o) (__cxxabiv1::__terminate_handler)
d:/st/stm32cubeide_1.9.0/stm32cubeide/plugins/com.st.stm32cube.ide.mcu.externaltools.gnu-tools-for-stm32.10.3-2021.10.win32_1.0.0.202111181127/tools/bin/../lib/gcc/arm-none-eabi/10.3.1/../../../../arm-none-eabi/lib/thumb/v7e-m/nofp\libm.a(lib_a-sf_round.o)
                              ./Core/Fanet/app.o (roundf)
[...]
Memory Configuration

Name             Origin             Length             Attributes
RAM              0x0000000020000000 0x0000000000010000 xrw
RAM2             0x0000000010000000 0x0000000000008000 xrw
FLASH            0x0000000008000000 0x0000000000040000 xr
*default*        0x0000000000000000 0xffffffffffffffff

Linker script and memory map

LOAD d:/st/stm32cubeide_1.9.0/stm32cubeide/plugins/com.st.stm32cube.ide.mcu.externaltools.gnu-tools-for-stm32.10.3-2021.10.win32_1.0.0.202111181127/tools/bin/../lib/gcc/arm-none-eabi/10.3.1/thumb/v7e-m/nofp/crti.o
LOAD d:/st/stm32cubeide_1.9.0/stm32cubeide/plugins/com.st.stm32cube.ide.mcu.externaltools.gnu-tools-for-stm32.10.3-2021.10.win32_1.0.0.202111181127/tools/bin/../lib/gcc/arm-none-eabi/10.3.1/thumb/v7e-m/nofp/crtbegin.o
LOAD d:/st/stm32cubeide_1.9.0/stm32cubeide/plugins/com.st.stm32cube.ide.mcu.externaltools.gnu-tools-for-stm32.10.3-2021.10.win32_1.0.0.202111181127/tools/bin/../lib/gcc/arm-none-eabi/10.3.1/../../../../arm-none-eabi/lib/thumb/v7e-m/nofp/crt0.o
LOAD ./Core/Fanet/TimerObject.o
LOAD ./Core/Fanet/app.o
LOAD ./Core/Fanet/circular_buffer.o
LOAD ./Core/Fanet/fanet.o
LOAD ./Core/Fanet/fmac.o
LOAD ./Core/Fanet/frame.o
LOAD ./Core/Fanet/jump.o
LOAD ./Core/Fanet/random.o
LOAD ./Core/Fanet/serial.o
LOAD ./Core/Fanet/serial_interface.o
LOAD ./Core/Fanet/sx1272.o
LOAD ./Core/Src/main.o
LOAD ./Core/Src/stm32_adv_trace_if.o
LOAD ./Core/Src/stm32_lpm_if.o
LOAD ./Core/Src/stm32wlxx_hal_msp.o
LOAD ./Core/Src/stm32wlxx_it.o
LOAD ./Core/Src/sys_app.o
LOAD ./Core/Src/syscalls.o
LOAD ./Core/Src/sysmem.o
LOAD ./Core/Src/system_stm32wlxx.o
LOAD ./Core/Src/timer_if.o
LOAD ./Core/Startup/startup_stm32wle5jcix.o
LOAD ./Drivers/STM32WLxx_HAL_Driver/Src/stm32wlxx_hal.o
LOAD ./Drivers/STM32WLxx_HAL_Driver/Src/stm32wlxx_hal_cortex.o
LOAD ./Drivers/STM32WLxx_HAL_Driver/Src/stm32wlxx_hal_dma.o
LOAD ./Drivers/STM32WLxx_HAL_Driver/Src/stm32wlxx_hal_dma_ex.o
LOAD ./Drivers/STM32WLxx_HAL_Driver/Src/stm32wlxx_hal_exti.o
LOAD ./Drivers/STM32WLxx_HAL_Driver/Src/stm32wlxx_hal_flash.o
LOAD ./Drivers/STM32WLxx_HAL_Driver/Src/stm32wlxx_hal_flash_ex.o
LOAD ./Drivers/STM32WLxx_HAL_Driver/Src/stm32wlxx_hal_gpio.o
LOAD ./Drivers/STM32WLxx_HAL_Driver/Src/stm32wlxx_hal_pwr.o
LOAD ./Drivers/STM32WLxx_HAL_Driver/Src/stm32wlxx_hal_pwr_ex.o
LOAD ./Drivers/STM32WLxx_HAL_Driver/Src/stm32wlxx_hal_rcc.o
LOAD ./Drivers/STM32WLxx_HAL_Driver/Src/stm32wlxx_hal_rcc_ex.o
LOAD ./Drivers/STM32WLxx_HAL_Driver/Src/stm32wlxx_hal_subghz.o
LOAD ./Drivers/STM32WLxx_HAL_Driver/Src/stm32wlxx_hal_tim.o
LOAD ./Drivers/STM32WLxx_HAL_Driver/Src/stm32wlxx_hal_tim_ex.o
LOAD ./Drivers/STM32WLxx_HAL_Driver/Src/stm32wlxx_hal_uart.o
LOAD ./Drivers/STM32WLxx_HAL_Driver/Src/stm32wlxx_hal_uart_ex.o
LOAD ./Middlewares/Third_Party/SubGHz_Phy/stm32_radio_driver/radio.o
LOAD ./Middlewares/Third_Party/SubGHz_Phy/stm32_radio_driver/radio_driver.o
LOAD ./Middlewares/Third_Party/SubGHz_Phy/stm32_radio_driver/radio_fw.o
LOAD ./SubGHz_Phy/App/app_subghz_phy.o
LOAD ./SubGHz_Phy/App/subghz_phy_app.o
LOAD ./SubGHz_Phy/Target/radio_board_if.o
LOAD ./Utilities/lpm/tiny_lpm/stm32_lpm.o
LOAD ./Utilities/misc/stm32_mem.o
LOAD ./Utilities/misc/stm32_systime.o
LOAD ./Utilities/misc/stm32_tiny_sscanf.o
LOAD ./Utilities/misc/stm32_tiny_vsnprintf.o
LOAD ./Utilities/sequencer/stm32_seq.o
LOAD ./Utilities/timer/stm32_timer.o
LOAD ./Utilities/trace/adv_trace/stm32_adv_trace.o
START GROUP
LOAD d:/st/stm32cubeide_1.9.0/stm32cubeide/plugins/com.st.stm32cube.ide.mcu.externaltools.gnu-tools-for-stm32.10.3-2021.10.win32_1.0.0.202111181127/tools/bin/../lib/gcc/arm-none-eabi/10.3.1/../../../../arm-none-eabi/lib/thumb/v7e-m/nofp\libstdc++_nano.a
LOAD d:/st/stm32cubeide_1.9.0/stm32cubeide/plugins/com.st.stm32cube.ide.mcu.externaltools.gnu-tools-for-stm32.10.3-2021.10.win32_1.0.0.202111181127/tools/bin/../lib/gcc/arm-none-eabi/10.3.1/../../../../arm-none-eabi/lib/thumb/v7e-m/nofp\libsupc++_nano.a
END GROUP
LOAD d:/st/stm32cubeide_1.9.0/stm32cubeide/plugins/com.st.stm32cube.ide.mcu.externaltools.gnu-tools-for-stm32.10.3-2021.10.win32_1.0.0.202111181127/tools/bin/../lib/gcc/arm-none-eabi/10.3.1/../../../../arm-none-eabi/lib/thumb/v7e-m/nofp\libstdc++_nano.a
LOAD d:/st/stm32cubeide_1.9.0/stm32cubeide/plugins/com.st.stm32cube.ide.mcu.externaltools.gnu-tools-for-stm32.10.3-2021.10.win32_1.0.0.202111181127/tools/bin/../lib/gcc/arm-none-eabi/10.3.1/../../../../arm-none-eabi/lib/thumb/v7e-m/nofp\libm.a
LOAD d:/st/stm32cubeide_1.9.0/stm32cubeide/plugins/com.st.stm32cube.ide.mcu.externaltools.gnu-tools-for-stm32.10.3-2021.10.win32_1.0.0.202111181127/tools/bin/../lib/gcc/arm-none-eabi/10.3.1/../../../../arm-none-eabi/lib/thumb/v7e-m/nofp\libc_nano.a
START GROUP
LOAD d:/st/stm32cubeide_1.9.0/stm32cubeide/plugins/com.st.stm32cube.ide.mcu.externaltools.gnu-tools-for-stm32.10.3-2021.10.win32_1.0.0.202111181127/tools/bin/../lib/gcc/arm-none-eabi/10.3.1/thumb/v7e-m/nofp\libgcc.a
LOAD d:/st/stm32cubeide_1.9.0/stm32cubeide/plugins/com.st.stm32cube.ide.mcu.externaltools.gnu-tools-for-stm32.10.3-2021.10.win32_1.0.0.202111181127/tools/bin/../lib/gcc/arm-none-eabi/10.3.1/../../../../arm-none-eabi/lib/thumb/v7e-m/nofp\libc_nano.a
END GROUP
START GROUP
LOAD d:/st/stm32cubeide_1.9.0/stm32cubeide/plugins/com.st.stm32cube.ide.mcu.externaltools.gnu-tools-for-stm32.10.3-2021.10.win32_1.0.0.202111181127/tools/bin/../lib/gcc/arm-none-eabi/10.3.1/thumb/v7e-m/nofp\libgcc.a
LOAD d:/st/stm32cubeide_1.9.0/stm32cubeide/plugins/com.st.stm32cube.ide.mcu.externaltools.gnu-tools-for-stm32.10.3-2021.10.win32_1.0.0.202111181127/tools/bin/../lib/gcc/arm-none-eabi/10.3.1/../../../../arm-none-eabi/lib/thumb/v7e-m/nofp\libc_nano.a
LOAD d:/st/stm32cubeide_1.9.0/stm32cubeide/plugins/com.st.stm32cube.ide.mcu.externaltools.gnu-tools-for-stm32.10.3-2021.10.win32_1.0.0.202111181127/tools/bin/../lib/gcc/arm-none-eabi/10.3.1/../../../../arm-none-eabi/lib/thumb/v7e-m/nofp\libnosys.a
END GROUP
START GROUP
LOAD d:/st/stm32cubeide_1.9.0/stm32cubeide/plugins/com.st.stm32cube.ide.mcu.externaltools.gnu-tools-for-stm32.10.3-2021.10.win32_1.0.0.202111181127/tools/bin/../lib/gcc/arm-none-eabi/10.3.1/thumb/v7e-m/nofp\libgcc.a
LOAD d:/st/stm32cubeide_1.9.0/stm32cubeide/plugins/com.st.stm32cube.ide.mcu.externaltools.gnu-tools-for-stm32.10.3-2021.10.win32_1.0.0.202111181127/tools/bin/../lib/gcc/arm-none-eabi/10.3.1/../../../../arm-none-eabi/lib/thumb/v7e-m/nofp\libc_nano.a
LOAD d:/st/stm32cubeide_1.9.0/stm32cubeide/plugins/com.st.stm32cube.ide.mcu.externaltools.gnu-tools-for-stm32.10.3-2021.10.win32_1.0.0.202111181127/tools/bin/../lib/gcc/arm-none-eabi/10.3.1/../../../../arm-none-eabi/lib/thumb/v7e-m/nofp\libnosys.a
END GROUP
LOAD d:/st/stm32cubeide_1.9.0/stm32cubeide/plugins/com.st.stm32cube.ide.mcu.externaltools.gnu-tools-for-stm32.10.3-2021.10.win32_1.0.0.202111181127/tools/bin/../lib/gcc/arm-none-eabi/10.3.1/thumb/v7e-m/nofp/crtend.o
LOAD d:/st/stm32cubeide_1.9.0/stm32cubeide/plugins/com.st.stm32cube.ide.mcu.externaltools.gnu-tools-for-stm32.10.3-2021.10.win32_1.0.0.202111181127/tools/bin/../lib/gcc/arm-none-eabi/10.3.1/thumb/v7e-m/nofp/crtn.o
                0x0000000020010000                _estack = (ORIGIN (RAM) + LENGTH (RAM))
                0x0000000000000200                _Min_Heap_Size = 0x200
                0x0000000000000400                _Min_Stack_Size = 0x400

.isr_vector     0x0000000008000000      0x138
                0x0000000008000000                . = ALIGN (0x4)
 *(.isr_vector)
 .isr_vector    0x0000000008000000      0x138 ./Core/Startup/startup_stm32wle5jcix.o
                0x0000000008000000                g_pfnVectors
                0x0000000008000138                . = ALIGN (0x4)

.text           0x0000000008000140     0xbba4
                0x0000000008000140                . = ALIGN (0x4)
 *(.text)
 .text          0x0000000008000140       0x40 d:/st/stm32cubeide_1.9.0/stm32cubeide/plugins/com.st.stm32cube.ide.mcu.externaltools.gnu-tools-for-stm32.10.3-2021.10.win32_1.0.0.202111181127/tools/bin/../lib/gcc/arm-none-eabi/10.3.1/thumb/v7e-m/nofp/crtbegin.o
 .text          0x0000000008000180       0x10 d:/st/stm32cubeide_1.9.0/stm32cubeide/plugins/com.st.stm32cube.ide.mcu.externaltools.gnu-tools-for-stm32.10.3-2021.10.win32_1.0.0.202111181127/tools/bin/../lib/gcc/arm-none-eabi/10.3.1/../../../../arm-none-eabi/lib/thumb/v7e-m/nofp\libc_nano.a(lib_a-strlen.o)
                0x0000000008000180                strlen
 .text          0x0000000008000190       0xa0 d:/st/stm32cubeide_1.9.0/stm32cubeide/plugins/com.st.stm32cube.ide.mcu.externaltools.gnu-tools-for-stm32.10.3-2021.10.win32_1.0.0.202111181127/tools/bin/../lib/gcc/arm-none-eabi/10.3.1/../../../../arm-none-eabi/lib/thumb/v7e-m/nofp\libc_nano.a(lib_a-memchr.o)
                0x0000000008000190                memchr
 .text          0x0000000008000230      0x21c d:/st/stm32cubeide_1.9.0/stm32cubeide/plugins/com.st.stm32cube.ide.mcu.externaltools.gnu-tools-for-stm32.10.3-2021.10.win32_1.0.0.202111181127/tools/bin/../lib/gcc/arm-none-eabi/10.3.1/thumb/v7e-m/nofp\libgcc.a(_arm_addsubsf3.o)
                0x0000000008000230                __aeabi_frsub
                0x0000000008000238                __subsf3
                0x0000000008000238                __aeabi_fsub
                0x000000000800023c                __aeabi_fadd
                0x000000000800023c                __addsf3
                0x000000000800039c                __aeabi_ui2f
                0x000000000800039c                __floatunsisf
                0x00000000080003a4                __aeabi_i2f
                0x00000000080003a4                __floatsisf
                0x00000000080003c0                __aeabi_ul2f
                0x00000000080003c0                __floatundisf
                0x00000000080003d0                __aeabi_l2f
                0x00000000080003d0                __floatdisf
 .text          0x000000000800044c      0x2a0 d:/st/stm32cubeide_1.9.0/stm32cubeide/plugins/com.st.stm32cube.ide.mcu.externaltools.gnu-tools-for-stm32.10.3-2021.10.win32_1.0.0.202111181127/tools/bin/../lib/gcc/arm-none-eabi/10.3.1/thumb/v7e-m/nofp\libgcc.a(_arm_muldivsf3.o)
                0x000000000800044c                __mulsf3
                0x000000000800044c                __aeabi_fmul
                0x00000000080005b4                __aeabi_fdiv
                0x00000000080005b4                __divsf3
 .text          0x00000000080006ec       0xec d:/st/stm32cubeide_1.9.0/stm32cubeide/plugins/com.st.stm32cube.ide.mcu.externaltools.gnu-tools-for-stm32.10.3-2021.10.win32_1.0.0.202111181127/tools/bin/../lib/gcc/arm-none-eabi/10.3.1/thumb/v7e-m/nofp\libgcc.a(_arm_cmpsf2.o)
                0x00000000080006ec                __gesf2
                0x00000000080006ec                __gtsf2
                0x00000000080006f4                __lesf2
                0x00000000080006f4                __ltsf2
                0x00000000080006fc                __nesf2
                0x00000000080006fc                __eqsf2
                0x00000000080006fc                __cmpsf2
                0x000000000800075c                __aeabi_cfrcmple
                0x0000000008000764                __aeabi_cfcmpeq
                0x0000000008000764                __aeabi_cfcmple
                0x0000000008000774                __aeabi_fcmpeq
                0x0000000008000788                __aeabi_fcmplt
                0x000000000800079c                __aeabi_fcmple
                0x00000000080007b0                __aeabi_fcmpge
                0x00000000080007c4                __aeabi_fcmpgt
 .text          0x00000000080007d8       0x2c d:/st/stm32cubeide_1.9.0/stm32cubeide/plugins/com.st.stm32cube.ide.mcu.externaltools.gnu-tools-for-stm32.10.3-2021.10.win32_1.0.0.202111181127/tools/bin/../lib/gcc/arm-none-eabi/10.3.1/thumb/v7e-m/nofp\libgcc.a(_arm_unordsf2.o)
                0x00000000080007d8                __unordsf2
                0x00000000080007d8                __aeabi_fcmpun
 .text          0x0000000008000804       0x4c d:/st/stm32cubeide_1.9.0/stm32cubeide/plugins/com.st.stm32cube.ide.mcu.externaltools.gnu-tools-for-stm32.10.3-2021.10.win32_1.0.0.202111181127/tools/bin/../lib/gcc/arm-none-eabi/10.3.1/thumb/v7e-m/nofp\libgcc.a(_arm_fixsfsi.o)
                0x0000000008000804                __aeabi_f2iz
                0x0000000008000804                __fixsfsi
 .text          0x0000000008000850       0x30 d:/st/stm32cubeide_1.9.0/stm32cubeide/plugins/com.st.stm32cube.ide.mcu.externaltools.gnu-tools-for-stm32.10.3-2021.10.win32_1.0.0.202111181127/tools/bin/../lib/gcc/arm-none-eabi/10.3.1/thumb/v7e-m/nofp\libgcc.a(_aeabi_uldivmod.o)
                0x0000000008000850                __aeabi_uldivmod
 .text          0x0000000008000880      0x2d0 d:/st/stm32cubeide_1.9.0/stm32cubeide/plugins/com.st.stm32cube.ide.mcu.externaltools.gnu-tools-for-stm32.10.3-2021.10.win32_1.0.0.202111181127/tools/bin/../lib/gcc/arm-none-eabi/10.3.1/thumb/v7e-m/nofp\libgcc.a(_udivmoddi4.o)
                0x0000000008000880                __udivmoddi4
 .text          0x0000000008000b50        0x4 d:/st/stm32cubeide_1.9.0/stm32cubeide/plugins/com.st.stm32cube.ide.mcu.externaltools.gnu-tools-for-stm32.10.3-2021.10.win32_1.0.0.202111181127/tools/bin/../lib/gcc/arm-none-eabi/10.3.1/thumb/v7e-m/nofp\libgcc.a(_dvmd_tls.o)
                0x0000000008000b50                __aeabi_idiv0
                0x0000000008000b50                __aeabi_ldiv0
 *(.text*)
 .text._ZN11TimerObjectC2EmPFvvE
                0x0000000008000b54       0x22 ./Core/Fanet/TimerObject.o
                0x0000000008000b54                TimerObject::TimerObject(unsigned long, void (*)())
                0x0000000008000b54                TimerObject::TimerObject(unsigned long, void (*)())
 .text._ZN11TimerObject6CreateEmPFvvEb
                0x0000000008000b76       0x3e ./Core/Fanet/TimerObject.o
                0x0000000008000b76                TimerObject::Create(unsigned long, void (*)(), bool)
 .text._ZN11TimerObject11setIntervalEm
                0x0000000008000bb4       0x1a ./Core/Fanet/TimerObject.o
                0x0000000008000bb4                TimerObject::setInterval(unsigned long)
 .text._ZN11TimerObject10setEnabledEb
                0x0000000008000bce       0x1c ./Core/Fanet/TimerObject.o
                0x0000000008000bce                TimerObject::setEnabled(bool)
 .text._ZN11TimerObject13setSingleShotEb
                0x0000000008000bea       0x1c ./Core/Fanet/TimerObject.o
                0x0000000008000bea                TimerObject::setSingleShot(bool)
 .text._ZN11TimerObject10setOnTimerEPFvvE
                0x0000000008000c06       0x1a ./Core/Fanet/TimerObject.o
                0x0000000008000c06                TimerObject::setOnTimer(void (*)())
 .text._ZN11TimerObject4StopEv
                0x0000000008000c20       0x18 ./Core/Fanet/TimerObject.o
                0x0000000008000c20                TimerObject::Stop()
 .text._ZSt5isnanf
                0x0000000008000c38       0x32 ./Core/Fanet/app.o
                0x0000000008000c38                std::isnan(float)
 .text._ZSt5roundf
                0x0000000008000c6a       0x18 ./Core/Fanet/app.o
                0x0000000008000c6a                std::round(float)
 .text._ZN7MacAddrC2Ev
                0x0000000008000c82       0x20 ./Core/Fanet/app.o
                0x0000000008000c82                MacAddr::MacAddr()
                0x0000000008000c82                MacAddr::MacAddr()
 .text._ZN7MacAddrC2ERKS_
                0x0000000008000ca2       0x26 ./Core/Fanet/app.o
                0x0000000008000ca2                MacAddr::MacAddr(MacAddr const&)
                0x0000000008000ca2                MacAddr::MacAddr(MacAddr const&)
 .text._ZN5FrameC2E7MacAddr
                0x0000000008000cc8       0x5e ./Core/Fanet/app.o
                0x0000000008000cc8                Frame::Frame(MacAddr)
                0x0000000008000cc8                Frame::Frame(MacAddr)
 *fill*         0x0000000008000d26        0x2 
 .text._ZN4FappC2Ev
                0x0000000008000d28       0x20 ./Core/Fanet/app.o
                0x0000000008000d28                Fapp::Fapp()
                0x0000000008000d28                Fapp::Fapp()
 .text._ZN4FappD2Ev
                0x0000000008000d48       0x20 ./Core/Fanet/app.o
                0x0000000008000d48                Fapp::~Fapp()
                0x0000000008000d48                Fapp::~Fapp()
 .text._ZN4FappD0Ev
                0x0000000008000d68       0x20 ./Core/Fanet/app.o
                0x0000000008000d68                Fapp::~Fapp()
 .text._ZN3App20broadcast_successfulEi
                0x0000000008000d88       0x1c ./Core/Fanet/app.o
                0x0000000008000d88                App::broadcast_successful(int)
 .text._ZN3App12handle_ackedEbR7MacAddr
                0x0000000008000da4       0x2e ./Core/Fanet/app.o
                0x0000000008000da4                App::handle_acked(bool, MacAddr&)
 .text._ZN3App12handle_frameEP5Frame
                0x0000000008000dd2       0x28 ./Core/Fanet/app.o
                0x0000000008000dd2                App::handle_frame(Frame*)
 *fill*         0x0000000008000dfa        0x2 
 .text._ZN3App17serializeTrackingERPh
                0x0000000008000dfc      0x388 ./Core/Fanet/app.o
                0x0000000008000dfc                App::serializeTracking(unsigned char*&)
 .text._ZN3App23serializeGroundTrackingERPh
                0x0000000008001184       0x52 ./Core/Fanet/app.o
                0x0000000008001184                App::serializeGroundTracking(unsigned char*&)
 *fill*         0x00000000080011d6        0x2 
 .text._ZN3App18is_broadcast_readyEi
                0x00000000080011d8       0xac ./Core/Fanet/app.o
                0x00000000080011d8                App::is_broadcast_ready(int)
 .text._ZN3App9get_frameEv
                0x0000000008001284       0x8c ./Core/Fanet/app.o
                0x0000000008001284                App::get_frame()
 .text._ZN3AppC2Ev
                0x0000000008001310       0x6c ./Core/Fanet/app.o
                0x0000000008001310                App::App()
                0x0000000008001310                App::App()
 .text._Z9constrainIiERKT_S2_S2_S2_
                0x000000000800137c       0x38 ./Core/Fanet/app.o
                0x000000000800137c                int const& constrain<int>(int const&, int const&, int const&)
 .text._ZN3AppD2Ev
                0x00000000080013b4       0x24 ./Core/Fanet/app.o
                0x00000000080013b4                App::~App()
                0x00000000080013b4                App::~App()
 .text._ZN3AppD0Ev
                0x00000000080013d8       0x20 ./Core/Fanet/app.o
                0x00000000080013d8                App::~App()
 .text._Z41__static_initialization_and_destruction_0ii
                0x00000000080013f8       0x50 ./Core/Fanet/app.o
 .text._GLOBAL__sub_I__ZN3App17serializeTrackingERPh
                0x0000000008001448       0x10 ./Core/Fanet/app.o
 .text._GLOBAL__sub_D__ZN3App17serializeTrackingERPh
                0x0000000008001458       0x10 ./Core/Fanet/app.o
 .text._ZN11TimerObjectD2Ev
                0x0000000008001468       0x18 ./Core/Fanet/fmac.o
                0x0000000008001468                TimerObject::~TimerObject()
                0x0000000008001468                TimerObject::~TimerObject()
 .text._ZNK7MacAddreqERKS_
                0x0000000008001480       0x32 ./Core/Fanet/fmac.o
                0x0000000008001480                MacAddr::operator==(MacAddr const&) const
 .text._ZNK7MacAddrneERKS_
                0x00000000080014b2       0x32 ./Core/Fanet/fmac.o
                0x00000000080014b2                MacAddr::operator!=(MacAddr const&) const
 .text._ZN5FrameD2Ev
                0x00000000080014e4       0x24 ./Core/Fanet/fmac.o
                0x00000000080014e4                Frame::~Frame()
                0x00000000080014e4                Frame::~Frame()
 .text._ZN12NeighborNodeC2E7MacAddrb
                0x0000000008001508       0x34 ./Core/Fanet/fmac.o
                0x0000000008001508                NeighborNode::NeighborNode(MacAddr, bool)
                0x0000000008001508                NeighborNode::NeighborNode(MacAddr, bool)
 .text._ZN12NeighborNode4seenEv
                0x000000000800153c       0x1a ./Core/Fanet/fmac.o
                0x000000000800153c                NeighborNode::seen()
 .text._ZN12NeighborNode8isAroundEv
                0x0000000008001556       0x2a ./Core/Fanet/fmac.o
                0x0000000008001556                NeighborNode::isAround()
 .text._ZN7MacFifo4sizeEv
                0x0000000008001580       0x1a ./Core/Fanet/fmac.o
                0x0000000008001580                MacFifo::size()
 .text._ZN7MacFifoC2Ev
                0x000000000800159a       0x1a ./Core/Fanet/fmac.o
                0x000000000800159a                MacFifo::MacFifo()
                0x000000000800159a                MacFifo::MacFifo()
 .text._ZN7MacFifoD2Ev
                0x00000000080015b4       0x1a ./Core/Fanet/fmac.o
                0x00000000080015b4                MacFifo::~MacFifo()
                0x00000000080015b4                MacFifo::~MacFifo()
 *fill*         0x00000000080015ce        0x2 
 .text._ZN8FanetMacC2Ev
                0x00000000080015d0       0x78 ./Core/Fanet/fmac.o
                0x00000000080015d0                FanetMac::FanetMac()
                0x00000000080015d0                FanetMac::FanetMac()
 .text._ZN8FanetMacD2Ev
                0x0000000008001648       0x38 ./Core/Fanet/fmac.o
                0x0000000008001648                FanetMac::~FanetMac()
                0x0000000008001648                FanetMac::~FanetMac()
 .text._ZN7MacFifo10get_nexttxEv
                0x0000000008001680       0xa0 ./Core/Fanet/fmac.o
                0x0000000008001680                MacFifo::get_nexttx()
 .text._ZN7MacFifo13frame_in_listEP5Frame
                0x0000000008001720       0x7a ./Core/Fanet/fmac.o
                0x0000000008001720                MacFifo::frame_in_list(Frame*)
 .text._ZN7MacFifo5frontEv
                0x000000000800179a       0x34 ./Core/Fanet/fmac.o
                0x000000000800179a                MacFifo::front()
 *fill*         0x00000000080017ce        0x2 
 .text._ZN7MacFifo3addEP5Frame
                0x00000000080017d0      0x108 ./Core/Fanet/fmac.o
                0x00000000080017d0                MacFifo::add(Frame*)
 .text._ZN7MacFifo13remove_deleteEP5Frame
                0x00000000080018d8       0xa0 ./Core/Fanet/fmac.o
                0x00000000080018d8                MacFifo::remove_delete(Frame*)
 .text._ZN7MacFifo25remove_delete_acked_frameE7MacAddr
                0x0000000008001978       0xa8 ./Core/Fanet/fmac.o
                0x0000000008001978                MacFifo::remove_delete_acked_frame(MacAddr)
 .text._ZN8FanetMac12stateWrapperEv
                0x0000000008001a20       0x18 ./Core/Fanet/fmac.o
                0x0000000008001a20                FanetMac::stateWrapper()
 .text._ZN8FanetMac10isNeighborE7MacAddr
                0x0000000008001a38       0x5e ./Core/Fanet/fmac.o
                0x0000000008001a38                FanetMac::isNeighbor(MacAddr)
 .text._ZN8FanetMac3ackEP5Frame
                0x0000000008001a96       0x9c ./Core/Fanet/fmac.o
                0x0000000008001a96                FanetMac::ack(Frame*)
 .text._ZN8FanetMac8handleRxEv
                0x0000000008001b32      0x3ca ./Core/Fanet/fmac.o
                0x0000000008001b32                FanetMac::handleRx()
 .text._ZN8FanetMac8handleTxEv
                0x0000000008001efc      0x388 ./Core/Fanet/fmac.o
                0x0000000008001efc                FanetMac::handleTx()
 .text._ZN10LinkedListIP5FrameE4sizeEv
                0x0000000008002284       0x16 ./Core/Fanet/fmac.o
                0x0000000008002284                LinkedList<Frame*>::size()
 *fill*         0x000000000800229a        0x2 
 .text._ZN10LinkedListIP5FrameEC2Ev
                0x000000000800229c       0x44 ./Core/Fanet/fmac.o
                0x000000000800229c                LinkedList<Frame*>::LinkedList()
                0x000000000800229c                LinkedList<Frame*>::LinkedList()
 .text._ZN10LinkedListIP5FrameED2Ev
                0x00000000080022e0       0x58 ./Core/Fanet/fmac.o
                0x00000000080022e0                LinkedList<Frame*>::~LinkedList()
                0x00000000080022e0                LinkedList<Frame*>::~LinkedList()
 .text._ZN10LinkedListIP12NeighborNodeEC2Ev
                0x0000000008002338       0x44 ./Core/Fanet/fmac.o
                0x0000000008002338                LinkedList<NeighborNode*>::LinkedList()
                0x0000000008002338                LinkedList<NeighborNode*>::LinkedList()
 .text._ZN10LinkedListIP12NeighborNodeED2Ev
                0x000000000800237c       0x58 ./Core/Fanet/fmac.o
                0x000000000800237c                LinkedList<NeighborNode*>::~LinkedList()
                0x000000000800237c                LinkedList<NeighborNode*>::~LinkedList()
 .text._ZN10LinkedListIP12NeighborNodeE4sizeEv
                0x00000000080023d4       0x16 ./Core/Fanet/fmac.o
                0x00000000080023d4                LinkedList<NeighborNode*>::size()
 .text._ZN10LinkedListIP5FrameE3getEi
                0x00000000080023ea       0x2a ./Core/Fanet/fmac.o
                0x00000000080023ea                LinkedList<Frame*>::get(int)
 .text._ZN10LinkedListIP5FrameE5shiftEv
                0x0000000008002414       0x6e ./Core/Fanet/fmac.o
                0x0000000008002414                LinkedList<Frame*>::shift()
 .text._ZN10LinkedListIP5FrameE7unshiftES1_
                0x0000000008002482       0x64 ./Core/Fanet/fmac.o
                0x0000000008002482                LinkedList<Frame*>::unshift(Frame*)
 .text._ZN10LinkedListIP5FrameE3addES1_
                0x00000000080024e6       0x66 ./Core/Fanet/fmac.o
                0x00000000080024e6                LinkedList<Frame*>::add(Frame*)
 .text._ZN10LinkedListIP5FrameE6removeEi
                0x000000000800254c       0x9c ./Core/Fanet/fmac.o
                0x000000000800254c                LinkedList<Frame*>::remove(int)
 .text._ZN10LinkedListIP12NeighborNodeE3getEi
                0x00000000080025e8       0x2a ./Core/Fanet/fmac.o
                0x00000000080025e8                LinkedList<NeighborNode*>::get(int)
 .text._ZN10LinkedListIP12NeighborNodeE6removeEi
                0x0000000008002612       0x9c ./Core/Fanet/fmac.o
                0x0000000008002612                LinkedList<NeighborNode*>::remove(int)
 .text._ZN10LinkedListIP12NeighborNodeE5shiftEv
                0x00000000080026ae       0x6e ./Core/Fanet/fmac.o
                0x00000000080026ae                LinkedList<NeighborNode*>::shift()
 .text._ZN10LinkedListIP12NeighborNodeE3addES1_
                0x000000000800271c       0x66 ./Core/Fanet/fmac.o
                0x000000000800271c                LinkedList<NeighborNode*>::add(NeighborNode*)
 .text._ZN10LinkedListIP5FrameE7getNodeEi
                0x0000000008002782       0x78 ./Core/Fanet/fmac.o
                0x0000000008002782                LinkedList<Frame*>::getNode(int)
 .text._ZN10LinkedListIP5FrameE3popEv
                0x00000000080027fa       0x98 ./Core/Fanet/fmac.o
                0x00000000080027fa                LinkedList<Frame*>::pop()
 .text._ZN10LinkedListIP12NeighborNodeE7getNodeEi
                0x0000000008002892       0x78 ./Core/Fanet/fmac.o
                0x0000000008002892                LinkedList<NeighborNode*>::getNode(int)
 .text._ZN10LinkedListIP12NeighborNodeE3popEv
                0x000000000800290a       0x98 ./Core/Fanet/fmac.o
                0x000000000800290a                LinkedList<NeighborNode*>::pop()
 *fill*         0x00000000080029a2        0x2 
 .text._Z41__static_initialization_and_destruction_0ii
                0x00000000080029a4       0x44 ./Core/Fanet/fmac.o
 .text._ZN10LinkedListIP12NeighborNodeE3addEiS1_
                0x00000000080029e8       0x8e ./Core/Fanet/fmac.o
                0x00000000080029e8                LinkedList<NeighborNode*>::add(int, NeighborNode*)
 .text._ZN10LinkedListIP12NeighborNodeE7unshiftES1_
                0x0000000008002a76       0x64 ./Core/Fanet/fmac.o
                0x0000000008002a76                LinkedList<NeighborNode*>::unshift(NeighborNode*)
 .text._ZN10LinkedListIP12NeighborNodeE3setEiS1_
                0x0000000008002ada       0x38 ./Core/Fanet/fmac.o
                0x0000000008002ada                LinkedList<NeighborNode*>::set(int, NeighborNode*)
 .text._ZN10LinkedListIP12NeighborNodeE5clearEv
                0x0000000008002b12       0x38 ./Core/Fanet/fmac.o
                0x0000000008002b12                LinkedList<NeighborNode*>::clear()
 .text._ZN10LinkedListIP12NeighborNodeE4sortEPFiRS1_S3_E
                0x0000000008002b4a      0x120 ./Core/Fanet/fmac.o
                0x0000000008002b4a                LinkedList<NeighborNode*>::sort(int (*)(NeighborNode*&, NeighborNode*&))
 .text._ZN10LinkedListIP5FrameE3addEiS1_
                0x0000000008002c6a       0x8e ./Core/Fanet/fmac.o
                0x0000000008002c6a                LinkedList<Frame*>::add(int, Frame*)
 .text._ZN10LinkedListIP5FrameE3setEiS1_
                0x0000000008002cf8       0x38 ./Core/Fanet/fmac.o
                0x0000000008002cf8                LinkedList<Frame*>::set(int, Frame*)
 .text._ZN10LinkedListIP5FrameE5clearEv
                0x0000000008002d30       0x38 ./Core/Fanet/fmac.o
                0x0000000008002d30                LinkedList<Frame*>::clear()
 .text._ZN10LinkedListIP5FrameE4sortEPFiRS1_S3_E
                0x0000000008002d68      0x120 ./Core/Fanet/fmac.o
                0x0000000008002d68                LinkedList<Frame*>::sort(int (*)(Frame*&, Frame*&))
 .text._ZN10LinkedListIP12NeighborNodeE21findEndOfSortedStringEP8ListNodeIS1_EPFiRS1_S6_E
                0x0000000008002e88       0x44 ./Core/Fanet/fmac.o
                0x0000000008002e88                LinkedList<NeighborNode*>::findEndOfSortedString(ListNode<NeighborNode*>*, int (*)(NeighborNode*&, NeighborNode*&))
 .text._ZN10LinkedListIP5FrameE21findEndOfSortedStringEP8ListNodeIS1_EPFiRS1_S6_E
                0x0000000008002ecc       0x44 ./Core/Fanet/fmac.o
                0x0000000008002ecc                LinkedList<Frame*>::findEndOfSortedString(ListNode<Frame*>*, int (*)(Frame*&, Frame*&))
 .text._GLOBAL__sub_I__ZN7MacFifo10get_nexttxEv
                0x0000000008002f10       0x10 ./Core/Fanet/fmac.o
 .text._GLOBAL__sub_D__ZN7MacFifo10get_nexttxEv
                0x0000000008002f20       0x10 ./Core/Fanet/fmac.o
 .text._ZN5Frame21coord2payload_absolutEffPh
                0x0000000008002f30       0x94 ./Core/Fanet/frame.o
                0x0000000008002f30                Frame::coord2payload_absolut(float, float, unsigned char*)
 .text._ZN5Frame9serializeERPh
                0x0000000008002fc4      0x29a ./Core/Fanet/frame.o
                0x0000000008002fc4                Frame::serialize(unsigned char*&)
 .text._ZNK5FrameeqERKS_
                0x000000000800325e       0x98 ./Core/Fanet/frame.o
                0x000000000800325e                Frame::operator==(Frame const&) const
 .text._Z8random_ui
                0x00000000080032f6       0x2e ./Core/Fanet/random.o
                0x00000000080032f6                random_u(int)
 .text._Z6randomii
                0x0000000008003324       0x32 ./Core/Fanet/random.o
                0x0000000008003324                random(int, int)
 .text._ZN16Serial_InterfaceC2Ev
                0x0000000008003356       0x20 ./Core/Fanet/serial_interface.o
                0x0000000008003356                Serial_Interface::Serial_Interface()
                0x0000000008003356                Serial_Interface::Serial_Interface()
 *fill*         0x0000000008003376        0x2 
 .text._ZN16Serial_Interface12handle_ackedEbR7MacAddr
                0x0000000008003378       0x60 ./Core/Fanet/serial_interface.o
                0x0000000008003378                Serial_Interface::handle_acked(bool, MacAddr&)
 .text._ZN16Serial_Interface12handle_frameEP5Frame
                0x00000000080033d8       0xd8 ./Core/Fanet/serial_interface.o
                0x00000000080033d8                Serial_Interface::handle_frame(Frame*)
 .text._ZN16Serial_Interface5printEPc
                0x00000000080034b0       0x66 ./Core/Fanet/serial_interface.o
                0x00000000080034b0                Serial_Interface::print(char*)
 *fill*         0x0000000008003516        0x2 
 .text._Z41__static_initialization_and_destruction_0ii
                0x0000000008003518       0x2c ./Core/Fanet/serial_interface.o
 .text._GLOBAL__sub_I__ZN16Serial_Interface15fanet_cmd_stateEPc
                0x0000000008003544       0x10 ./Core/Fanet/serial_interface.o
 .text.sx1272_get_airlimit
                0x0000000008003554       0x10 ./Core/Fanet/sx1272.o
                0x0000000008003554                sx1272_get_airlimit
 .text.sx1272_isArmed
                0x0000000008003564        0xe ./Core/Fanet/sx1272.o
                0x0000000008003564                sx1272_isArmed
 .text.sx1272_sendFrame
                0x0000000008003572       0x1a ./Core/Fanet/sx1272.o
                0x0000000008003572                sx1272_sendFrame
 .text.LL_AHB2_GRP1_EnableClock
                0x000000000800358c       0x30 ./Core/Src/main.o
 .text.main     0x00000000080035bc       0x22 ./Core/Src/main.o
                0x00000000080035bc                main
 *fill*         0x00000000080035de        0x2 
 .text.SystemClock_Config
                0x00000000080035e0       0xa4 ./Core/Src/main.o
                0x00000000080035e0                SystemClock_Config
 .text.MX_SUBGHZ_Init
                0x0000000008003684       0x24 ./Core/Src/main.o
                0x0000000008003684                MX_SUBGHZ_Init
 .text.MX_USART1_UART_Init
                0x00000000080036a8       0x98 ./Core/Src/main.o
 .text.MX_GPIO_Init
                0x0000000008003740        0xe ./Core/Src/main.o
 .text.Error_Handler
                0x000000000800374e        0xa ./Core/Src/main.o
                0x000000000800374e                Error_Handler
 .text.LL_AHB2_GRP1_EnableClock
                0x0000000008003758       0x30 ./Core/Src/stm32wlxx_hal_msp.o
 .text.LL_APB2_GRP1_EnableClock
                0x0000000008003788       0x30 ./Core/Src/stm32wlxx_hal_msp.o
 .text.LL_APB3_GRP1_EnableClock
                0x00000000080037b8       0x30 ./Core/Src/stm32wlxx_hal_msp.o
 .text.HAL_MspInit
                0x00000000080037e8        0xc ./Core/Src/stm32wlxx_hal_msp.o
                0x00000000080037e8                HAL_MspInit
 .text.HAL_SUBGHZ_MspInit
                0x00000000080037f4       0x16 ./Core/Src/stm32wlxx_hal_msp.o
                0x00000000080037f4                HAL_SUBGHZ_MspInit
 *fill*         0x000000000800380a        0x2 
 .text.HAL_UART_MspInit
                0x000000000800380c       0x8c ./Core/Src/stm32wlxx_hal_msp.o
                0x000000000800380c                HAL_UART_MspInit
 .text.NMI_Handler
                0x0000000008003898        0x6 ./Core/Src/stm32wlxx_it.o
                0x0000000008003898                NMI_Handler
 .text.HardFault_Handler
                0x000000000800389e        0x6 ./Core/Src/stm32wlxx_it.o
                0x000000000800389e                HardFault_Handler
 .text.MemManage_Handler
                0x00000000080038a4        0x6 ./Core/Src/stm32wlxx_it.o
                0x00000000080038a4                MemManage_Handler
 .text.BusFault_Handler
                0x00000000080038aa        0x6 ./Core/Src/stm32wlxx_it.o
                0x00000000080038aa                BusFault_Handler
 .text.UsageFault_Handler
                0x00000000080038b0        0x6 ./Core/Src/stm32wlxx_it.o
                0x00000000080038b0                UsageFault_Handler
 .text.SVC_Handler
                0x00000000080038b6        0xc ./Core/Src/stm32wlxx_it.o
                0x00000000080038b6                SVC_Handler
 .text.DebugMon_Handler
                0x00000000080038c2        0xc ./Core/Src/stm32wlxx_it.o
                0x00000000080038c2                DebugMon_Handler
 .text.PendSV_Handler
                0x00000000080038ce        0xc ./Core/Src/stm32wlxx_it.o
                0x00000000080038ce                PendSV_Handler
 .text.SysTick_Handler
                0x00000000080038da        0xc ./Core/Src/stm32wlxx_it.o
                0x00000000080038da                SysTick_Handler
 .text.SystemApp_Init
                0x00000000080038e6        0xc ./Core/Src/sys_app.o
                0x00000000080038e6                SystemApp_Init
 *fill*         0x00000000080038f2        0x2 
 .text.HAL_GetTick
                0x00000000080038f4       0x28 ./Core/Src/sys_app.o
                0x00000000080038f4                HAL_GetTick
 .text.HAL_Delay
                0x000000000800391c       0x18 ./Core/Src/sys_app.o
                0x000000000800391c                HAL_Delay
 .text._getpid  0x0000000008003934        0xe ./Core/Src/syscalls.o
                0x0000000008003934                _getpid
 .text._kill    0x0000000008003942       0x20 ./Core/Src/syscalls.o
                0x0000000008003942                _kill
 .text._exit    0x0000000008003962       0x14 ./Core/Src/syscalls.o
                0x0000000008003962                _exit
 .text._read    0x0000000008003976       0x3a ./Core/Src/syscalls.o
                0x0000000008003976                _read
 .text._write   0x00000000080039b0       0x38 ./Core/Src/syscalls.o
                0x00000000080039b0                _write
 .text._close   0x00000000080039e8       0x16 ./Core/Src/syscalls.o
                0x00000000080039e8                _close
 .text._fstat   0x00000000080039fe       0x1e ./Core/Src/syscalls.o
                0x00000000080039fe                _fstat
 .text._isatty  0x0000000008003a1c       0x14 ./Core/Src/syscalls.o
                0x0000000008003a1c                _isatty
 .text._lseek   0x0000000008003a30       0x18 ./Core/Src/syscalls.o
                0x0000000008003a30                _lseek
 .text._sbrk    0x0000000008003a48       0x6c ./Core/Src/sysmem.o
                0x0000000008003a48                _sbrk
 .text.SystemInit
                0x0000000008003ab4        0xc ./Core/Src/system_stm32wlxx.o
                0x0000000008003ab4                SystemInit
 .text.TIMER_IF_Init
                0x0000000008003ac0       0x16 ./Core/Src/timer_if.o
                0x0000000008003ac0                TIMER_IF_Init
 .text.TIMER_IF_StartTimer
                0x0000000008003ad6       0x18 ./Core/Src/timer_if.o
                0x0000000008003ad6                TIMER_IF_StartTimer
 .text.TIMER_IF_StopTimer
                0x0000000008003aee       0x16 ./Core/Src/timer_if.o
                0x0000000008003aee                TIMER_IF_StopTimer
 .text.TIMER_IF_SetTimerContext
                0x0000000008003b04       0x14 ./Core/Src/timer_if.o
                0x0000000008003b04                TIMER_IF_SetTimerContext
 .text.TIMER_IF_GetTimerContext
                0x0000000008003b18       0x14 ./Core/Src/timer_if.o
                0x0000000008003b18                TIMER_IF_GetTimerContext
 .text.TIMER_IF_GetTimerElapsedTime
                0x0000000008003b2c       0x16 ./Core/Src/timer_if.o
                0x0000000008003b2c                TIMER_IF_GetTimerElapsedTime
 .text.TIMER_IF_GetTimerValue
                0x0000000008003b42       0x16 ./Core/Src/timer_if.o
                0x0000000008003b42                TIMER_IF_GetTimerValue
 .text.TIMER_IF_GetMinimumTimeout
                0x0000000008003b58       0x16 ./Core/Src/timer_if.o
                0x0000000008003b58                TIMER_IF_GetMinimumTimeout
 .text.TIMER_IF_Convert_ms2Tick
                0x0000000008003b6e       0x18 ./Core/Src/timer_if.o
                0x0000000008003b6e                TIMER_IF_Convert_ms2Tick
 .text.TIMER_IF_Convert_Tick2ms
                0x0000000008003b86       0x18 ./Core/Src/timer_if.o
                0x0000000008003b86                TIMER_IF_Convert_Tick2ms
 .text.TIMER_IF_DelayMs
                0x0000000008003b9e       0x12 ./Core/Src/timer_if.o
                0x0000000008003b9e                TIMER_IF_DelayMs
 .text.Reset_Handler
                0x0000000008003bb0       0x50 ./Core/Startup/startup_stm32wle5jcix.o
                0x0000000008003bb0                Reset_Handler
 .text.Default_Handler
                0x0000000008003c00        0x2 ./Core/Startup/startup_stm32wle5jcix.o
                0x0000000008003c00                RTC_Alarm_IRQHandler
                0x0000000008003c00                EXTI2_IRQHandler
                0x0000000008003c00                TIM1_CC_IRQHandler
                0x0000000008003c00                EXTI3_IRQHandler
                0x0000000008003c00                LPTIM2_IRQHandler
                0x0000000008003c00                I2C3_ER_IRQHandler
                0x0000000008003c00                LPTIM3_IRQHandler
                0x0000000008003c00                EXTI0_IRQHandler
                0x0000000008003c00                I2C2_EV_IRQHandler
                0x0000000008003c00                TAMP_STAMP_LSECSS_SSRU_IRQHandler
                0x0000000008003c00                SPI1_IRQHandler
                0x0000000008003c00                DMA2_Channel2_IRQHandler
                0x0000000008003c00                DMA1_Channel4_IRQHandler
                0x0000000008003c00                PKA_IRQHandler
                0x0000000008003c00                TIM17_IRQHandler
                0x0000000008003c00                DMA1_Channel7_IRQHandler
                0x0000000008003c00                SUBGHZSPI_IRQHandler
                0x0000000008003c00                DMA2_Channel1_IRQHandler
                0x0000000008003c00                I2C1_EV_IRQHandler
                0x0000000008003c00                SUBGHZ_Radio_IRQHandler
                0x0000000008003c00                DMAMUX1_OVR_IRQHandler
                0x0000000008003c00                DMA1_Channel6_IRQHandler
                0x0000000008003c00                TIM16_IRQHandler
                0x0000000008003c00                DMA2_Channel4_IRQHandler
                0x0000000008003c00                RCC_IRQHandler
                0x0000000008003c00                TIM1_TRG_COM_IRQHandler
                0x0000000008003c00                DMA1_Channel1_IRQHandler
                0x0000000008003c00                Default_Handler
                0x0000000008003c00                DMA2_Channel7_IRQHandler
                0x0000000008003c00                EXTI15_10_IRQHandler
                0x0000000008003c00                ADC_IRQHandler
                0x0000000008003c00                I2C3_EV_IRQHandler
                0x0000000008003c00                EXTI9_5_IRQHandler
                0x0000000008003c00                RTC_WKUP_IRQHandler
                0x0000000008003c00                PVD_PVM_IRQHandler
                0x0000000008003c00                SPI2_IRQHandler
                0x0000000008003c00                DMA2_Channel5_IRQHandler
                0x0000000008003c00                DMA1_Channel5_IRQHandler
                0x0000000008003c00                EXTI4_IRQHandler
                0x0000000008003c00                RNG_IRQHandler
                0x0000000008003c00                DMA1_Channel3_IRQHandler
                0x0000000008003c00                COMP_IRQHandler
                0x0000000008003c00                HSEM_IRQHandler
                0x0000000008003c00                TIM1_UP_IRQHandler
                0x0000000008003c00                WWDG_IRQHandler
                0x0000000008003c00                LPUART1_IRQHandler
                0x0000000008003c00                DMA2_Channel6_IRQHandler
                0x0000000008003c00                TIM2_IRQHandler
                0x0000000008003c00                TIM1_BRK_IRQHandler
                0x0000000008003c00                DAC_IRQHandler
                0x0000000008003c00                EXTI1_IRQHandler
                0x0000000008003c00                AES_IRQHandler
                0x0000000008003c00                USART2_IRQHandler
                0x0000000008003c00                I2C2_ER_IRQHandler
                0x0000000008003c00                DMA1_Channel2_IRQHandler
                0x0000000008003c00                FLASH_IRQHandler
                0x0000000008003c00                USART1_IRQHandler
                0x0000000008003c00                I2C1_ER_IRQHandler
                0x0000000008003c00                LPTIM1_IRQHandler
                0x0000000008003c00                DMA2_Channel3_IRQHandler
 *fill*         0x0000000008003c02        0x2 
 .text.HAL_Init
                0x0000000008003c04       0x40 ./Drivers/STM32WLxx_HAL_Driver/Src/stm32wlxx_hal.o
                0x0000000008003c04                HAL_Init
 .text.HAL_InitTick
                0x0000000008003c44       0x74 ./Drivers/STM32WLxx_HAL_Driver/Src/stm32wlxx_hal.o
                0x0000000008003c44                HAL_InitTick
 .text.HAL_IncTick
                0x0000000008003cb8       0x24 ./Drivers/STM32WLxx_HAL_Driver/Src/stm32wlxx_hal.o
                0x0000000008003cb8                HAL_IncTick
 .text.__NVIC_SetPriorityGrouping
                0x0000000008003cdc       0x48 ./Drivers/STM32WLxx_HAL_Driver/Src/stm32wlxx_hal_cortex.o
 .text.__NVIC_GetPriorityGrouping
                0x0000000008003d24       0x1c ./Drivers/STM32WLxx_HAL_Driver/Src/stm32wlxx_hal_cortex.o
 .text.__NVIC_SetPriority
                0x0000000008003d40       0x54 ./Drivers/STM32WLxx_HAL_Driver/Src/stm32wlxx_hal_cortex.o
 .text.NVIC_EncodePriority
                0x0000000008003d94       0x64 ./Drivers/STM32WLxx_HAL_Driver/Src/stm32wlxx_hal_cortex.o
 .text.SysTick_Config
                0x0000000008003df8       0x44 ./Drivers/STM32WLxx_HAL_Driver/Src/stm32wlxx_hal_cortex.o
 .text.HAL_NVIC_SetPriorityGrouping
                0x0000000008003e3c       0x16 ./Drivers/STM32WLxx_HAL_Driver/Src/stm32wlxx_hal_cortex.o
                0x0000000008003e3c                HAL_NVIC_SetPriorityGrouping
 .text.HAL_NVIC_SetPriority
                0x0000000008003e52       0x34 ./Drivers/STM32WLxx_HAL_Driver/Src/stm32wlxx_hal_cortex.o
                0x0000000008003e52                HAL_NVIC_SetPriority
 .text.HAL_SYSTICK_Config
                0x0000000008003e86       0x18 ./Drivers/STM32WLxx_HAL_Driver/Src/stm32wlxx_hal_cortex.o
                0x0000000008003e86                HAL_SYSTICK_Config
 *fill*         0x0000000008003e9e        0x2 
 .text.HAL_GPIO_Init
                0x0000000008003ea0      0x2c0 ./Drivers/STM32WLxx_HAL_Driver/Src/stm32wlxx_hal_gpio.o
                0x0000000008003ea0                HAL_GPIO_Init
 .text.HAL_PWR_EnableBkUpAccess
                0x0000000008004160       0x1c ./Drivers/STM32WLxx_HAL_Driver/Src/stm32wlxx_hal_pwr.o
                0x0000000008004160                HAL_PWR_EnableBkUpAccess
 .text.HAL_PWREx_GetVoltageRange
                0x000000000800417c       0x18 ./Drivers/STM32WLxx_HAL_Driver/Src/stm32wlxx_hal_pwr_ex.o
                0x000000000800417c                HAL_PWREx_GetVoltageRange
 .text.LL_PWR_IsEnabledBkUpAccess
                0x0000000008004194       0x24 ./Drivers/STM32WLxx_HAL_Driver/Src/stm32wlxx_hal_rcc.o
 .text.LL_RCC_HSE_EnableTcxo
                0x00000000080041b8       0x1c ./Drivers/STM32WLxx_HAL_Driver/Src/stm32wlxx_hal_rcc.o
 .text.LL_RCC_HSE_DisableTcxo
                0x00000000080041d4       0x1c ./Drivers/STM32WLxx_HAL_Driver/Src/stm32wlxx_hal_rcc.o
 .text.LL_RCC_HSE_IsEnabledDiv2
                0x00000000080041f0       0x22 ./Drivers/STM32WLxx_HAL_Driver/Src/stm32wlxx_hal_rcc.o
 .text.LL_RCC_HSE_Enable
                0x0000000008004212       0x1c ./Drivers/STM32WLxx_HAL_Driver/Src/stm32wlxx_hal_rcc.o
 .text.LL_RCC_HSE_Disable
                0x000000000800422e       0x1c ./Drivers/STM32WLxx_HAL_Driver/Src/stm32wlxx_hal_rcc.o
 .text.LL_RCC_HSE_IsReady
                0x000000000800424a       0x22 ./Drivers/STM32WLxx_HAL_Driver/Src/stm32wlxx_hal_rcc.o
 .text.LL_RCC_HSI_Enable
                0x000000000800426c       0x1c ./Drivers/STM32WLxx_HAL_Driver/Src/stm32wlxx_hal_rcc.o
 .text.LL_RCC_HSI_Disable
                0x0000000008004288       0x1c ./Drivers/STM32WLxx_HAL_Driver/Src/stm32wlxx_hal_rcc.o
 .text.LL_RCC_HSI_IsReady
                0x00000000080042a4       0x22 ./Drivers/STM32WLxx_HAL_Driver/Src/stm32wlxx_hal_rcc.o
 .text.LL_RCC_HSI_SetCalibTrimming
                0x00000000080042c6       0x28 ./Drivers/STM32WLxx_HAL_Driver/Src/stm32wlxx_hal_rcc.o
 .text.LL_RCC_LSE_IsReady
                0x00000000080042ee       0x22 ./Drivers/STM32WLxx_HAL_Driver/Src/stm32wlxx_hal_rcc.o
 .text.LL_RCC_LSI_Enable
                0x0000000008004310       0x20 ./Drivers/STM32WLxx_HAL_Driver/Src/stm32wlxx_hal_rcc.o
 .text.LL_RCC_LSI_Disable
                0x0000000008004330       0x20 ./Drivers/STM32WLxx_HAL_Driver/Src/stm32wlxx_hal_rcc.o
 .text.LL_RCC_LSI_IsReady
                0x0000000008004350       0x22 ./Drivers/STM32WLxx_HAL_Driver/Src/stm32wlxx_hal_rcc.o
 .text.LL_RCC_MSI_Enable
                0x0000000008004372       0x1c ./Drivers/STM32WLxx_HAL_Driver/Src/stm32wlxx_hal_rcc.o
 .text.LL_RCC_MSI_Disable
                0x000000000800438e       0x1c ./Drivers/STM32WLxx_HAL_Driver/Src/stm32wlxx_hal_rcc.o
 .text.LL_RCC_MSI_IsReady
                0x00000000080043aa       0x20 ./Drivers/STM32WLxx_HAL_Driver/Src/stm32wlxx_hal_rcc.o
 .text.LL_RCC_MSI_IsEnabledRangeSelect
                0x00000000080043ca       0x20 ./Drivers/STM32WLxx_HAL_Driver/Src/stm32wlxx_hal_rcc.o
 .text.LL_RCC_MSI_GetRange
                0x00000000080043ea       0x16 ./Drivers/STM32WLxx_HAL_Driver/Src/stm32wlxx_hal_rcc.o
 .text.LL_RCC_MSI_GetRangeAfterStandby
                0x0000000008004400       0x18 ./Drivers/STM32WLxx_HAL_Driver/Src/stm32wlxx_hal_rcc.o
 .text.LL_RCC_MSI_SetCalibTrimming
                0x0000000008004418       0x28 ./Drivers/STM32WLxx_HAL_Driver/Src/stm32wlxx_hal_rcc.o
 .text.LL_RCC_SetSysClkSource
                0x0000000008004440       0x26 ./Drivers/STM32WLxx_HAL_Driver/Src/stm32wlxx_hal_rcc.o
 .text.LL_RCC_GetSysClkSource
                0x0000000008004466       0x16 ./Drivers/STM32WLxx_HAL_Driver/Src/stm32wlxx_hal_rcc.o
 .text.LL_RCC_SetAHBPrescaler
                0x000000000800447c       0x26 ./Drivers/STM32WLxx_HAL_Driver/Src/stm32wlxx_hal_rcc.o
 .text.LL_RCC_SetAHB3Prescaler
                0x00000000080044a2       0x2c ./Drivers/STM32WLxx_HAL_Driver/Src/stm32wlxx_hal_rcc.o
 .text.LL_RCC_SetAPB1Prescaler
                0x00000000080044ce       0x26 ./Drivers/STM32WLxx_HAL_Driver/Src/stm32wlxx_hal_rcc.o
 .text.LL_RCC_SetAPB2Prescaler
                0x00000000080044f4       0x26 ./Drivers/STM32WLxx_HAL_Driver/Src/stm32wlxx_hal_rcc.o
 .text.LL_RCC_GetAHBPrescaler
                0x000000000800451a       0x16 ./Drivers/STM32WLxx_HAL_Driver/Src/stm32wlxx_hal_rcc.o
 .text.LL_RCC_GetAHB3Prescaler
                0x0000000008004530       0x1a ./Drivers/STM32WLxx_HAL_Driver/Src/stm32wlxx_hal_rcc.o
 .text.LL_RCC_GetAPB1Prescaler
                0x000000000800454a       0x16 ./Drivers/STM32WLxx_HAL_Driver/Src/stm32wlxx_hal_rcc.o
 .text.LL_RCC_GetAPB2Prescaler
                0x0000000008004560       0x16 ./Drivers/STM32WLxx_HAL_Driver/Src/stm32wlxx_hal_rcc.o
 .text.LL_RCC_PLL_Enable
                0x0000000008004576       0x1c ./Drivers/STM32WLxx_HAL_Driver/Src/stm32wlxx_hal_rcc.o
 .text.LL_RCC_PLL_Disable
                0x0000000008004592       0x1c ./Drivers/STM32WLxx_HAL_Driver/Src/stm32wlxx_hal_rcc.o
 .text.LL_RCC_PLL_IsReady
                0x00000000080045ae       0x22 ./Drivers/STM32WLxx_HAL_Driver/Src/stm32wlxx_hal_rcc.o
 .text.LL_RCC_PLL_GetN
                0x00000000080045d0       0x18 ./Drivers/STM32WLxx_HAL_Driver/Src/stm32wlxx_hal_rcc.o
 .text.LL_RCC_PLL_GetR
                0x00000000080045e8       0x16 ./Drivers/STM32WLxx_HAL_Driver/Src/stm32wlxx_hal_rcc.o
 .text.LL_RCC_PLL_GetDivider
                0x00000000080045fe       0x16 ./Drivers/STM32WLxx_HAL_Driver/Src/stm32wlxx_hal_rcc.o
 .text.LL_RCC_PLL_GetMainSource
                0x0000000008004614       0x16 ./Drivers/STM32WLxx_HAL_Driver/Src/stm32wlxx_hal_rcc.o
 .text.LL_RCC_IsActiveFlag_HPRE
                0x000000000800462a       0x22 ./Drivers/STM32WLxx_HAL_Driver/Src/stm32wlxx_hal_rcc.o
 .text.LL_RCC_IsActiveFlag_SHDHPRE
                0x000000000800464c       0x24 ./Drivers/STM32WLxx_HAL_Driver/Src/stm32wlxx_hal_rcc.o
 .text.LL_RCC_IsActiveFlag_PPRE1
                0x0000000008004670       0x22 ./Drivers/STM32WLxx_HAL_Driver/Src/stm32wlxx_hal_rcc.o
 .text.LL_RCC_IsActiveFlag_PPRE2
                0x0000000008004692       0x22 ./Drivers/STM32WLxx_HAL_Driver/Src/stm32wlxx_hal_rcc.o
 .text.HAL_RCC_OscConfig
                0x00000000080046b4      0x738 ./Drivers/STM32WLxx_HAL_Driver/Src/stm32wlxx_hal_rcc.o
                0x00000000080046b4                HAL_RCC_OscConfig
 .text.HAL_RCC_ClockConfig
                0x0000000008004dec      0x248 ./Drivers/STM32WLxx_HAL_Driver/Src/stm32wlxx_hal_rcc.o
                0x0000000008004dec                HAL_RCC_ClockConfig
 .text.HAL_RCC_GetSysClockFreq
                0x0000000008005034      0x140 ./Drivers/STM32WLxx_HAL_Driver/Src/stm32wlxx_hal_rcc.o
                0x0000000008005034                HAL_RCC_GetSysClockFreq
 .text.HAL_RCC_GetHCLKFreq
                0x0000000008005174       0x28 ./Drivers/STM32WLxx_HAL_Driver/Src/stm32wlxx_hal_rcc.o
                0x0000000008005174                HAL_RCC_GetHCLKFreq
 .text.HAL_RCC_GetPCLK1Freq
                0x000000000800519c       0x24 ./Drivers/STM32WLxx_HAL_Driver/Src/stm32wlxx_hal_rcc.o
                0x000000000800519c                HAL_RCC_GetPCLK1Freq
 .text.HAL_RCC_GetPCLK2Freq
                0x00000000080051c0       0x24 ./Drivers/STM32WLxx_HAL_Driver/Src/stm32wlxx_hal_rcc.o
                0x00000000080051c0                HAL_RCC_GetPCLK2Freq
 .text.RCC_SetFlashLatencyFromMSIRange
                0x00000000080051e4       0x60 ./Drivers/STM32WLxx_HAL_Driver/Src/stm32wlxx_hal_rcc.o
 .text.RCC_SetFlashLatency
                0x0000000008005244      0x104 ./Drivers/STM32WLxx_HAL_Driver/Src/stm32wlxx_hal_rcc.o
 .text.LL_RCC_LSE_IsReady
                0x0000000008005348       0x22 ./Drivers/STM32WLxx_HAL_Driver/Src/stm32wlxx_hal_rcc_ex.o
 .text.LL_RCC_SetUSARTClockSource
                0x000000000800536a       0x30 ./Drivers/STM32WLxx_HAL_Driver/Src/stm32wlxx_hal_rcc_ex.o
 .text.LL_RCC_SetI2SClockSource
                0x000000000800539a       0x2a ./Drivers/STM32WLxx_HAL_Driver/Src/stm32wlxx_hal_rcc_ex.o
 .text.LL_RCC_SetLPUARTClockSource
                0x00000000080053c4       0x2a ./Drivers/STM32WLxx_HAL_Driver/Src/stm32wlxx_hal_rcc_ex.o
 .text.LL_RCC_SetI2CClockSource
                0x00000000080053ee       0x38 ./Drivers/STM32WLxx_HAL_Driver/Src/stm32wlxx_hal_rcc_ex.o
 .text.LL_RCC_SetLPTIMClockSource
                0x0000000008005426       0x32 ./Drivers/STM32WLxx_HAL_Driver/Src/stm32wlxx_hal_rcc_ex.o
 .text.LL_RCC_SetRNGClockSource
                0x0000000008005458       0x2a ./Drivers/STM32WLxx_HAL_Driver/Src/stm32wlxx_hal_rcc_ex.o
 .text.LL_RCC_SetADCClockSource
                0x0000000008005482       0x2a ./Drivers/STM32WLxx_HAL_Driver/Src/stm32wlxx_hal_rcc_ex.o
 .text.LL_RCC_SetRTCClockSource
                0x00000000080054ac       0x2a ./Drivers/STM32WLxx_HAL_Driver/Src/stm32wlxx_hal_rcc_ex.o
 .text.LL_RCC_GetRTCClockSource
                0x00000000080054d6       0x18 ./Drivers/STM32WLxx_HAL_Driver/Src/stm32wlxx_hal_rcc_ex.o
 .text.LL_RCC_ForceBackupDomainReset
                0x00000000080054ee       0x20 ./Drivers/STM32WLxx_HAL_Driver/Src/stm32wlxx_hal_rcc_ex.o
 .text.LL_RCC_ReleaseBackupDomainReset
                0x000000000800550e       0x20 ./Drivers/STM32WLxx_HAL_Driver/Src/stm32wlxx_hal_rcc_ex.o
 *fill*         0x000000000800552e        0x2 
 .text.HAL_RCCEx_PeriphCLKConfig
                0x0000000008005530      0x234 ./Drivers/STM32WLxx_HAL_Driver/Src/stm32wlxx_hal_rcc_ex.o
                0x0000000008005530                HAL_RCCEx_PeriphCLKConfig
 .text.LL_PWR_SetRadioBusyTrigger
                0x0000000008005764       0x28 ./Drivers/STM32WLxx_HAL_Driver/Src/stm32wlxx_hal_subghz.o
 .text.LL_PWR_UnselectSUBGHZSPI_NSS
                0x000000000800578c       0x20 ./Drivers/STM32WLxx_HAL_Driver/Src/stm32wlxx_hal_subghz.o
 .text.LL_PWR_SelectSUBGHZSPI_NSS
                0x00000000080057ac       0x20 ./Drivers/STM32WLxx_HAL_Driver/Src/stm32wlxx_hal_subghz.o
 .text.LL_PWR_ClearFlag_RFBUSY
                0x00000000080057cc       0x18 ./Drivers/STM32WLxx_HAL_Driver/Src/stm32wlxx_hal_subghz.o
 .text.LL_PWR_IsActiveFlag_RFBUSYS
                0x00000000080057e4       0x24 ./Drivers/STM32WLxx_HAL_Driver/Src/stm32wlxx_hal_subghz.o
 .text.LL_PWR_IsActiveFlag_RFBUSYMS
                0x0000000008005808       0x24 ./Drivers/STM32WLxx_HAL_Driver/Src/stm32wlxx_hal_subghz.o
 .text.LL_RCC_RF_DisableReset
                0x000000000800582c       0x20 ./Drivers/STM32WLxx_HAL_Driver/Src/stm32wlxx_hal_subghz.o
 .text.LL_RCC_IsRFUnderReset
                0x000000000800584c       0x24 ./Drivers/STM32WLxx_HAL_Driver/Src/stm32wlxx_hal_subghz.o
 .text.LL_EXTI_EnableIT_32_63
                0x0000000008005870       0x28 ./Drivers/STM32WLxx_HAL_Driver/Src/stm32wlxx_hal_subghz.o
 .text.HAL_SUBGHZ_Init
                0x0000000008005898       0xbc ./Drivers/STM32WLxx_HAL_Driver/Src/stm32wlxx_hal_subghz.o
                0x0000000008005898                HAL_SUBGHZ_Init
 .text.HAL_SUBGHZ_WriteRegisters
                0x0000000008005954       0xbe ./Drivers/STM32WLxx_HAL_Driver/Src/stm32wlxx_hal_subghz.o
                0x0000000008005954                HAL_SUBGHZ_WriteRegisters
 .text.HAL_SUBGHZ_ReadRegisters
                0x0000000008005a12       0xc2 ./Drivers/STM32WLxx_HAL_Driver/Src/stm32wlxx_hal_subghz.o
                0x0000000008005a12                HAL_SUBGHZ_ReadRegisters
 .text.HAL_SUBGHZ_ExecSetCmd
                0x0000000008005ad4       0xbe ./Drivers/STM32WLxx_HAL_Driver/Src/stm32wlxx_hal_subghz.o
                0x0000000008005ad4                HAL_SUBGHZ_ExecSetCmd
 .text.HAL_SUBGHZ_ExecGetCmd
                0x0000000008005b92       0xa8 ./Drivers/STM32WLxx_HAL_Driver/Src/stm32wlxx_hal_subghz.o
                0x0000000008005b92                HAL_SUBGHZ_ExecGetCmd
 .text.HAL_SUBGHZ_WriteBuffer
                0x0000000008005c3a       0xa6 ./Drivers/STM32WLxx_HAL_Driver/Src/stm32wlxx_hal_subghz.o
                0x0000000008005c3a                HAL_SUBGHZ_WriteBuffer
 .text.HAL_SUBGHZ_ReadBuffer
                0x0000000008005ce0       0xb0 ./Drivers/STM32WLxx_HAL_Driver/Src/stm32wlxx_hal_subghz.o
                0x0000000008005ce0                HAL_SUBGHZ_ReadBuffer
 .text.SUBGHZSPI_Init
                0x0000000008005d90       0x40 ./Drivers/STM32WLxx_HAL_Driver/Src/stm32wlxx_hal_subghz.o
                0x0000000008005d90                SUBGHZSPI_Init
 .text.SUBGHZSPI_Transmit
                0x0000000008005dd0       0xac ./Drivers/STM32WLxx_HAL_Driver/Src/stm32wlxx_hal_subghz.o
                0x0000000008005dd0                SUBGHZSPI_Transmit
 .text.SUBGHZSPI_Receive
                0x0000000008005e7c       0xb0 ./Drivers/STM32WLxx_HAL_Driver/Src/stm32wlxx_hal_subghz.o
                0x0000000008005e7c                SUBGHZSPI_Receive
 .text.SUBGHZ_CheckDeviceReady
                0x0000000008005f2c       0x48 ./Drivers/STM32WLxx_HAL_Driver/Src/stm32wlxx_hal_subghz.o
                0x0000000008005f2c                SUBGHZ_CheckDeviceReady
 .text.SUBGHZ_WaitOnBusy
                0x0000000008005f74       0x5c ./Drivers/STM32WLxx_HAL_Driver/Src/stm32wlxx_hal_subghz.o
                0x0000000008005f74                SUBGHZ_WaitOnBusy
 .text.LL_RCC_GetUSARTClockSource
                0x0000000008005fd0       0x24 ./Drivers/STM32WLxx_HAL_Driver/Src/stm32wlxx_hal_uart.o
 .text.LL_RCC_GetLPUARTClockSource
                0x0000000008005ff4       0x1e ./Drivers/STM32WLxx_HAL_Driver/Src/stm32wlxx_hal_uart.o
 .text.HAL_UART_Init
                0x0000000008006012       0xa0 ./Drivers/STM32WLxx_HAL_Driver/Src/stm32wlxx_hal_uart.o
                0x0000000008006012                HAL_UART_Init
 *fill*         0x00000000080060b2        0x2 
 .text.HAL_UART_Transmit_IT
                0x00000000080060b4      0x150 ./Drivers/STM32WLxx_HAL_Driver/Src/stm32wlxx_hal_uart.o
                0x00000000080060b4                HAL_UART_Transmit_IT
 .text.UART_SetConfig
                0x0000000008006204      0x4e8 ./Drivers/STM32WLxx_HAL_Driver/Src/stm32wlxx_hal_uart.o
                0x0000000008006204                UART_SetConfig
 .text.UART_AdvFeatureConfig
                0x00000000080066ec      0x142 ./Drivers/STM32WLxx_HAL_Driver/Src/stm32wlxx_hal_uart.o
                0x00000000080066ec                UART_AdvFeatureConfig
 .text.UART_CheckIdleState
                0x000000000800682e       0x96 ./Drivers/STM32WLxx_HAL_Driver/Src/stm32wlxx_hal_uart.o
                0x000000000800682e                UART_CheckIdleState
 .text.UART_WaitOnFlagUntilTimeout
                0x00000000080068c4      0x190 ./Drivers/STM32WLxx_HAL_Driver/Src/stm32wlxx_hal_uart.o
                0x00000000080068c4                UART_WaitOnFlagUntilTimeout
 .text.UART_TxISR_8BIT
                0x0000000008006a54       0xb6 ./Drivers/STM32WLxx_HAL_Driver/Src/stm32wlxx_hal_uart.o
 .text.UART_TxISR_16BIT
                0x0000000008006b0a       0xc0 ./Drivers/STM32WLxx_HAL_Driver/Src/stm32wlxx_hal_uart.o
 .text.UART_TxISR_8BIT_FIFOEN
                0x0000000008006bca       0xde ./Drivers/STM32WLxx_HAL_Driver/Src/stm32wlxx_hal_uart.o
 .text.UART_TxISR_16BIT_FIFOEN
                0x0000000008006ca8       0xe8 ./Drivers/STM32WLxx_HAL_Driver/Src/stm32wlxx_hal_uart.o
 .text.HAL_UARTEx_DisableFifoMode
                0x0000000008006d90       0x70 ./Drivers/STM32WLxx_HAL_Driver/Src/stm32wlxx_hal_uart_ex.o
                0x0000000008006d90                HAL_UARTEx_DisableFifoMode
 .text.HAL_UARTEx_SetTxFifoThreshold
                0x0000000008006e00       0x7c ./Drivers/STM32WLxx_HAL_Driver/Src/stm32wlxx_hal_uart_ex.o
                0x0000000008006e00                HAL_UARTEx_SetTxFifoThreshold
 .text.HAL_UARTEx_SetRxFifoThreshold
                0x0000000008006e7c       0x7c ./Drivers/STM32WLxx_HAL_Driver/Src/stm32wlxx_hal_uart_ex.o
                0x0000000008006e7c                HAL_UARTEx_SetRxFifoThreshold
 .text.UARTEx_SetNbDataToProcess
                0x0000000008006ef8       0x98 ./Drivers/STM32WLxx_HAL_Driver/Src/stm32wlxx_hal_uart_ex.o
 .text.RadioInit
                0x0000000008006f90       0xb8 ./Middlewares/Third_Party/SubGHz_Phy/stm32_radio_driver/radio.o
 .text.RadioGetStatus
                0x0000000008007048       0x2e ./Middlewares/Third_Party/SubGHz_Phy/stm32_radio_driver/radio.o
 *fill*         0x0000000008007076        0x2 
 .text.RadioSetModem
                0x0000000008007078       0xb8 ./Middlewares/Third_Party/SubGHz_Phy/stm32_radio_driver/radio.o
 .text.RadioSetChannel
                0x0000000008007130       0x16 ./Middlewares/Third_Party/SubGHz_Phy/stm32_radio_driver/radio.o
 .text.RadioIsChannelFree
                0x0000000008007146       0xb4 ./Middlewares/Third_Party/SubGHz_Phy/stm32_radio_driver/radio.o
 .text.RadioRandom
                0x00000000080071fa       0x26 ./Middlewares/Third_Party/SubGHz_Phy/stm32_radio_driver/radio.o
 .text.RadioSetRxConfig
                0x0000000008007220      0x400 ./Middlewares/Third_Party/SubGHz_Phy/stm32_radio_driver/radio.o
 .text.RadioSetTxConfig
                0x0000000008007620      0x218 ./Middlewares/Third_Party/SubGHz_Phy/stm32_radio_driver/radio.o
 .text.RadioCheckRfFrequency
                0x0000000008007838       0x14 ./Middlewares/Third_Party/SubGHz_Phy/stm32_radio_driver/radio.o
 .text.RadioGetLoRaBandwidthInHz
                0x000000000800784c       0xac ./Middlewares/Third_Party/SubGHz_Phy/stm32_radio_driver/radio.o
 .text.RadioGetGfskTimeOnAirNumerator
                0x00000000080078f8       0x54 ./Middlewares/Third_Party/SubGHz_Phy/stm32_radio_driver/radio.o
 .text.RadioGetLoRaTimeOnAirNumerator
                0x000000000800794c      0x102 ./Middlewares/Third_Party/SubGHz_Phy/stm32_radio_driver/radio.o
 *fill*         0x0000000008007a4e        0x2 
 .text.RadioTimeOnAir
                0x0000000008007a50       0xb0 ./Middlewares/Third_Party/SubGHz_Phy/stm32_radio_driver/radio.o
 .text.RadioSend
                0x0000000008007b00      0x1ec ./Middlewares/Third_Party/SubGHz_Phy/stm32_radio_driver/radio.o
 .text.RadioSleep
                0x0000000008007cec       0x26 ./Middlewares/Third_Party/SubGHz_Phy/stm32_radio_driver/radio.o
 .text.RadioStandby
                0x0000000008007d12        0xe ./Middlewares/Third_Party/SubGHz_Phy/stm32_radio_driver/radio.o
 .text.RadioRx  0x0000000008007d20       0x80 ./Middlewares/Third_Party/SubGHz_Phy/stm32_radio_driver/radio.o
 .text.RadioRxBoosted
                0x0000000008007da0       0x80 ./Middlewares/Third_Party/SubGHz_Phy/stm32_radio_driver/radio.o
 .text.RadioSetRxDutyCycle
                0x0000000008007e20       0x48 ./Middlewares/Third_Party/SubGHz_Phy/stm32_radio_driver/radio.o
 .text.RadioStartCad
                0x0000000008007e68       0x30 ./Middlewares/Third_Party/SubGHz_Phy/stm32_radio_driver/radio.o
 .text.RadioSetTxContinuousWave
                0x0000000008007e98       0x58 ./Middlewares/Third_Party/SubGHz_Phy/stm32_radio_driver/radio.o
 .text.RadioRssi
                0x0000000008007ef0       0x1a ./Middlewares/Third_Party/SubGHz_Phy/stm32_radio_driver/radio.o
 .text.RadioWrite
                0x0000000008007f0a       0x24 ./Middlewares/Third_Party/SubGHz_Phy/stm32_radio_driver/radio.o
 .text.RadioRead
                0x0000000008007f2e       0x1c ./Middlewares/Third_Party/SubGHz_Phy/stm32_radio_driver/radio.o
 .text.RadioWriteRegisters
                0x0000000008007f4a       0x26 ./Middlewares/Third_Party/SubGHz_Phy/stm32_radio_driver/radio.o
 .text.RadioReadRegisters
                0x0000000008007f70       0x26 ./Middlewares/Third_Party/SubGHz_Phy/stm32_radio_driver/radio.o
 *fill*         0x0000000008007f96        0x2 
 .text.RadioSetMaxPayloadLength
                0x0000000008007f98       0x5c ./Middlewares/Third_Party/SubGHz_Phy/stm32_radio_driver/radio.o
 .text.RadioSetPublicNetwork
                0x0000000008007ff4       0x5c ./Middlewares/Third_Party/SubGHz_Phy/stm32_radio_driver/radio.o
 .text.RadioGetWakeupTime
                0x0000000008008050       0x10 ./Middlewares/Third_Party/SubGHz_Phy/stm32_radio_driver/radio.o
 .text.RadioOnTxTimeoutIrq
                0x0000000008008060       0x14 ./Middlewares/Third_Party/SubGHz_Phy/stm32_radio_driver/radio.o
 .text.RadioOnRxTimeoutIrq
                0x0000000008008074       0x14 ./Middlewares/Third_Party/SubGHz_Phy/stm32_radio_driver/radio.o
 .text.RadioOnTxTimeoutProcess
                0x0000000008008088       0x28 ./Middlewares/Third_Party/SubGHz_Phy/stm32_radio_driver/radio.o
 .text.RadioOnRxTimeoutProcess
                0x00000000080080b0       0x28 ./Middlewares/Third_Party/SubGHz_Phy/stm32_radio_driver/radio.o
 .text.RadioOnDioIrq
                0x00000000080080d8       0x24 ./Middlewares/Third_Party/SubGHz_Phy/stm32_radio_driver/radio.o
 .text.RadioIrqProcess
                0x00000000080080fc      0x3e4 ./Middlewares/Third_Party/SubGHz_Phy/stm32_radio_driver/radio.o
 .text.RadioTxPrbs
                0x00000000080084e0       0x38 ./Middlewares/Third_Party/SubGHz_Phy/stm32_radio_driver/radio.o
 .text.RadioTxCw
                0x0000000008008518       0x2e ./Middlewares/Third_Party/SubGHz_Phy/stm32_radio_driver/radio.o
 .text.payload_integration
                0x0000000008008546      0x120 ./Middlewares/Third_Party/SubGHz_Phy/stm32_radio_driver/radio.o
 *fill*         0x0000000008008666        0x2 
 .text.RadioSetRxGenericConfig
                0x0000000008008668      0x388 ./Middlewares/Third_Party/SubGHz_Phy/stm32_radio_driver/radio.o
 .text.RadioSetTxGenericConfig
                0x00000000080089f0      0x46c ./Middlewares/Third_Party/SubGHz_Phy/stm32_radio_driver/radio.o
 .text.SUBGRF_Init
                0x0000000008008e5c       0x84 ./Middlewares/Third_Party/SubGHz_Phy/stm32_radio_driver/radio_driver.o
                0x0000000008008e5c                SUBGRF_Init
 .text.SUBGRF_GetOperatingMode
                0x0000000008008ee0       0x14 ./Middlewares/Third_Party/SubGHz_Phy/stm32_radio_driver/radio_driver.o
                0x0000000008008ee0                SUBGRF_GetOperatingMode
 .text.SUBGRF_SetPayload
                0x0000000008008ef4       0x20 ./Middlewares/Third_Party/SubGHz_Phy/stm32_radio_driver/radio_driver.o
                0x0000000008008ef4                SUBGRF_SetPayload
 .text.SUBGRF_GetPayload
                0x0000000008008f14       0x44 ./Middlewares/Third_Party/SubGHz_Phy/stm32_radio_driver/radio_driver.o
                0x0000000008008f14                SUBGRF_GetPayload
 .text.SUBGRF_SendPayload
                0x0000000008008f58       0x26 ./Middlewares/Third_Party/SubGHz_Phy/stm32_radio_driver/radio_driver.o
                0x0000000008008f58                SUBGRF_SendPayload
 .text.SUBGRF_SetSyncWord
                0x0000000008008f7e       0x1e ./Middlewares/Third_Party/SubGHz_Phy/stm32_radio_driver/radio_driver.o
                0x0000000008008f7e                SUBGRF_SetSyncWord
 .text.SUBGRF_SetCrcSeed
                0x0000000008008f9c       0x40 ./Middlewares/Third_Party/SubGHz_Phy/stm32_radio_driver/radio_driver.o
                0x0000000008008f9c                SUBGRF_SetCrcSeed
 .text.SUBGRF_SetCrcPolynomial
                0x0000000008008fdc       0x40 ./Middlewares/Third_Party/SubGHz_Phy/stm32_radio_driver/radio_driver.o
                0x0000000008008fdc                SUBGRF_SetCrcPolynomial
 .text.SUBGRF_SetWhiteningSeed
                0x000000000800901c       0x66 ./Middlewares/Third_Party/SubGHz_Phy/stm32_radio_driver/radio_driver.o
                0x000000000800901c                SUBGRF_SetWhiteningSeed
 .text.SUBGRF_GetRandom
                0x0000000008009082       0x8c ./Middlewares/Third_Party/SubGHz_Phy/stm32_radio_driver/radio_driver.o
                0x0000000008009082                SUBGRF_GetRandom
 *fill*         0x000000000800910e        0x2 
 .text.SUBGRF_SetSleep
                0x0000000008009110       0x64 ./Middlewares/Third_Party/SubGHz_Phy/stm32_radio_driver/radio_driver.o
                0x0000000008009110                SUBGRF_SetSleep
 .text.SUBGRF_SetStandby
                0x0000000008009174       0x38 ./Middlewares/Third_Party/SubGHz_Phy/stm32_radio_driver/radio_driver.o
                0x0000000008009174                SUBGRF_SetStandby
 .text.SUBGRF_SetTx
                0x00000000080091ac       0x40 ./Middlewares/Third_Party/SubGHz_Phy/stm32_radio_driver/radio_driver.o
                0x00000000080091ac                SUBGRF_SetTx
 .text.SUBGRF_SetRx
                0x00000000080091ec       0x40 ./Middlewares/Third_Party/SubGHz_Phy/stm32_radio_driver/radio_driver.o
                0x00000000080091ec                SUBGRF_SetRx
 .text.SUBGRF_SetRxBoosted
                0x000000000800922c       0x48 ./Middlewares/Third_Party/SubGHz_Phy/stm32_radio_driver/radio_driver.o
                0x000000000800922c                SUBGRF_SetRxBoosted
 .text.SUBGRF_SetRxDutyCycle
                0x0000000008009274       0x58 ./Middlewares/Third_Party/SubGHz_Phy/stm32_radio_driver/radio_driver.o
                0x0000000008009274                SUBGRF_SetRxDutyCycle
 .text.SUBGRF_SetCad
                0x00000000080092cc       0x1c ./Middlewares/Third_Party/SubGHz_Phy/stm32_radio_driver/radio_driver.o
                0x00000000080092cc                SUBGRF_SetCad
 .text.SUBGRF_SetTxContinuousWave
                0x00000000080092e8       0x12 ./Middlewares/Third_Party/SubGHz_Phy/stm32_radio_driver/radio_driver.o
                0x00000000080092e8                SUBGRF_SetTxContinuousWave
 .text.SUBGRF_SetTxInfinitePreamble
                0x00000000080092fa       0x12 ./Middlewares/Third_Party/SubGHz_Phy/stm32_radio_driver/radio_driver.o
                0x00000000080092fa                SUBGRF_SetTxInfinitePreamble
 .text.SUBGRF_SetStopRxTimerOnPreambleDetect
                0x000000000800930c       0x1e ./Middlewares/Third_Party/SubGHz_Phy/stm32_radio_driver/radio_driver.o
                0x000000000800930c                SUBGRF_SetStopRxTimerOnPreambleDetect
 .text.SUBGRF_SetLoRaSymbNumTimeout
                0x000000000800932a       0x5e ./Middlewares/Third_Party/SubGHz_Phy/stm32_radio_driver/radio_driver.o
                0x000000000800932a                SUBGRF_SetLoRaSymbNumTimeout
 .text.SUBGRF_SetRegulatorMode
                0x0000000008009388       0x2e ./Middlewares/Third_Party/SubGHz_Phy/stm32_radio_driver/radio_driver.o
                0x0000000008009388                SUBGRF_SetRegulatorMode
 .text.SUBGRF_Calibrate
                0x00000000080093b6       0x8c ./Middlewares/Third_Party/SubGHz_Phy/stm32_radio_driver/radio_driver.o
                0x00000000080093b6                SUBGRF_Calibrate
 *fill*         0x0000000008009442        0x2 
 .text.SUBGRF_CalibrateImage
                0x0000000008009444       0x8c ./Middlewares/Third_Party/SubGHz_Phy/stm32_radio_driver/radio_driver.o
                0x0000000008009444                SUBGRF_CalibrateImage
 .text.SUBGRF_SetPaConfig
                0x00000000080094d0       0x44 ./Middlewares/Third_Party/SubGHz_Phy/stm32_radio_driver/radio_driver.o
                0x00000000080094d0                SUBGRF_SetPaConfig
 .text.SUBGRF_SetDioIrqParams
                0x0000000008009514       0x74 ./Middlewares/Third_Party/SubGHz_Phy/stm32_radio_driver/radio_driver.o
                0x0000000008009514                SUBGRF_SetDioIrqParams
 .text.SUBGRF_SetTcxoMode
                0x0000000008009588       0x42 ./Middlewares/Third_Party/SubGHz_Phy/stm32_radio_driver/radio_driver.o
                0x0000000008009588                SUBGRF_SetTcxoMode
 *fill*         0x00000000080095ca        0x2 
 .text.SUBGRF_SetRfFrequency
                0x00000000080095cc       0x8c ./Middlewares/Third_Party/SubGHz_Phy/stm32_radio_driver/radio_driver.o
                0x00000000080095cc                SUBGRF_SetRfFrequency
 .text.SUBGRF_SetPacketType
                0x0000000008009658       0x38 ./Middlewares/Third_Party/SubGHz_Phy/stm32_radio_driver/radio_driver.o
                0x0000000008009658                SUBGRF_SetPacketType
 .text.SUBGRF_GetPacketType
                0x0000000008009690       0x14 ./Middlewares/Third_Party/SubGHz_Phy/stm32_radio_driver/radio_driver.o
                0x0000000008009690                SUBGRF_GetPacketType
 .text.SUBGRF_SetTxParams
                0x00000000080096a4      0x19a ./Middlewares/Third_Party/SubGHz_Phy/stm32_radio_driver/radio_driver.o
                0x00000000080096a4                SUBGRF_SetTxParams
 *fill*         0x000000000800983e        0x2 
 .text.SUBGRF_SetModulationParams
                0x0000000008009840      0x1a4 ./Middlewares/Third_Party/SubGHz_Phy/stm32_radio_driver/radio_driver.o
                0x0000000008009840                SUBGRF_SetModulationParams
 .text.SUBGRF_SetPacketParams
                0x00000000080099e4      0x13c ./Middlewares/Third_Party/SubGHz_Phy/stm32_radio_driver/radio_driver.o
                0x00000000080099e4                SUBGRF_SetPacketParams
 .text.SUBGRF_SetBufferBaseAddress
                0x0000000008009b20       0x2e ./Middlewares/Third_Party/SubGHz_Phy/stm32_radio_driver/radio_driver.o
                0x0000000008009b20                SUBGRF_SetBufferBaseAddress
 .text.SUBGRF_GetRssiInst
                0x0000000008009b4e       0x2a ./Middlewares/Third_Party/SubGHz_Phy/stm32_radio_driver/radio_driver.o
                0x0000000008009b4e                SUBGRF_GetRssiInst
 .text.SUBGRF_GetRxBufferStatus
                0x0000000008009b78       0x58 ./Middlewares/Third_Party/SubGHz_Phy/stm32_radio_driver/radio_driver.o
                0x0000000008009b78                SUBGRF_GetRxBufferStatus
 .text.SUBGRF_GetPacketStatus
                0x0000000008009bd0       0xa4 ./Middlewares/Third_Party/SubGHz_Phy/stm32_radio_driver/radio_driver.o
                0x0000000008009bd0                SUBGRF_GetPacketStatus
 .text.SUBGRF_WriteRegister
                0x0000000008009c74       0x28 ./Middlewares/Third_Party/SubGHz_Phy/stm32_radio_driver/radio_driver.o
                0x0000000008009c74                SUBGRF_WriteRegister
 .text.SUBGRF_ReadRegister
                0x0000000008009c9c       0x28 ./Middlewares/Third_Party/SubGHz_Phy/stm32_radio_driver/radio_driver.o
                0x0000000008009c9c                SUBGRF_ReadRegister
 .text.SUBGRF_WriteRegisters
                0x0000000008009cc4       0x44 ./Middlewares/Third_Party/SubGHz_Phy/stm32_radio_driver/radio_driver.o
                0x0000000008009cc4                SUBGRF_WriteRegisters
 .text.SUBGRF_ReadRegisters
                0x0000000008009d08       0x44 ./Middlewares/Third_Party/SubGHz_Phy/stm32_radio_driver/radio_driver.o
                0x0000000008009d08                SUBGRF_ReadRegisters
 .text.SUBGRF_WriteBuffer
                0x0000000008009d4c       0x44 ./Middlewares/Third_Party/SubGHz_Phy/stm32_radio_driver/radio_driver.o
                0x0000000008009d4c                SUBGRF_WriteBuffer
 .text.SUBGRF_ReadBuffer
                0x0000000008009d90       0x44 ./Middlewares/Third_Party/SubGHz_Phy/stm32_radio_driver/radio_driver.o
                0x0000000008009d90                SUBGRF_ReadBuffer
 .text.SUBGRF_WriteCommand
                0x0000000008009dd4       0x44 ./Middlewares/Third_Party/SubGHz_Phy/stm32_radio_driver/radio_driver.o
 .text.SUBGRF_ReadCommand
                0x0000000008009e18       0x44 ./Middlewares/Third_Party/SubGHz_Phy/stm32_radio_driver/radio_driver.o
 .text.SUBGRF_SetSwitch
                0x0000000008009e5c       0x50 ./Middlewares/Third_Party/SubGHz_Phy/stm32_radio_driver/radio_driver.o
                0x0000000008009e5c                SUBGRF_SetSwitch
 .text.SUBGRF_SetRfTxPower
                0x0000000008009eac       0x68 ./Middlewares/Third_Party/SubGHz_Phy/stm32_radio_driver/radio_driver.o
                0x0000000008009eac                SUBGRF_SetRfTxPower
 .text.SUBGRF_GetRadioWakeUpTime
                0x0000000008009f14        0xe ./Middlewares/Third_Party/SubGHz_Phy/stm32_radio_driver/radio_driver.o
                0x0000000008009f14                SUBGRF_GetRadioWakeUpTime
 .text.Radio_SMPS_Set
                0x0000000008009f22       0x42 ./Middlewares/Third_Party/SubGHz_Phy/stm32_radio_driver/radio_driver.o
 .text.SUBGRF_GetFskBandwidthRegValue
                0x0000000008009f64       0x50 ./Middlewares/Third_Party/SubGHz_Phy/stm32_radio_driver/radio_driver.o
                0x0000000008009f64                SUBGRF_GetFskBandwidthRegValue
 .text.SUBGRF_GetCFO
                0x0000000008009fb4       0xe8 ./Middlewares/Third_Party/SubGHz_Phy/stm32_radio_driver/radio_driver.o
                0x0000000008009fb4                SUBGRF_GetCFO
 .text.RFW_TransmitLongPacket
                0x000000000800a09c       0x24 ./Middlewares/Third_Party/SubGHz_Phy/stm32_radio_driver/radio_fw.o
                0x000000000800a09c                RFW_TransmitLongPacket
 .text.RFW_ReceiveLongPacket
                0x000000000800a0c0       0x24 ./Middlewares/Third_Party/SubGHz_Phy/stm32_radio_driver/radio_fw.o
                0x000000000800a0c0                RFW_ReceiveLongPacket
 .text.RFW_Init
                0x000000000800a0e4       0x1a ./Middlewares/Third_Party/SubGHz_Phy/stm32_radio_driver/radio_fw.o
                0x000000000800a0e4                RFW_Init
 .text.RFW_DeInit
                0x000000000800a0fe        0xc ./Middlewares/Third_Party/SubGHz_Phy/stm32_radio_driver/radio_fw.o
                0x000000000800a0fe                RFW_DeInit
 .text.RFW_Is_Init
                0x000000000800a10a        0xe ./Middlewares/Third_Party/SubGHz_Phy/stm32_radio_driver/radio_fw.o
                0x000000000800a10a                RFW_Is_Init
 .text.RFW_Is_LongPacketModeEnabled
                0x000000000800a118        0xe ./Middlewares/Third_Party/SubGHz_Phy/stm32_radio_driver/radio_fw.o
                0x000000000800a118                RFW_Is_LongPacketModeEnabled
 .text.RFW_SetAntSwitch
                0x000000000800a126       0x14 ./Middlewares/Third_Party/SubGHz_Phy/stm32_radio_driver/radio_fw.o
                0x000000000800a126                RFW_SetAntSwitch
 .text.RFW_TransmitInit
                0x000000000800a13a       0x20 ./Middlewares/Third_Party/SubGHz_Phy/stm32_radio_driver/radio_fw.o
                0x000000000800a13a                RFW_TransmitInit
 .text.RFW_ReceiveInit
                0x000000000800a15a       0x10 ./Middlewares/Third_Party/SubGHz_Phy/stm32_radio_driver/radio_fw.o
                0x000000000800a15a                RFW_ReceiveInit
 .text.RFW_DeInit_TxLongPacket
                0x000000000800a16a        0xc ./Middlewares/Third_Party/SubGHz_Phy/stm32_radio_driver/radio_fw.o
                0x000000000800a16a                RFW_DeInit_TxLongPacket
 .text.RFW_ReceivePayload
                0x000000000800a176        0xc ./Middlewares/Third_Party/SubGHz_Phy/stm32_radio_driver/radio_fw.o
                0x000000000800a176                RFW_ReceivePayload
 .text.RFW_SetRadioModem
                0x000000000800a182       0x14 ./Middlewares/Third_Party/SubGHz_Phy/stm32_radio_driver/radio_fw.o
                0x000000000800a182                RFW_SetRadioModem
 .text.MX_SubGHz_Phy_Init
                0x000000000800a196       0x10 ./SubGHz_Phy/App/app_subghz_phy.o
                0x000000000800a196                MX_SubGHz_Phy_Init
 .text.MX_SubGHz_Phy_Process
                0x000000000800a1a6        0xc ./SubGHz_Phy/App/app_subghz_phy.o
                0x000000000800a1a6                MX_SubGHz_Phy_Process
 *fill*         0x000000000800a1b2        0x2 
 .text.SubghzApp_Init
                0x000000000800a1b4       0x4c ./SubGHz_Phy/App/subghz_phy_app.o
                0x000000000800a1b4                SubghzApp_Init
 .text.OnTxDone
                0x000000000800a200        0xc ./SubGHz_Phy/App/subghz_phy_app.o
 .text.OnRxDone
                0x000000000800a20c       0x24 ./SubGHz_Phy/App/subghz_phy_app.o
 .text.OnTxTimeout
                0x000000000800a230        0xc ./SubGHz_Phy/App/subghz_phy_app.o
 .text.OnRxTimeout
                0x000000000800a23c        0xc ./SubGHz_Phy/App/subghz_phy_app.o
 .text.OnRxError
                0x000000000800a248        0xc ./SubGHz_Phy/App/subghz_phy_app.o
 .text.RBI_Init
                0x000000000800a254       0x16 ./SubGHz_Phy/Target/radio_board_if.o
                0x000000000800a254                RBI_Init
 .text.RBI_ConfigRFSwitch
                0x000000000800a26a       0x1a ./SubGHz_Phy/Target/radio_board_if.o
                0x000000000800a26a                RBI_ConfigRFSwitch
 .text.RBI_GetTxConfig
                0x000000000800a284       0x16 ./SubGHz_Phy/Target/radio_board_if.o
                0x000000000800a284                RBI_GetTxConfig
 .text.RBI_IsTCXO
                0x000000000800a29a       0x16 ./SubGHz_Phy/Target/radio_board_if.o
                0x000000000800a29a                RBI_IsTCXO
 .text.RBI_IsDCDC
                0x000000000800a2b0       0x16 ./SubGHz_Phy/Target/radio_board_if.o
                0x000000000800a2b0                RBI_IsDCDC
 .text.RBI_GetRFOMaxPowerConfig
                0x000000000800a2c6       0x2a ./SubGHz_Phy/Target/radio_board_if.o
                0x000000000800a2c6                RBI_GetRFOMaxPowerConfig
 .text.UTIL_MEM_cpy_8
                0x000000000800a2f0       0x3e ./Utilities/misc/stm32_mem.o
                0x000000000800a2f0                UTIL_MEM_cpy_8
 .text.UTIL_MEM_set_8
                0x000000000800a32e       0x36 ./Utilities/misc/stm32_mem.o
                0x000000000800a32e                UTIL_MEM_set_8
 .text.UTIL_TIMER_Create
                0x000000000800a364       0x6c ./Utilities/timer/stm32_timer.o
                0x000000000800a364                UTIL_TIMER_Create
 .text.UTIL_TIMER_Start
                0x000000000800a3d0       0xdc ./Utilities/timer/stm32_timer.o
                0x000000000800a3d0                UTIL_TIMER_Start
 .text.UTIL_TIMER_Stop
                0x000000000800a4ac       0xe0 ./Utilities/timer/stm32_timer.o
                0x000000000800a4ac                UTIL_TIMER_Stop
 .text.UTIL_TIMER_SetPeriod
                0x000000000800a58c       0x54 ./Utilities/timer/stm32_timer.o
                0x000000000800a58c                UTIL_TIMER_SetPeriod
 .text.UTIL_TIMER_GetCurrentTime
                0x000000000800a5e0       0x24 ./Utilities/timer/stm32_timer.o
                0x000000000800a5e0                UTIL_TIMER_GetCurrentTime
 .text.UTIL_TIMER_GetElapsedTime
                0x000000000800a604       0x38 ./Utilities/timer/stm32_timer.o
                0x000000000800a604                UTIL_TIMER_GetElapsedTime
 .text.TimerExists
                0x000000000800a63c       0x38 ./Utilities/timer/stm32_timer.o
                0x000000000800a63c                TimerExists
 .text.TimerSetTimeout
                0x000000000800a674       0x54 ./Utilities/timer/stm32_timer.o
                0x000000000800a674                TimerSetTimeout
 .text.TimerInsertTimer
                0x000000000800a6c8       0x60 ./Utilities/timer/stm32_timer.o
                0x000000000800a6c8                TimerInsertTimer
 .text.TimerInsertNewHeadTimer
                0x000000000800a728       0x3c ./Utilities/timer/stm32_timer.o
                0x000000000800a728                TimerInsertNewHeadTimer
 .text._ZdlPvj  0x000000000800a764        0x4 d:/st/stm32cubeide_1.9.0/stm32cubeide/plugins/com.st.stm32cube.ide.mcu.externaltools.gnu-tools-for-stm32.10.3-2021.10.win32_1.0.0.202111181127/tools/bin/../lib/gcc/arm-none-eabi/10.3.1/../../../../arm-none-eabi/lib/thumb/v7e-m/nofp\libstdc++_nano.a(del_ops.o)
                0x000000000800a764                operator delete(void*, unsigned int)
 .text._ZdaPv   0x000000000800a768        0x4 d:/st/stm32cubeide_1.9.0/stm32cubeide/plugins/com.st.stm32cube.ide.mcu.externaltools.gnu-tools-for-stm32.10.3-2021.10.win32_1.0.0.202111181127/tools/bin/../lib/gcc/arm-none-eabi/10.3.1/../../../../arm-none-eabi/lib/thumb/v7e-m/nofp\libstdc++_nano.a(del_opv.o)
                0x000000000800a768                operator delete[](void*)
 .text._Znwj    0x000000000800a76c       0x22 d:/st/stm32cubeide_1.9.0/stm32cubeide/plugins/com.st.stm32cube.ide.mcu.externaltools.gnu-tools-for-stm32.10.3-2021.10.win32_1.0.0.202111181127/tools/bin/../lib/gcc/arm-none-eabi/10.3.1/../../../../arm-none-eabi/lib/thumb/v7e-m/nofp\libstdc++_nano.a(new_op.o)
                0x000000000800a76c                operator new(unsigned int)
 .text._Znaj    0x000000000800a78e        0x4 d:/st/stm32cubeide_1.9.0/stm32cubeide/plugins/com.st.stm32cube.ide.mcu.externaltools.gnu-tools-for-stm32.10.3-2021.10.win32_1.0.0.202111181127/tools/bin/../lib/gcc/arm-none-eabi/10.3.1/../../../../arm-none-eabi/lib/thumb/v7e-m/nofp\libstdc++_nano.a(new_opv.o)
                0x000000000800a78e                operator new[](unsigned int)
 .text.__cxa_pure_virtual
                0x000000000800a792        0x6 d:/st/stm32cubeide_1.9.0/stm32cubeide/plugins/com.st.stm32cube.ide.mcu.externaltools.gnu-tools-for-stm32.10.3-2021.10.win32_1.0.0.202111181127/tools/bin/../lib/gcc/arm-none-eabi/10.3.1/../../../../arm-none-eabi/lib/thumb/v7e-m/nofp\libstdc++_nano.a(pure.o)
                0x000000000800a792                __cxa_pure_virtual
 .text._ZdlPv   0x000000000800a798        0x4 d:/st/stm32cubeide_1.9.0/stm32cubeide/plugins/com.st.stm32cube.ide.mcu.externaltools.gnu-tools-for-stm32.10.3-2021.10.win32_1.0.0.202111181127/tools/bin/../lib/gcc/arm-none-eabi/10.3.1/../../../../arm-none-eabi/lib/thumb/v7e-m/nofp\libstdc++_nano.a(del_op.o)
                0x000000000800a798                operator delete(void*)
 .text._ZN10__cxxabiv111__terminateEPFvvE
                0x000000000800a79c        0x8 d:/st/stm32cubeide_1.9.0/stm32cubeide/plugins/com.st.stm32cube.ide.mcu.externaltools.gnu-tools-for-stm32.10.3-2021.10.win32_1.0.0.202111181127/tools/bin/../lib/gcc/arm-none-eabi/10.3.1/../../../../arm-none-eabi/lib/thumb/v7e-m/nofp\libstdc++_nano.a(eh_terminate.o)
                0x000000000800a79c                __cxxabiv1::__terminate(void (*)())
 .text._ZSt13get_terminatev
                0x000000000800a7a4       0x10 d:/st/stm32cubeide_1.9.0/stm32cubeide/plugins/com.st.stm32cube.ide.mcu.externaltools.gnu-tools-for-stm32.10.3-2021.10.win32_1.0.0.202111181127/tools/bin/../lib/gcc/arm-none-eabi/10.3.1/../../../../arm-none-eabi/lib/thumb/v7e-m/nofp\libstdc++_nano.a(eh_terminate.o)
                0x000000000800a7a4                std::get_terminate()
 .text._ZSt9terminatev
                0x000000000800a7b4        0xa d:/st/stm32cubeide_1.9.0/stm32cubeide/plugins/com.st.stm32cube.ide.mcu.externaltools.gnu-tools-for-stm32.10.3-2021.10.win32_1.0.0.202111181127/tools/bin/../lib/gcc/arm-none-eabi/10.3.1/../../../../arm-none-eabi/lib/thumb/v7e-m/nofp\libstdc++_nano.a(eh_terminate.o)
                0x000000000800a7b4                std::terminate()
 *fill*         0x000000000800a7be        0x2 
 .text._ZSt15get_new_handlerv
                0x000000000800a7c0       0x10 d:/st/stm32cubeide_1.9.0/stm32cubeide/plugins/com.st.stm32cube.ide.mcu.externaltools.gnu-tools-for-stm32.10.3-2021.10.win32_1.0.0.202111181127/tools/bin/../lib/gcc/arm-none-eabi/10.3.1/../../../../arm-none-eabi/lib/thumb/v7e-m/nofp\libstdc++_nano.a(new_handler.o)
                0x000000000800a7c0                std::get_new_handler()
 .text.roundf   0x000000000800a7d0       0x4c d:/st/stm32cubeide_1.9.0/stm32cubeide/plugins/com.st.stm32cube.ide.mcu.externaltools.gnu-tools-for-stm32.10.3-2021.10.win32_1.0.0.202111181127/tools/bin/../lib/gcc/arm-none-eabi/10.3.1/../../../../arm-none-eabi/lib/thumb/v7e-m/nofp\libm.a(lib_a-sf_round.o)
                0x000000000800a7d0                roundf
 .text.abort    0x000000000800a81c        0xe d:/st/stm32cubeide_1.9.0/stm32cubeide/plugins/com.st.stm32cube.ide.mcu.externaltools.gnu-tools-for-stm32.10.3-2021.10.win32_1.0.0.202111181127/tools/bin/../lib/gcc/arm-none-eabi/10.3.1/../../../../arm-none-eabi/lib/thumb/v7e-m/nofp\libc_nano.a(lib_a-abort.o)
                0x000000000800a81c                abort
 *fill*         0x000000000800a82a        0x2 
 .text.__errno  0x000000000800a82c        0xc d:/st/stm32cubeide_1.9.0/stm32cubeide/plugins/com.st.stm32cube.ide.mcu.externaltools.gnu-tools-for-stm32.10.3-2021.10.win32_1.0.0.202111181127/tools/bin/../lib/gcc/arm-none-eabi/10.3.1/../../../../arm-none-eabi/lib/thumb/v7e-m/nofp\libc_nano.a(lib_a-errno.o)
                0x000000000800a82c                __errno
 .text.__libc_init_array
                0x000000000800a838       0x48 d:/st/stm32cubeide_1.9.0/stm32cubeide/plugins/com.st.stm32cube.ide.mcu.externaltools.gnu-tools-for-stm32.10.3-2021.10.win32_1.0.0.202111181127/tools/bin/../lib/gcc/arm-none-eabi/10.3.1/../../../../arm-none-eabi/lib/thumb/v7e-m/nofp\libc_nano.a(lib_a-init.o)
                0x000000000800a838                __libc_init_array
 .text.malloc   0x000000000800a880       0x10 d:/st/stm32cubeide_1.9.0/stm32cubeide/plugins/com.st.stm32cube.ide.mcu.externaltools.gnu-tools-for-stm32.10.3-2021.10.win32_1.0.0.202111181127/tools/bin/../lib/gcc/arm-none-eabi/10.3.1/../../../../arm-none-eabi/lib/thumb/v7e-m/nofp\libc_nano.a(lib_a-malloc.o)
                0x000000000800a880                malloc
 .text.free     0x000000000800a890       0x10 d:/st/stm32cubeide_1.9.0/stm32cubeide/plugins/com.st.stm32cube.ide.mcu.externaltools.gnu-tools-for-stm32.10.3-2021.10.win32_1.0.0.202111181127/tools/bin/../lib/gcc/arm-none-eabi/10.3.1/../../../../arm-none-eabi/lib/thumb/v7e-m/nofp\libc_nano.a(lib_a-malloc.o)
                0x000000000800a890                free
 .text.memcpy   0x000000000800a8a0       0x1c d:/st/stm32cubeide_1.9.0/stm32cubeide/plugins/com.st.stm32cube.ide.mcu.externaltools.gnu-tools-for-stm32.10.3-2021.10.win32_1.0.0.202111181127/tools/bin/../lib/gcc/arm-none-eabi/10.3.1/../../../../arm-none-eabi/lib/thumb/v7e-m/nofp\libc_nano.a(lib_a-memcpy-stub.o)
                0x000000000800a8a0                memcpy
 .text.memset   0x000000000800a8bc       0x10 d:/st/stm32cubeide_1.9.0/stm32cubeide/plugins/com.st.stm32cube.ide.mcu.externaltools.gnu-tools-for-stm32.10.3-2021.10.win32_1.0.0.202111181127/tools/bin/../lib/gcc/arm-none-eabi/10.3.1/../../../../arm-none-eabi/lib/thumb/v7e-m/nofp\libc_nano.a(lib_a-memset.o)
                0x000000000800a8bc                memset
 .text._free_r  0x000000000800a8cc       0x94 d:/st/stm32cubeide_1.9.0/stm32cubeide/plugins/com.st.stm32cube.ide.mcu.externaltools.gnu-tools-for-stm32.10.3-2021.10.win32_1.0.0.202111181127/tools/bin/../lib/gcc/arm-none-eabi/10.3.1/../../../../arm-none-eabi/lib/thumb/v7e-m/nofp\libc_nano.a(lib_a-nano-freer.o)
                0x000000000800a8cc                _free_r
 .text.sbrk_aligned
                0x000000000800a960       0x40 d:/st/stm32cubeide_1.9.0/stm32cubeide/plugins/com.st.stm32cube.ide.mcu.externaltools.gnu-tools-for-stm32.10.3-2021.10.win32_1.0.0.202111181127/tools/bin/../lib/gcc/arm-none-eabi/10.3.1/../../../../arm-none-eabi/lib/thumb/v7e-m/nofp\libc_nano.a(lib_a-nano-mallocr.o)
 .text._malloc_r
                0x000000000800a9a0       0xe8 d:/st/stm32cubeide_1.9.0/stm32cubeide/plugins/com.st.stm32cube.ide.mcu.externaltools.gnu-tools-for-stm32.10.3-2021.10.win32_1.0.0.202111181127/tools/bin/../lib/gcc/arm-none-eabi/10.3.1/../../../../arm-none-eabi/lib/thumb/v7e-m/nofp\libc_nano.a(lib_a-nano-mallocr.o)
                0x000000000800a9a0                _malloc_r
 .text.rand     0x000000000800aa88       0x7c d:/st/stm32cubeide_1.9.0/stm32cubeide/plugins/com.st.stm32cube.ide.mcu.externaltools.gnu-tools-for-stm32.10.3-2021.10.win32_1.0.0.202111181127/tools/bin/../lib/gcc/arm-none-eabi/10.3.1/../../../../arm-none-eabi/lib/thumb/v7e-m/nofp\libc_nano.a(lib_a-rand.o)
                0x000000000800aa88                rand
 .text._sbrk_r  0x000000000800ab04       0x20 d:/st/stm32cubeide_1.9.0/stm32cubeide/plugins/com.st.stm32cube.ide.mcu.externaltools.gnu-tools-for-stm32.10.3-2021.10.win32_1.0.0.202111181127/tools/bin/../lib/gcc/arm-none-eabi/10.3.1/../../../../arm-none-eabi/lib/thumb/v7e-m/nofp\libc_nano.a(lib_a-sbrkr.o)
                0x000000000800ab04                _sbrk_r
 .text._raise_r