Archive member included to satisfy reference by file (symbol)

d:/st/stm32cubeide_1.9.0/stm32cubeide/plugins/com.st.stm32cube.ide.mcu.externaltools.gnu-tools-for-stm32.10.3-2021.10.win32_1.0.0.202111181127/tools/bin/../lib/gcc/arm-none-eabi/10.3.1/../../../../arm-none-eabi/lib/thumb/v7e-m/nofp\libstdc++_nano.a(del_ops.o)
                              ./Core/Fanet/app.o (operator delete(void*, unsigned int))
d:/st/stm32cubeide_1.9.0/stm32cubeide/plugins/com.st.stm32cube.ide.mcu.externaltools.gnu-tools-for-stm32.10.3-2021.10.win32_1.0.0.202111181127/tools/bin/../lib/gcc/arm-none-eabi/10.3.1/../../../../arm-none-eabi/lib/thumb/v7e-m/nofp\libstdc++_nano.a(del_opv.o)
                              ./Core/Fanet/fmac.o (operator delete[](void*))
d:/st/stm32cubeide_1.9.0/stm32cubeide/plugins/com.st.stm32cube.ide.mcu.externaltools.gnu-tools-for-stm32.10.3-2021.10.win32_1.0.0.202111181127/tools/bin/../lib/gcc/arm-none-eabi/10.3.1/../../../../arm-none-eabi/lib/thumb/v7e-m/nofp\libstdc++_nano.a(new_op.o)
                              ./Core/Fanet/app.o (operator new(unsigned int))
d:/st/stm32cubeide_1.9.0/stm32cubeide/plugins/com.st.stm32cube.ide.mcu.externaltools.gnu-tools-for-stm32.10.3-2021.10.win32_1.0.0.202111181127/tools/bin/../lib/gcc/arm-none-eabi/10.3.1/../../../../arm-none-eabi/lib/thumb/v7e-m/nofp\libstdc++_nano.a(new_opv.o)
                              ./Core/Fanet/app.o (operator new[](unsigned int))
d:/st/stm32cubeide_1.9.0/stm32cubeide/plugins/com.st.stm32cube.ide.mcu.externaltools.gnu-tools-for-stm32.10.3-2021.10.win32_1.0.0.202111181127/tools/bin/../lib/gcc/arm-none-eabi/10.3.1/../../../../arm-none-eabi/lib/thumb/v7e-m/nofp\libstdc++_nano.a(pure.o)
                              ./Core/Fanet/app.o (__cxa_pure_virtual)
d:/st/stm32cubeide_1.9.0/stm32cubeide/plugins/com.st.stm32cube.ide.mcu.externaltools.gnu-tools-for-stm32.10.3-2021.10.win32_1.0.0.202111181127/tools/bin/../lib/gcc/arm-none-eabi/10.3.1/../../../../arm-none-eabi/lib/thumb/v7e-m/nofp\libstdc++_nano.a(del_op.o)
                              d:/st/stm32cubeide_1.9.0/stm32cubeide/plugins/com.st.stm32cube.ide.mcu.externaltools.gnu-tools-for-stm32.10.3-2021.10.win32_1.0.0.202111181127/tools/bin/../lib/gcc/arm-none-eabi/10.3.1/../../../../arm-none-eabi/lib/thumb/v7e-m/nofp\libstdc++_nano.a(del_ops.o) (operator delete(void*))
d:/st/stm32cubeide_1.9.0/stm32cubeide/plugins/com.st.stm32cube.ide.mcu.externaltools.gnu-tools-for-stm32.10.3-2021.10.win32_1.0.0.202111181127/tools/bin/../lib/gcc/arm-none-eabi/10.3.1/../../../../arm-none-eabi/lib/thumb/v7e-m/nofp\libstdc++_nano.a(eh_terminate.o)
                              d:/st/stm32cubeide_1.9.0/stm32cubeide/plugins/com.st.stm32cube.ide.mcu.externaltools.gnu-tools-for-stm32.10.3-2021.10.win32_1.0.0.202111181127/tools/bin/../lib/gcc/arm-none-eabi/10.3.1/../../../../arm-none-eabi/lib/thumb/v7e-m/nofp\libstdc++_nano.a(pure.o) (std::terminate())
d:/st/stm32cubeide_1.9.0/stm32cubeide/plugins/com.st.stm32cube.ide.mcu.externaltools.gnu-tools-for-stm32.10.3-2021.10.win32_1.0.0.202111181127/tools/bin/../lib/gcc/arm-none-eabi/10.3.1/../../../../arm-none-eabi/lib/thumb/v7e-m/nofp\libstdc++_nano.a(eh_unex_handler.o)
                              d:/st/stm32cubeide_1.9.0/stm32cubeide/plugins/com.st.stm32cube.ide.mcu.externaltools.gnu-tools-for-stm32.10.3-2021.10.win32_1.0.0.202111181127/tools/bin/../lib/gcc/arm-none-eabi/10.3.1/../../../../arm-none-eabi/lib/thumb/v7e-m/nofp\libstdc++_nano.a(eh_terminate.o) (__cxxabiv1::__unexpected_handler)
d:/st/stm32cubeide_1.9.0/stm32cubeide/plugins/com.st.stm32cube.ide.mcu.externaltools.gnu-tools-for-stm32.10.3-2021.10.win32_1.0.0.202111181127/tools/bin/../lib/gcc/arm-none-eabi/10.3.1/../../../../arm-none-eabi/lib/thumb/v7e-m/nofp\libstdc++_nano.a(new_handler.o)
                              d:/st/stm32cubeide_1.9.0/stm32cubeide/plugins/com.st.stm32cube.ide.mcu.externaltools.gnu-tools-for-stm32.10.3-2021.10.win32_1.0.0.202111181127/tools/bin/../lib/gcc/arm-none-eabi/10.3.1/../../../../arm-none-eabi/lib/thumb/v7e-m/nofp\libstdc++_nano.a(new_op.o) (std::get_new_handler())
d:/st/stm32cubeide_1.9.0/stm32cubeide/plugins/com.st.stm32cube.ide.mcu.externaltools.gnu-tools-for-stm32.10.3-2021.10.win32_1.0.0.202111181127/tools/bin/../lib/gcc/arm-none-eabi/10.3.1/../../../../arm-none-eabi/lib/thumb/v7e-m/nofp\libstdc++_nano.a(eh_term_handler.o)
                              d:/st/stm32cubeide_1.9.0/stm32cubeide/plugins/com.st.stm32cube.ide.mcu.externaltools.gnu-tools-for-stm32.10.3-2021.10.win32_1.0.0.202111181127/tools/bin/../lib/gcc/arm-none-eabi/10.3.1/../../../../arm-none-eabi/lib/thumb/v7e-m/nofp\libstdc++_nano.a(eh_terminate.o) (__cxxabiv1::__terminate_handler)
d:/st/stm32cubeide_1.9.0/stm32cubeide/plugins/com.st.stm32cube.ide.mcu.externaltools.gnu-tools-for-stm32.10.3-2021.10.win32_1.0.0.202111181127/tools/bin/../lib/gcc/arm-none-eabi/10.3.1/../../../../arm-none-eabi/lib/thumb/v7e-m/nofp\libm.a(lib_a-sf_round.o)
                              ./Core/Fanet/app.o (roundf)
[...]
Memory Configuration

Name             Origin             Length             Attributes
RAM              0x0000000020000000 0x0000000000010000 xrw
RAM2             0x0000000010000000 0x0000000000008000 xrw
FLASH            0x0000000008000000 0x0000000000040000 xr
*default*        0x0000000000000000 0xffffffffffffffff

Linker script and memory map

LOAD d:/st/stm32cubeide_1.9.0/stm32cubeide/plugins/com.st.stm32cube.ide.mcu.externaltools.gnu-tools-for-stm32.10.3-2021.10.win32_1.0.0.202111181127/tools/bin/../lib/gcc/arm-none-eabi/10.3.1/thumb/v7e-m/nofp/crti.o
LOAD d:/st/stm32cubeide_1.9.0/stm32cubeide/plugins/com.st.stm32cube.ide.mcu.externaltools.gnu-tools-for-stm32.10.3-2021.10.win32_1.0.0.202111181127/tools/bin/../lib/gcc/arm-none-eabi/10.3.1/thumb/v7e-m/nofp/crtbegin.o
LOAD d:/st/stm32cubeide_1.9.0/stm32cubeide/plugins/com.st.stm32cube.ide.mcu.externaltools.gnu-tools-for-stm32.10.3-2021.10.win32_1.0.0.202111181127/tools/bin/../lib/gcc/arm-none-eabi/10.3.1/../../../../arm-none-eabi/lib/thumb/v7e-m/nofp/crt0.o
LOAD ./Core/Fanet/TimerObject.o
LOAD ./Core/Fanet/app.o
LOAD ./Core/Fanet/circular_buffer.o
LOAD ./Core/Fanet/fanet.o
LOAD ./Core/Fanet/fmac.o
LOAD ./Core/Fanet/frame.o
LOAD ./Core/Fanet/jump.o
LOAD ./Core/Fanet/random.o
LOAD ./Core/Fanet/serial.o
LOAD ./Core/Fanet/serial_interface.o
LOAD ./Core/Fanet/sx1272.o
LOAD ./Core/Src/main.o
LOAD ./Core/Src/stm32_adv_trace_if.o
LOAD ./Core/Src/stm32_lpm_if.o
LOAD ./Core/Src/stm32wlxx_hal_msp.o
LOAD ./Core/Src/stm32wlxx_it.o
LOAD ./Core/Src/sys_app.o
LOAD ./Core/Src/syscalls.o
LOAD ./Core/Src/sysmem.o
LOAD ./Core/Src/system_stm32wlxx.o
LOAD ./Core/Src/timer_if.o
LOAD ./Core/Startup/startup_stm32wle5jcix.o
LOAD ./Drivers/STM32WLxx_HAL_Driver/Src/stm32wlxx_hal.o
LOAD ./Drivers/STM32WLxx_HAL_Driver/Src/stm32wlxx_hal_cortex.o
LOAD ./Drivers/STM32WLxx_HAL_Driver/Src/stm32wlxx_hal_dma.o
LOAD ./Drivers/STM32WLxx_HAL_Driver/Src/stm32wlxx_hal_dma_ex.o
LOAD ./Drivers/STM32WLxx_HAL_Driver/Src/stm32wlxx_hal_exti.o
LOAD ./Drivers/STM32WLxx_HAL_Driver/Src/stm32wlxx_hal_flash.o
LOAD ./Drivers/STM32WLxx_HAL_Driver/Src/stm32wlxx_hal_flash_ex.o
LOAD ./Drivers/STM32WLxx_HAL_Driver/Src/stm32wlxx_hal_gpio.o
LOAD ./Drivers/STM32WLxx_HAL_Driver/Src/stm32wlxx_hal_pwr.o
LOAD ./Drivers/STM32WLxx_HAL_Driver/Src/stm32wlxx_hal_pwr_ex.o
LOAD ./Drivers/STM32WLxx_HAL_Driver/Src/stm32wlxx_hal_rcc.o
LOAD ./Drivers/STM32WLxx_HAL_Driver/Src/stm32wlxx_hal_rcc_ex.o
LOAD ./Drivers/STM32WLxx_HAL_Driver/Src/stm32wlxx_hal_subghz.o
LOAD ./Drivers/STM32WLxx_HAL_Driver/Src/stm32wlxx_hal_tim.o
LOAD ./Drivers/STM32WLxx_HAL_Driver/Src/stm32wlxx_hal_tim_ex.o
LOAD ./Drivers/STM32WLxx_HAL_Driver/Src/stm32wlxx_hal_uart.o
LOAD ./Drivers/STM32WLxx_HAL_Driver/Src/stm32wlxx_hal_uart_ex.o
LOAD ./Middlewares/Third_Party/SubGHz_Phy/stm32_radio_driver/radio.o
LOAD ./Middlewares/Third_Party/SubGHz_Phy/stm32_radio_driver/radio_driver.o
LOAD ./Middlewares/Third_Party/SubGHz_Phy/stm32_radio_driver/radio_fw.o
LOAD ./SubGHz_Phy/App/app_subghz_phy.o
LOAD ./SubGHz_Phy/App/subghz_phy_app.o
LOAD ./SubGHz_Phy/Target/radio_board_if.o
LOAD ./Utilities/lpm/tiny_lpm/stm32_lpm.o
LOAD ./Utilities/misc/stm32_mem.o
LOAD ./Utilities/misc/stm32_systime.o
LOAD ./Utilities/misc/stm32_tiny_sscanf.o
LOAD ./Utilities/misc/stm32_tiny_vsnprintf.o
LOAD ./Utilities/sequencer/stm32_seq.o
LOAD ./Utilities/timer/stm32_timer.o
LOAD ./Utilities/trace/adv_trace/stm32_adv_trace.o
START GROUP
LOAD d:/st/stm32cubeide_1.9.0/stm32cubeide/plugins/com.st.stm32cube.ide.mcu.externaltools.gnu-tools-for-stm32.10.3-2021.10.win32_1.0.0.202111181127/tools/bin/../lib/gcc/arm-none-eabi/10.3.1/../../../../arm-none-eabi/lib/thumb/v7e-m/nofp\libstdc++_nano.a
LOAD d:/st/stm32cubeide_1.9.0/stm32cubeide/plugins/com.st.stm32cube.ide.mcu.externaltools.gnu-tools-for-stm32.10.3-2021.10.win32_1.0.0.202111181127/tools/bin/../lib/gcc/arm-none-eabi/10.3.1/../../../../arm-none-eabi/lib/thumb/v7e-m/nofp\libsupc++_nano.a
END GROUP
LOAD d:/st/stm32cubeide_1.9.0/stm32cubeide/plugins/com.st.stm32cube.ide.mcu.externaltools.gnu-tools-for-stm32.10.3-2021.10.win32_1.0.0.202111181127/tools/bin/../lib/gcc/arm-none-eabi/10.3.1/../../../../arm-none-eabi/lib/thumb/v7e-m/nofp\libstdc++_nano.a
LOAD d:/st/stm32cubeide_1.9.0/stm32cubeide/plugins/com.st.stm32cube.ide.mcu.externaltools.gnu-tools-for-stm32.10.3-2021.10.win32_1.0.0.202111181127/tools/bin/../lib/gcc/arm-none-eabi/10.3.1/../../../../arm-none-eabi/lib/thumb/v7e-m/nofp\libm.a
LOAD d:/st/stm32cubeide_1.9.0/stm32cubeide/plugins/com.st.stm32cube.ide.mcu.externaltools.gnu-tools-for-stm32.10.3-2021.10.win32_1.0.0.202111181127/tools/bin/../lib/gcc/arm-none-eabi/10.3.1/../../../../arm-none-eabi/lib/thumb/v7e-m/nofp\libc_nano.a
START GROUP
LOAD d:/st/stm32cubeide_1.9.0/stm32cubeide/plugins/com.st.stm32cube.ide.mcu.externaltools.gnu-tools-for-stm32.10.3-2021.10.win32_1.0.0.202111181127/tools/bin/../lib/gcc/arm-none-eabi/10.3.1/thumb/v7e-m/nofp\libgcc.a
LOAD d:/st/stm32cubeide_1.9.0/stm32cubeide/plugins/com.st.stm32cube.ide.mcu.externaltools.gnu-tools-for-stm32.10.3-2021.10.win32_1.0.0.202111181127/tools/bin/../lib/gcc/arm-none-eabi/10.3.1/../../../../arm-none-eabi/lib/thumb/v7e-m/nofp\libc_nano.a
END GROUP
START GROUP
LOAD d:/st/stm32cubeide_1.9.0/stm32cubeide/plugins/com.st.stm32cube.ide.mcu.externaltools.gnu-tools-for-stm32.10.3-2021.10.win32_1.0.0.202111181127/tools/bin/../lib/gcc/arm-none-eabi/10.3.1/thumb/v7e-m/nofp\libgcc.a
LOAD d:/st/stm32cubeide_1.9.0/stm32cubeide/plugins/com.st.stm32cube.ide.mcu.externaltools.gnu-tools-for-stm32.10.3-2021.10.win32_1.0.0.202111181127/tools/bin/../lib/gcc/arm-none-eabi/10.3.1/../../../../arm-none-eabi/lib/thumb/v7e-m/nofp\libc_nano.a
LOAD d:/st/stm32cubeide_1.9.0/stm32cubeide/plugins/com.st.stm32cube.ide.mcu.externaltools.gnu-tools-for-stm32.10.3-2021.10.win32_1.0.0.202111181127/tools/bin/../lib/gcc/arm-none-eabi/10.3.1/../../../../arm-none-eabi/lib/thumb/v7e-m/nofp\libnosys.a
END GROUP
START GROUP
LOAD d:/st/stm32cubeide_1.9.0/stm32cubeide/plugins/com.st.stm32cube.ide.mcu.externaltools.gnu-tools-for-stm32.10.3-2021.10.win32_1.0.0.202111181127/tools/bin/../lib/gcc/arm-none-eabi/10.3.1/thumb/v7e-m/nofp\libgcc.a
LOAD d:/st/stm32cubeide_1.9.0/stm32cubeide/plugins/com.st.stm32cube.ide.mcu.externaltools.gnu-tools-for-stm32.10.3-2021.10.win32_1.0.0.202111181127/tools/bin/../lib/gcc/arm-none-eabi/10.3.1/../../../../arm-none-eabi/lib/thumb/v7e-m/nofp\libc_nano.a
LOAD d:/st/stm32cubeide_1.9.0/stm32cubeide/plugins/com.st.stm32cube.ide.mcu.externaltools.gnu-tools-for-stm32.10.3-2021.10.win32_1.0.0.202111181127/tools/bin/../lib/gcc/arm-none-eabi/10.3.1/../../../../arm-none-eabi/lib/thumb/v7e-m/nofp\libnosys.a
END GROUP
LOAD d:/st/stm32cubeide_1.9.0/stm32cubeide/plugins/com.st.stm32cube.ide.mcu.externaltools.gnu-tools-for-stm32.10.3-2021.10.win32_1.0.0.202111181127/tools/bin/../lib/gcc/arm-none-eabi/10.3.1/thumb/v7e-m/nofp/crtend.o
LOAD d:/st/stm32cubeide_1.9.0/stm32cubeide/plugins/com.st.stm32cube.ide.mcu.externaltools.gnu-tools-for-stm32.10.3-2021.10.win32_1.0.0.202111181127/tools/bin/../lib/gcc/arm-none-eabi/10.3.1/thumb/v7e-m/nofp/crtn.o
                0x0000000020010000                _estack = (ORIGIN (RAM) + LENGTH (RAM))
                0x0000000000000200                _Min_Heap_Size = 0x200
                0x0000000000000400                _Min_Stack_Size = 0x400

.isr_vector     0x0000000008000000      0x138
                0x0000000008000000                . = ALIGN (0x4)
 *(.isr_vector)
 .isr_vector    0x0000000008000000      0x138 ./Core/Startup/startup_stm32wle5jcix.o
                0x0000000008000000                g_pfnVectors
                0x0000000008000138                . = ALIGN (0x4)

.text           0x0000000008000140    0x1042c
                0x0000000008000140                . = ALIGN (0x4)
 *(.text)
 .text          0x0000000008000140       0x40 d:/st/stm32cubeide_1.9.0/stm32cubeide/plugins/com.st.stm32cube.ide.mcu.externaltools.gnu-tools-for-stm32.10.3-2021.10.win32_1.0.0.202111181127/tools/bin/../lib/gcc/arm-none-eabi/10.3.1/thumb/v7e-m/nofp/crtbegin.o
 .text          0x0000000008000180       0x10 d:/st/stm32cubeide_1.9.0/stm32cubeide/plugins/com.st.stm32cube.ide.mcu.externaltools.gnu-tools-for-stm32.10.3-2021.10.win32_1.0.0.202111181127/tools/bin/../lib/gcc/arm-none-eabi/10.3.1/../../../../arm-none-eabi/lib/thumb/v7e-m/nofp\libc_nano.a(lib_a-strlen.o)
                0x0000000008000180                strlen
 .text          0x0000000008000190       0xa0 d:/st/stm32cubeide_1.9.0/stm32cubeide/plugins/com.st.stm32cube.ide.mcu.externaltools.gnu-tools-for-stm32.10.3-2021.10.win32_1.0.0.202111181127/tools/bin/../lib/gcc/arm-none-eabi/10.3.1/../../../../arm-none-eabi/lib/thumb/v7e-m/nofp\libc_nano.a(lib_a-memchr.o)
                0x0000000008000190                memchr
 .text          0x0000000008000230      0x378 d:/st/stm32cubeide_1.9.0/stm32cubeide/plugins/com.st.stm32cube.ide.mcu.externaltools.gnu-tools-for-stm32.10.3-2021.10.win32_1.0.0.202111181127/tools/bin/../lib/gcc/arm-none-eabi/10.3.1/thumb/v7e-m/nofp\libgcc.a(_arm_addsubdf3.o)
                0x0000000008000230                __aeabi_drsub
                0x0000000008000238                __aeabi_dsub
                0x0000000008000238                __subdf3
                0x000000000800023c                __aeabi_dadd
                0x000000000800023c                __adddf3
                0x00000000080004b4                __floatunsidf
                0x00000000080004b4                __aeabi_ui2d
                0x00000000080004d4                __floatsidf
                0x00000000080004d4                __aeabi_i2d
                0x00000000080004f8                __aeabi_f2d
                0x00000000080004f8                __extendsfdf2
                0x000000000800053c                __floatundidf
                0x000000000800053c                __aeabi_ul2d
                0x000000000800054c                __floatdidf
                0x000000000800054c                __aeabi_l2d
 .text          0x00000000080005a8      0x424 d:/st/stm32cubeide_1.9.0/stm32cubeide/plugins/com.st.stm32cube.ide.mcu.externaltools.gnu-tools-for-stm32.10.3-2021.10.win32_1.0.0.202111181127/tools/bin/../lib/gcc/arm-none-eabi/10.3.1/thumb/v7e-m/nofp\libgcc.a(_arm_muldivdf3.o)
                0x00000000080005a8                __aeabi_dmul
                0x00000000080005a8                __muldf3
                0x00000000080007fc                __divdf3
                0x00000000080007fc                __aeabi_ddiv
 .text          0x00000000080009cc      0x110 d:/st/stm32cubeide_1.9.0/stm32cubeide/plugins/com.st.stm32cube.ide.mcu.externaltools.gnu-tools-for-stm32.10.3-2021.10.win32_1.0.0.202111181127/tools/bin/../lib/gcc/arm-none-eabi/10.3.1/thumb/v7e-m/nofp\libgcc.a(_arm_cmpdf2.o)
                0x00000000080009cc                __gtdf2
                0x00000000080009cc                __gedf2
                0x00000000080009d4                __ltdf2
                0x00000000080009d4                __ledf2
                0x00000000080009dc                __nedf2
                0x00000000080009dc                __eqdf2
                0x00000000080009dc                __cmpdf2
                0x0000000008000a58                __aeabi_cdrcmple
                0x0000000008000a68                __aeabi_cdcmpeq
                0x0000000008000a68                __aeabi_cdcmple
                0x0000000008000a78                __aeabi_dcmpeq
                0x0000000008000a8c                __aeabi_dcmplt
                0x0000000008000aa0                __aeabi_dcmple
                0x0000000008000ab4                __aeabi_dcmpge
                0x0000000008000ac8                __aeabi_dcmpgt
 .text          0x0000000008000adc       0x40 d:/st/stm32cubeide_1.9.0/stm32cubeide/plugins/com.st.stm32cube.ide.mcu.externaltools.gnu-tools-for-stm32.10.3-2021.10.win32_1.0.0.202111181127/tools/bin/../lib/gcc/arm-none-eabi/10.3.1/thumb/v7e-m/nofp\libgcc.a(_arm_fixunsdfsi.o)
                0x0000000008000adc                __aeabi_d2uiz
                0x0000000008000adc                __fixunsdfsi
 .text          0x0000000008000b1c       0xa0 d:/st/stm32cubeide_1.9.0/stm32cubeide/plugins/com.st.stm32cube.ide.mcu.externaltools.gnu-tools-for-stm32.10.3-2021.10.win32_1.0.0.202111181127/tools/bin/../lib/gcc/arm-none-eabi/10.3.1/thumb/v7e-m/nofp\libgcc.a(_arm_truncdfsf2.o)
                0x0000000008000b1c                __truncdfsf2
                0x0000000008000b1c                __aeabi_d2f
 .text          0x0000000008000bbc      0x21c d:/st/stm32cubeide_1.9.0/stm32cubeide/plugins/com.st.stm32cube.ide.mcu.externaltools.gnu-tools-for-stm32.10.3-2021.10.win32_1.0.0.202111181127/tools/bin/../lib/gcc/arm-none-eabi/10.3.1/thumb/v7e-m/nofp\libgcc.a(_arm_addsubsf3.o)
                0x0000000008000bbc                __aeabi_frsub
                0x0000000008000bc4                __subsf3
                0x0000000008000bc4                __aeabi_fsub
                0x0000000008000bc8                __aeabi_fadd
                0x0000000008000bc8                __addsf3
                0x0000000008000d28                __aeabi_ui2f
                0x0000000008000d28                __floatunsisf
                0x0000000008000d30                __aeabi_i2f
                0x0000000008000d30                __floatsisf
                0x0000000008000d4c                __aeabi_ul2f
                0x0000000008000d4c                __floatundisf
                0x0000000008000d5c                __aeabi_l2f
                0x0000000008000d5c                __floatdisf
 .text          0x0000000008000dd8      0x2a0 d:/st/stm32cubeide_1.9.0/stm32cubeide/plugins/com.st.stm32cube.ide.mcu.externaltools.gnu-tools-for-stm32.10.3-2021.10.win32_1.0.0.202111181127/tools/bin/../lib/gcc/arm-none-eabi/10.3.1/thumb/v7e-m/nofp\libgcc.a(_arm_muldivsf3.o)
                0x0000000008000dd8                __mulsf3
                0x0000000008000dd8                __aeabi_fmul
                0x0000000008000f40                __aeabi_fdiv
                0x0000000008000f40                __divsf3
 .text          0x0000000008001078       0xec d:/st/stm32cubeide_1.9.0/stm32cubeide/plugins/com.st.stm32cube.ide.mcu.externaltools.gnu-tools-for-stm32.10.3-2021.10.win32_1.0.0.202111181127/tools/bin/../lib/gcc/arm-none-eabi/10.3.1/thumb/v7e-m/nofp\libgcc.a(_arm_cmpsf2.o)
                0x0000000008001078                __gesf2
                0x0000000008001078                __gtsf2
                0x0000000008001080                __lesf2
                0x0000000008001080                __ltsf2
                0x0000000008001088                __nesf2
                0x0000000008001088                __eqsf2
                0x0000000008001088                __cmpsf2
                0x00000000080010e8                __aeabi_cfrcmple
                0x00000000080010f0                __aeabi_cfcmpeq
                0x00000000080010f0                __aeabi_cfcmple
                0x0000000008001100                __aeabi_fcmpeq
                0x0000000008001114                __aeabi_fcmplt
                0x0000000008001128                __aeabi_fcmple
                0x000000000800113c                __aeabi_fcmpge
                0x0000000008001150                __aeabi_fcmpgt
 .text          0x0000000008001164       0x2c d:/st/stm32cubeide_1.9.0/stm32cubeide/plugins/com.st.stm32cube.ide.mcu.externaltools.gnu-tools-for-stm32.10.3-2021.10.win32_1.0.0.202111181127/tools/bin/../lib/gcc/arm-none-eabi/10.3.1/thumb/v7e-m/nofp\libgcc.a(_arm_unordsf2.o)
                0x0000000008001164                __unordsf2
                0x0000000008001164                __aeabi_fcmpun
 .text          0x0000000008001190       0x4c d:/st/stm32cubeide_1.9.0/stm32cubeide/plugins/com.st.stm32cube.ide.mcu.externaltools.gnu-tools-for-stm32.10.3-2021.10.win32_1.0.0.202111181127/tools/bin/../lib/gcc/arm-none-eabi/10.3.1/thumb/v7e-m/nofp\libgcc.a(_arm_fixsfsi.o)
                0x0000000008001190                __aeabi_f2iz
                0x0000000008001190                __fixsfsi
 .text          0x00000000080011dc       0x30 d:/st/stm32cubeide_1.9.0/stm32cubeide/plugins/com.st.stm32cube.ide.mcu.externaltools.gnu-tools-for-stm32.10.3-2021.10.win32_1.0.0.202111181127/tools/bin/../lib/gcc/arm-none-eabi/10.3.1/thumb/v7e-m/nofp\libgcc.a(_aeabi_uldivmod.o)
                0x00000000080011dc                __aeabi_uldivmod
 .text          0x000000000800120c       0x34 d:/st/stm32cubeide_1.9.0/stm32cubeide/plugins/com.st.stm32cube.ide.mcu.externaltools.gnu-tools-for-stm32.10.3-2021.10.win32_1.0.0.202111181127/tools/bin/../lib/gcc/arm-none-eabi/10.3.1/thumb/v7e-m/nofp\libgcc.a(_fixdfdi.o)
                0x000000000800120c                __fixdfdi
                0x000000000800120c                __aeabi_d2lz
 .text          0x0000000008001240       0x3c d:/st/stm32cubeide_1.9.0/stm32cubeide/plugins/com.st.stm32cube.ide.mcu.externaltools.gnu-tools-for-stm32.10.3-2021.10.win32_1.0.0.202111181127/tools/bin/../lib/gcc/arm-none-eabi/10.3.1/thumb/v7e-m/nofp\libgcc.a(_fixunsdfdi.o)
                0x0000000008001240                __fixunsdfdi
                0x0000000008001240                __aeabi_d2ulz
 .text          0x000000000800127c      0x2d0 d:/st/stm32cubeide_1.9.0/stm32cubeide/plugins/com.st.stm32cube.ide.mcu.externaltools.gnu-tools-for-stm32.10.3-2021.10.win32_1.0.0.202111181127/tools/bin/../lib/gcc/arm-none-eabi/10.3.1/thumb/v7e-m/nofp\libgcc.a(_udivmoddi4.o)
                0x000000000800127c                __udivmoddi4
 .text          0x000000000800154c        0x4 d:/st/stm32cubeide_1.9.0/stm32cubeide/plugins/com.st.stm32cube.ide.mcu.externaltools.gnu-tools-for-stm32.10.3-2021.10.win32_1.0.0.202111181127/tools/bin/../lib/gcc/arm-none-eabi/10.3.1/thumb/v7e-m/nofp\libgcc.a(_dvmd_tls.o)
                0x000000000800154c                __aeabi_idiv0
                0x000000000800154c                __aeabi_ldiv0
 *(.text*)
 .text._ZN11TimerObjectC2EmPFvvE
                0x0000000008001550       0x22 ./Core/Fanet/TimerObject.o
                0x0000000008001550                TimerObject::TimerObject(unsigned long, void (*)())
                0x0000000008001550                TimerObject::TimerObject(unsigned long, void (*)())
 .text._ZN11TimerObject6CreateEmPFvvEb
                0x0000000008001572       0x3e ./Core/Fanet/TimerObject.o
                0x0000000008001572                TimerObject::Create(unsigned long, void (*)(), bool)
 .text._ZN11TimerObject11setIntervalEm
                0x00000000080015b0       0x1a ./Core/Fanet/TimerObject.o
                0x00000000080015b0                TimerObject::setInterval(unsigned long)
 .text._ZN11TimerObject10setEnabledEb
                0x00000000080015ca       0x1c ./Core/Fanet/TimerObject.o
                0x00000000080015ca                TimerObject::setEnabled(bool)
 .text._ZN11TimerObject13setSingleShotEb
                0x00000000080015e6       0x1c ./Core/Fanet/TimerObject.o
                0x00000000080015e6                TimerObject::setSingleShot(bool)
 .text._ZN11TimerObject10setOnTimerEPFvvE
                0x0000000008001602       0x1a ./Core/Fanet/TimerObject.o
                0x0000000008001602                TimerObject::setOnTimer(void (*)())
 .text._ZN11TimerObject5StartEv
                0x000000000800161c       0x22 ./Core/Fanet/TimerObject.o
                0x000000000800161c                TimerObject::Start()
 .text._ZN11TimerObject4StopEv
                0x000000000800163e       0x18 ./Core/Fanet/TimerObject.o
                0x000000000800163e                TimerObject::Stop()
 .text._ZN11TimerObject6UpdateEv
                0x0000000008001656       0x22 ./Core/Fanet/TimerObject.o
                0x0000000008001656                TimerObject::Update()
 .text._ZN11TimerObject4TickEv
                0x0000000008001678       0x84 ./Core/Fanet/TimerObject.o
                0x0000000008001678                TimerObject::Tick()
 .text._ZN11TimerObject12isSingleShotEv
                0x00000000080016fc       0x16 ./Core/Fanet/TimerObject.o
                0x00000000080016fc                TimerObject::isSingleShot()
 .text._ZSt5isnanf
                0x0000000008001712       0x32 ./Core/Fanet/app.o
                0x0000000008001712                std::isnan(float)
 .text._ZSt5roundf
                0x0000000008001744       0x18 ./Core/Fanet/app.o
                0x0000000008001744                std::round(float)
 .text._ZN7MacAddrC2Ev
                0x000000000800175c       0x20 ./Core/Fanet/app.o
                0x000000000800175c                MacAddr::MacAddr()
                0x000000000800175c                MacAddr::MacAddr()
 .text._ZN7MacAddrC2ERKS_
                0x000000000800177c       0x26 ./Core/Fanet/app.o
                0x000000000800177c                MacAddr::MacAddr(MacAddr const&)
                0x000000000800177c                MacAddr::MacAddr(MacAddr const&)
 .text._ZN5FrameC2E7MacAddr
                0x00000000080017a2       0x5e ./Core/Fanet/app.o
                0x00000000080017a2                Frame::Frame(MacAddr)
                0x00000000080017a2                Frame::Frame(MacAddr)
 .text._ZN4FappC2Ev
                0x0000000008001800       0x20 ./Core/Fanet/app.o
                0x0000000008001800                Fapp::Fapp()
                0x0000000008001800                Fapp::Fapp()
 .text._ZN4FappD2Ev
                0x0000000008001820       0x20 ./Core/Fanet/app.o
                0x0000000008001820                Fapp::~Fapp()
                0x0000000008001820                Fapp::~Fapp()
 .text._ZN4FappD0Ev
                0x0000000008001840       0x20 ./Core/Fanet/app.o
                0x0000000008001840                Fapp::~Fapp()
 .text._ZN3App20broadcast_successfulEi
                0x0000000008001860       0x1c ./Core/Fanet/app.o
                0x0000000008001860                App::broadcast_successful(int)
 .text._ZN3App12handle_ackedEbR7MacAddr
                0x000000000800187c       0x2e ./Core/Fanet/app.o
                0x000000000800187c                App::handle_acked(bool, MacAddr&)
 .text._ZN3App12handle_frameEP5Frame
                0x00000000080018aa       0x28 ./Core/Fanet/app.o
                0x00000000080018aa                App::handle_frame(Frame*)
 *fill*         0x00000000080018d2        0x2 
 .text._ZN3App17serializeTrackingERPh
                0x00000000080018d4      0x388 ./Core/Fanet/app.o
                0x00000000080018d4                App::serializeTracking(unsigned char*&)
 .text._ZN3App23serializeGroundTrackingERPh
                0x0000000008001c5c       0x52 ./Core/Fanet/app.o
                0x0000000008001c5c                App::serializeGroundTracking(unsigned char*&)
 *fill*         0x0000000008001cae        0x2 
 .text._ZN3App3setEffffffff
                0x0000000008001cb0       0xbc ./Core/Fanet/app.o
                0x0000000008001cb0                App::set(float, float, float, float, float, float, float, float)
 .text._ZN3App18is_broadcast_readyEi
                0x0000000008001d6c       0xac ./Core/Fanet/app.o
                0x0000000008001d6c                App::is_broadcast_ready(int)
 .text._ZN3App9get_frameEv
                0x0000000008001e18       0x8c ./Core/Fanet/app.o
                0x0000000008001e18                App::get_frame()
 .text._ZN3AppC2Ev
                0x0000000008001ea4       0x6c ./Core/Fanet/app.o
                0x0000000008001ea4                App::App()
                0x0000000008001ea4                App::App()
 .text._Z9constrainIiERKT_S2_S2_S2_
                0x0000000008001f10       0x38 ./Core/Fanet/app.o
                0x0000000008001f10                int const& constrain<int>(int const&, int const&, int const&)
 .text._ZN3AppD2Ev
                0x0000000008001f48       0x24 ./Core/Fanet/app.o
                0x0000000008001f48                App::~App()
                0x0000000008001f48                App::~App()
 .text._ZN3AppD0Ev
                0x0000000008001f6c       0x20 ./Core/Fanet/app.o
                0x0000000008001f6c                App::~App()
 .text._Z41__static_initialization_and_destruction_0ii
                0x0000000008001f8c       0x50 ./Core/Fanet/app.o
 .text._GLOBAL__sub_I__ZN3App17serializeTrackingERPh
                0x0000000008001fdc       0x10 ./Core/Fanet/app.o
 .text._GLOBAL__sub_D__ZN3App17serializeTrackingERPh
                0x0000000008001fec       0x10 ./Core/Fanet/app.o
 .text.circ_buf_pop
                0x0000000008001ffc       0x54 ./Core/Fanet/circular_buffer.o
                0x0000000008001ffc                circ_buf_pop
 .text._ZN8FanetMac6handleEv
                0x0000000008002050       0x18 ./Core/Fanet/fanet.o
                0x0000000008002050                FanetMac::handle()
 .text.fanet_init_fake
                0x0000000008002068       0x2c ./Core/Fanet/fanet.o
                0x0000000008002068                fanet_init_fake
 .text.fanet_pps_int
                0x0000000008002094        0xc ./Core/Fanet/fanet.o
                0x0000000008002094                fanet_pps_int
 .text.fanet_loop
                0x00000000080020a0       0x3c ./Core/Fanet/fanet.o
                0x00000000080020a0                fanet_loop
 .text._ZN11TimerObjectD2Ev
                0x00000000080020dc       0x18 ./Core/Fanet/fmac.o
                0x00000000080020dc                TimerObject::~TimerObject()
                0x00000000080020dc                TimerObject::~TimerObject()
 .text._ZN7MacAddrC2Eii
                0x00000000080020f4       0x24 ./Core/Fanet/fmac.o
                0x00000000080020f4                MacAddr::MacAddr(int, int)
                0x00000000080020f4                MacAddr::MacAddr(int, int)
 .text._ZNK7MacAddreqERKS_
                0x0000000008002118       0x32 ./Core/Fanet/fmac.o
                0x0000000008002118                MacAddr::operator==(MacAddr const&) const
 .text._ZNK7MacAddrneERKS_
                0x000000000800214a       0x32 ./Core/Fanet/fmac.o
                0x000000000800214a                MacAddr::operator!=(MacAddr const&) const
 .text._ZN5FrameD2Ev
                0x000000000800217c       0x24 ./Core/Fanet/fmac.o
                0x000000000800217c                Frame::~Frame()
                0x000000000800217c                Frame::~Frame()
 .text._ZN12NeighborNodeC2E7MacAddrb
                0x00000000080021a0       0x34 ./Core/Fanet/fmac.o
                0x00000000080021a0                NeighborNode::NeighborNode(MacAddr, bool)
                0x00000000080021a0                NeighborNode::NeighborNode(MacAddr, bool)
 .text._ZN12NeighborNode4seenEv
                0x00000000080021d4       0x1a ./Core/Fanet/fmac.o
                0x00000000080021d4                NeighborNode::seen()
 .text._ZN12NeighborNode8isAroundEv
                0x00000000080021ee       0x2a ./Core/Fanet/fmac.o
                0x00000000080021ee                NeighborNode::isAround()
 .text._ZN7MacFifo4sizeEv
                0x0000000008002218       0x1a ./Core/Fanet/fmac.o
                0x0000000008002218                MacFifo::size()
 .text._ZN7MacFifoC2Ev
                0x0000000008002232       0x1a ./Core/Fanet/fmac.o
                0x0000000008002232                MacFifo::MacFifo()
                0x0000000008002232                MacFifo::MacFifo()
 .text._ZN7MacFifoD2Ev
                0x000000000800224c       0x1a ./Core/Fanet/fmac.o
                0x000000000800224c                MacFifo::~MacFifo()
                0x000000000800224c                MacFifo::~MacFifo()
 *fill*         0x0000000008002266        0x2 
 .text._ZN8FanetMacC2Ev
                0x0000000008002268       0x7c ./Core/Fanet/fmac.o
                0x0000000008002268                FanetMac::FanetMac()
                0x0000000008002268                FanetMac::FanetMac()
 .text._ZN8FanetMacD2Ev
                0x00000000080022e4       0x38 ./Core/Fanet/fmac.o
                0x00000000080022e4                FanetMac::~FanetMac()
                0x00000000080022e4                FanetMac::~FanetMac()
 .text._ZN7MacFifo10get_nexttxEv
                0x000000000800231c       0xa0 ./Core/Fanet/fmac.o
                0x000000000800231c                MacFifo::get_nexttx()
 .text._ZN7MacFifo13frame_in_listEP5Frame
                0x00000000080023bc       0x7a ./Core/Fanet/fmac.o
                0x00000000080023bc                MacFifo::frame_in_list(Frame*)
 .text._ZN7MacFifo5frontEv
                0x0000000008002436       0x34 ./Core/Fanet/fmac.o
                0x0000000008002436                MacFifo::front()
 *fill*         0x000000000800246a        0x2 
 .text._ZN7MacFifo3addEP5Frame
                0x000000000800246c      0x108 ./Core/Fanet/fmac.o
                0x000000000800246c                MacFifo::add(Frame*)
 .text._ZN7MacFifo13remove_deleteEP5Frame
                0x0000000008002574       0xa0 ./Core/Fanet/fmac.o
                0x0000000008002574                MacFifo::remove_delete(Frame*)
 .text._ZN7MacFifo25remove_delete_acked_frameE7MacAddr
                0x0000000008002614       0xa8 ./Core/Fanet/fmac.o
                0x0000000008002614                MacFifo::remove_delete_acked_frame(MacAddr)
 .text._ZN8FanetMac5beginER4Fapp
                0x00000000080026bc       0x74 ./Core/Fanet/fmac.o
                0x00000000080026bc                FanetMac::begin(Fapp&)
 .text._ZN8FanetMac12stateWrapperEv
                0x0000000008002730       0x18 ./Core/Fanet/fmac.o
                0x0000000008002730                FanetMac::stateWrapper()
 .text._ZN8FanetMac10isNeighborE7MacAddr
                0x0000000008002748       0x5e ./Core/Fanet/fmac.o
                0x0000000008002748                FanetMac::isNeighbor(MacAddr)
 .text._ZN8FanetMac3ackEP5Frame
                0x00000000080027a6       0x9c ./Core/Fanet/fmac.o
                0x00000000080027a6                FanetMac::ack(Frame*)
 .text._ZN8FanetMac8handleRxEv
                0x0000000008002842      0x3ca ./Core/Fanet/fmac.o
                0x0000000008002842                FanetMac::handleRx()
 .text._ZN8FanetMac8handleTxEv
                0x0000000008002c0c      0x388 ./Core/Fanet/fmac.o
                0x0000000008002c0c                FanetMac::handleTx()
 .text._ZN8FanetMac8readAddrEv
                0x0000000008002f94       0x78 ./Core/Fanet/fmac.o
                0x0000000008002f94                FanetMac::readAddr()
 .text._ZN8FanetMac7setAddrE7MacAddr
                0x000000000800300c       0xe0 ./Core/Fanet/fmac.o
                0x000000000800300c                FanetMac::setAddr(MacAddr)
 .text._ZN8FanetMac9eraseAddrEv
                0x00000000080030ec       0x14 ./Core/Fanet/fmac.o
                0x00000000080030ec                FanetMac::eraseAddr()
 .text._ZN10LinkedListIP5FrameE4sizeEv
                0x0000000008003100       0x16 ./Core/Fanet/fmac.o
                0x0000000008003100                LinkedList<Frame*>::size()
 *fill*         0x0000000008003116        0x2 
 .text._ZN10LinkedListIP5FrameEC2Ev
                0x0000000008003118       0x44 ./Core/Fanet/fmac.o
                0x0000000008003118                LinkedList<Frame*>::LinkedList()
                0x0000000008003118                LinkedList<Frame*>::LinkedList()
 .text._ZN10LinkedListIP5FrameED2Ev
                0x000000000800315c       0x58 ./Core/Fanet/fmac.o
                0x000000000800315c                LinkedList<Frame*>::~LinkedList()
                0x000000000800315c                LinkedList<Frame*>::~LinkedList()
 .text._ZN10LinkedListIP12NeighborNodeEC2Ev
                0x00000000080031b4       0x44 ./Core/Fanet/fmac.o
                0x00000000080031b4                LinkedList<NeighborNode*>::LinkedList()
                0x00000000080031b4                LinkedList<NeighborNode*>::LinkedList()
 .text._ZN10LinkedListIP12NeighborNodeED2Ev
                0x00000000080031f8       0x58 ./Core/Fanet/fmac.o
                0x00000000080031f8                LinkedList<NeighborNode*>::~LinkedList()
                0x00000000080031f8                LinkedList<NeighborNode*>::~LinkedList()
 .text._ZN10LinkedListIP12NeighborNodeE4sizeEv
                0x0000000008003250       0x16 ./Core/Fanet/fmac.o
                0x0000000008003250                LinkedList<NeighborNode*>::size()
 .text._ZN10LinkedListIP5FrameE3getEi
                0x0000000008003266       0x2a ./Core/Fanet/fmac.o
                0x0000000008003266                LinkedList<Frame*>::get(int)
 .text._ZN10LinkedListIP5FrameE5shiftEv
                0x0000000008003290       0x6e ./Core/Fanet/fmac.o
                0x0000000008003290                LinkedList<Frame*>::shift()
 .text._ZN10LinkedListIP5FrameE7unshiftES1_
                0x00000000080032fe       0x64 ./Core/Fanet/fmac.o
                0x00000000080032fe                LinkedList<Frame*>::unshift(Frame*)
 .text._ZN10LinkedListIP5FrameE3addES1_
                0x0000000008003362       0x66 ./Core/Fanet/fmac.o
                0x0000000008003362                LinkedList<Frame*>::add(Frame*)
 .text._ZN10LinkedListIP5FrameE6removeEi
                0x00000000080033c8       0x9c ./Core/Fanet/fmac.o
                0x00000000080033c8                LinkedList<Frame*>::remove(int)
 .text._ZN10LinkedListIP12NeighborNodeE3getEi
                0x0000000008003464       0x2a ./Core/Fanet/fmac.o
                0x0000000008003464                LinkedList<NeighborNode*>::get(int)
 .text._ZN10LinkedListIP12NeighborNodeE6removeEi
                0x000000000800348e       0x9c ./Core/Fanet/fmac.o
                0x000000000800348e                LinkedList<NeighborNode*>::remove(int)
 .text._ZN10LinkedListIP12NeighborNodeE5shiftEv
                0x000000000800352a       0x6e ./Core/Fanet/fmac.o
                0x000000000800352a                LinkedList<NeighborNode*>::shift()
 .text._ZN10LinkedListIP12NeighborNodeE3addES1_
                0x0000000008003598       0x66 ./Core/Fanet/fmac.o
                0x0000000008003598                LinkedList<NeighborNode*>::add(NeighborNode*)
 .text._ZN10LinkedListIP5FrameE7getNodeEi
                0x00000000080035fe       0x78 ./Core/Fanet/fmac.o
                0x00000000080035fe                LinkedList<Frame*>::getNode(int)
 .text._ZN10LinkedListIP5FrameE3popEv
                0x0000000008003676       0x98 ./Core/Fanet/fmac.o
                0x0000000008003676                LinkedList<Frame*>::pop()
 .text._ZN10LinkedListIP12NeighborNodeE7getNodeEi
                0x000000000800370e       0x78 ./Core/Fanet/fmac.o
                0x000000000800370e                LinkedList<NeighborNode*>::getNode(int)
 .text._ZN10LinkedListIP12NeighborNodeE3popEv
                0x0000000008003786       0x98 ./Core/Fanet/fmac.o
                0x0000000008003786                LinkedList<NeighborNode*>::pop()
 *fill*         0x000000000800381e        0x2 
 .text._Z41__static_initialization_and_destruction_0ii
                0x0000000008003820       0x44 ./Core/Fanet/fmac.o
 .text._ZN10LinkedListIP12NeighborNodeE3addEiS1_
                0x0000000008003864       0x8e ./Core/Fanet/fmac.o
                0x0000000008003864                LinkedList<NeighborNode*>::add(int, NeighborNode*)
 .text._ZN10LinkedListIP12NeighborNodeE7unshiftES1_
                0x00000000080038f2       0x64 ./Core/Fanet/fmac.o
                0x00000000080038f2                LinkedList<NeighborNode*>::unshift(NeighborNode*)
 .text._ZN10LinkedListIP12NeighborNodeE3setEiS1_
                0x0000000008003956       0x38 ./Core/Fanet/fmac.o
                0x0000000008003956                LinkedList<NeighborNode*>::set(int, NeighborNode*)
 .text._ZN10LinkedListIP12NeighborNodeE5clearEv
                0x000000000800398e       0x38 ./Core/Fanet/fmac.o
                0x000000000800398e                LinkedList<NeighborNode*>::clear()
 .text._ZN10LinkedListIP12NeighborNodeE4sortEPFiRS1_S3_E
                0x00000000080039c6      0x120 ./Core/Fanet/fmac.o
                0x00000000080039c6                LinkedList<NeighborNode*>::sort(int (*)(NeighborNode*&, NeighborNode*&))
 .text._ZN10LinkedListIP5FrameE3addEiS1_
                0x0000000008003ae6       0x8e ./Core/Fanet/fmac.o
                0x0000000008003ae6                LinkedList<Frame*>::add(int, Frame*)
 .text._ZN10LinkedListIP5FrameE3setEiS1_
                0x0000000008003b74       0x38 ./Core/Fanet/fmac.o
                0x0000000008003b74                LinkedList<Frame*>::set(int, Frame*)
 .text._ZN10LinkedListIP5FrameE5clearEv
                0x0000000008003bac       0x38 ./Core/Fanet/fmac.o
                0x0000000008003bac                LinkedList<Frame*>::clear()
 .text._ZN10LinkedListIP5FrameE4sortEPFiRS1_S3_E
                0x0000000008003be4      0x120 ./Core/Fanet/fmac.o
                0x0000000008003be4                LinkedList<Frame*>::sort(int (*)(Frame*&, Frame*&))
 .text._ZN10LinkedListIP12NeighborNodeE21findEndOfSortedStringEP8ListNodeIS1_EPFiRS1_S6_E
                0x0000000008003d04       0x44 ./Core/Fanet/fmac.o
                0x0000000008003d04                LinkedList<NeighborNode*>::findEndOfSortedString(ListNode<NeighborNode*>*, int (*)(NeighborNode*&, NeighborNode*&))
 .text._ZN10LinkedListIP5FrameE21findEndOfSortedStringEP8ListNodeIS1_EPFiRS1_S6_E
                0x0000000008003d48       0x44 ./Core/Fanet/fmac.o
                0x0000000008003d48                LinkedList<Frame*>::findEndOfSortedString(ListNode<Frame*>*, int (*)(Frame*&, Frame*&))
 .text._GLOBAL__sub_I__ZN7MacFifo10get_nexttxEv
                0x0000000008003d8c       0x10 ./Core/Fanet/fmac.o
 .text._GLOBAL__sub_D__ZN7MacFifo10get_nexttxEv
                0x0000000008003d9c       0x10 ./Core/Fanet/fmac.o
 .text._ZN5Frame21coord2payload_absolutEffPh
                0x0000000008003dac       0x94 ./Core/Fanet/frame.o
                0x0000000008003dac                Frame::coord2payload_absolut(float, float, unsigned char*)
 .text._ZN5Frame9serializeERPh
                0x0000000008003e40      0x29a ./Core/Fanet/frame.o
                0x0000000008003e40                Frame::serialize(unsigned char*&)
 .text._ZNK5FrameeqERKS_
                0x00000000080040da       0x98 ./Core/Fanet/frame.o
                0x00000000080040da                Frame::operator==(Frame const&) const
 *fill*         0x0000000008004172        0x2 
 .text.LL_SYSCFG_SetRemapMemory
                0x0000000008004174       0x28 ./Core/Fanet/jump.o
 .text.jump_app
                0x000000000800419c       0x54 ./Core/Fanet/jump.o
                0x000000000800419c                jump_app
 .text.jump_mcu_bootloader
                0x00000000080041f0       0x80 ./Core/Fanet/jump.o
                0x00000000080041f0                jump_mcu_bootloader
 .text._Z10randomSeedm
                0x0000000008004270       0x1c ./Core/Fanet/random.o
                0x0000000008004270                randomSeed(unsigned long)
 .text._Z8random_ui
                0x000000000800428c       0x2e ./Core/Fanet/random.o
                0x000000000800428c                random_u(int)
 .text._Z6randomii
                0x00000000080042ba       0x32 ./Core/Fanet/random.o
                0x00000000080042ba                random(int, int)
 .text.serial_poll
                0x00000000080042ec       0x98 ./Core/Fanet/serial.o
                0x00000000080042ec                serial_poll
 .text._ZN8FanetMac19txQueueHasFreeSlotsEv
                0x0000000008004384       0x26 ./Core/Fanet/serial_interface.o
                0x0000000008004384                FanetMac::txQueueHasFreeSlots()
 .text._ZN8FanetMac8transmitEP5Frame
                0x00000000080043aa       0x20 ./Core/Fanet/serial_interface.o
                0x00000000080043aa                FanetMac::transmit(Frame*)
 .text._ZN16Serial_InterfaceC2Ev
                0x00000000080043ca       0x20 ./Core/Fanet/serial_interface.o
                0x00000000080043ca                Serial_Interface::Serial_Interface()
                0x00000000080043ca                Serial_Interface::Serial_Interface()
 *fill*         0x00000000080043ea        0x2 
 .text._ZN16Serial_Interface15fanet_cmd_stateEPc
                0x00000000080043ec      0x378 ./Core/Fanet/serial_interface.o
                0x00000000080043ec                Serial_Interface::fanet_cmd_state(char*)
 .text._ZN16Serial_Interface14fanet_cmd_addrEPc
                0x0000000008004764      0x170 ./Core/Fanet/serial_interface.o
                0x0000000008004764                Serial_Interface::fanet_cmd_addr(char*)
 .text._ZN16Serial_Interface16fanet_cmd_configEPc
                0x00000000080048d4      0x144 ./Core/Fanet/serial_interface.o
                0x00000000080048d4                Serial_Interface::fanet_cmd_config(char*)
 .text._ZN16Serial_Interface14fanet_cmd_modeEPc
                0x0000000008004a18       0xd4 ./Core/Fanet/serial_interface.o
                0x0000000008004a18                Serial_Interface::fanet_cmd_mode(char*)
 .text._ZN16Serial_Interface18fanet_cmd_transmitEPc
                0x0000000008004aec      0x3b4 ./Core/Fanet/serial_interface.o
                0x0000000008004aec                Serial_Interface::fanet_cmd_transmit(char*)
 .text._ZN16Serial_Interface10fanet_evalEPc
                0x0000000008004ea0       0xd0 ./Core/Fanet/serial_interface.o
                0x0000000008004ea0                Serial_Interface::fanet_eval(char*)
 .text._ZN16Serial_Interface18dongle_cmd_versionEPc
                0x0000000008004f70       0x18 ./Core/Fanet/serial_interface.o
                0x0000000008004f70                Serial_Interface::dongle_cmd_version(char*)
 .text._ZN16Serial_Interface15dongle_cmd_jumpEPc
                0x0000000008004f88       0x5c ./Core/Fanet/serial_interface.o
                0x0000000008004f88                Serial_Interface::dongle_cmd_jump(char*)
 .text._ZN16Serial_Interface16dongle_cmd_powerEPc
                0x0000000008004fe4       0xc8 ./Core/Fanet/serial_interface.o
                0x0000000008004fe4                Serial_Interface::dongle_cmd_power(char*)
 .text._ZN16Serial_Interface17dongle_cmd_regionEPc
                0x00000000080050ac      0x198 ./Core/Fanet/serial_interface.o
                0x00000000080050ac                Serial_Interface::dongle_cmd_region(char*)
 .text._ZN16Serial_Interface10dongle_ppsEv
                0x0000000008005244       0x28 ./Core/Fanet/serial_interface.o
                0x0000000008005244                Serial_Interface::dongle_pps()
 .text._ZN16Serial_Interface11dongle_evalEPc
                0x000000000800526c       0xb0 ./Core/Fanet/serial_interface.o
                0x000000000800526c                Serial_Interface::dongle_eval(char*)
 .text._ZN16Serial_Interface9handle_rxEv
                0x000000000800531c       0xe0 ./Core/Fanet/serial_interface.o
                0x000000000800531c                Serial_Interface::handle_rx()
 .text._ZN16Serial_Interface12handle_ackedEbR7MacAddr
                0x00000000080053fc       0x60 ./Core/Fanet/serial_interface.o
                0x00000000080053fc                Serial_Interface::handle_acked(bool, MacAddr&)
 .text._ZN16Serial_Interface12handle_frameEP5Frame
                0x000000000800545c       0xd8 ./Core/Fanet/serial_interface.o
                0x000000000800545c                Serial_Interface::handle_frame(Frame*)
 .text._ZN16Serial_Interface10print_lineEPKciS1_
                0x0000000008005534      0x170 ./Core/Fanet/serial_interface.o
                0x0000000008005534                Serial_Interface::print_line(char const*, int, char const*)
 .text._ZN16Serial_Interface5printEPc
                0x00000000080056a4       0x66 ./Core/Fanet/serial_interface.o
                0x00000000080056a4                Serial_Interface::print(char*)
 *fill*         0x000000000800570a        0x2 
 .text._Z41__static_initialization_and_destruction_0ii
                0x000000000800570c       0x2c ./Core/Fanet/serial_interface.o
 .text._GLOBAL__sub_I__ZN16Serial_Interface15fanet_cmd_stateEPc
                0x0000000008005738       0x10 ./Core/Fanet/serial_interface.o
 .text.sx1272_get_airlimit
                0x0000000008005748       0x10 ./Core/Fanet/sx1272.o
                0x0000000008005748                sx1272_get_airlimit
 .text.sx1272_isArmed
                0x0000000008005758        0xe ./Core/Fanet/sx1272.o
                0x0000000008005758                sx1272_isArmed
 .text.sx1272_sendFrame
                0x0000000008005766       0x1a ./Core/Fanet/sx1272.o
                0x0000000008005766                sx1272_sendFrame
 .text.sx1272_setArmed
                0x0000000008005780       0x16 ./Core/Fanet/sx1272.o
                0x0000000008005780                sx1272_setArmed
 .text.sx1272_setRegion
                0x0000000008005796       0x18 ./Core/Fanet/sx1272.o
                0x0000000008005796                sx1272_setRegion
 .text.LL_AHB2_GRP1_EnableClock
                0x00000000080057ae       0x30 ./Core/Src/main.o
 .text.main     0x00000000080057de       0x26 ./Core/Src/main.o
                0x00000000080057de                main
 .text.SystemClock_Config
                0x0000000008005804       0xa4 ./Core/Src/main.o
                0x0000000008005804                SystemClock_Config
 .text.MX_SUBGHZ_Init
                0x00000000080058a8       0x24 ./Core/Src/main.o
                0x00000000080058a8                MX_SUBGHZ_Init
 .text.MX_USART1_UART_Init
                0x00000000080058cc       0x98 ./Core/Src/main.o
 .text.MX_GPIO_Init
                0x0000000008005964        0xe ./Core/Src/main.o
 .text.Error_Handler
                0x0000000008005972        0xa ./Core/Src/main.o
                0x0000000008005972                Error_Handler
 .text.LL_AHB2_GRP1_EnableClock
                0x000000000800597c       0x30 ./Core/Src/stm32wlxx_hal_msp.o
 .text.LL_APB2_GRP1_EnableClock
                0x00000000080059ac       0x30 ./Core/Src/stm32wlxx_hal_msp.o
 .text.LL_APB3_GRP1_EnableClock
                0x00000000080059dc       0x30 ./Core/Src/stm32wlxx_hal_msp.o
 .text.HAL_MspInit
                0x0000000008005a0c        0xc ./Core/Src/stm32wlxx_hal_msp.o
                0x0000000008005a0c                HAL_MspInit
 .text.HAL_SUBGHZ_MspInit
                0x0000000008005a18       0x16 ./Core/Src/stm32wlxx_hal_msp.o
                0x0000000008005a18                HAL_SUBGHZ_MspInit
 *fill*         0x0000000008005a2e        0x2 
 .text.HAL_UART_MspInit
                0x0000000008005a30       0x8c ./Core/Src/stm32wlxx_hal_msp.o
                0x0000000008005a30                HAL_UART_MspInit
 .text.NMI_Handler
                0x0000000008005abc        0x6 ./Core/Src/stm32wlxx_it.o
                0x0000000008005abc                NMI_Handler
 .text.HardFault_Handler
                0x0000000008005ac2        0x6 ./Core/Src/stm32wlxx_it.o
                0x0000000008005ac2                HardFault_Handler
 .text.MemManage_Handler
                0x0000000008005ac8        0x6 ./Core/Src/stm32wlxx_it.o
                0x0000000008005ac8                MemManage_Handler
 .text.BusFault_Handler
                0x0000000008005ace        0x6 ./Core/Src/stm32wlxx_it.o
                0x0000000008005ace                BusFault_Handler
 .text.UsageFault_Handler
                0x0000000008005ad4        0x6 ./Core/Src/stm32wlxx_it.o
                0x0000000008005ad4                UsageFault_Handler
 .text.SVC_Handler
                0x0000000008005ada        0xc ./Core/Src/stm32wlxx_it.o
                0x0000000008005ada                SVC_Handler
 .text.DebugMon_Handler
                0x0000000008005ae6        0xc ./Core/Src/stm32wlxx_it.o
                0x0000000008005ae6                DebugMon_Handler
 .text.PendSV_Handler
                0x0000000008005af2        0xc ./Core/Src/stm32wlxx_it.o
                0x0000000008005af2                PendSV_Handler
 .text.SysTick_Handler
                0x0000000008005afe        0xc ./Core/Src/stm32wlxx_it.o
                0x0000000008005afe                SysTick_Handler
 .text.SystemApp_Init
                0x0000000008005b0a        0xc ./Core/Src/sys_app.o
                0x0000000008005b0a                SystemApp_Init
 .text.HAL_Delay
                0x0000000008005b16       0x18 ./Core/Src/sys_app.o
                0x0000000008005b16                HAL_Delay
 .text._getpid  0x0000000008005b2e        0xe ./Core/Src/syscalls.o
                0x0000000008005b2e                _getpid
 .text._kill    0x0000000008005b3c       0x20 ./Core/Src/syscalls.o
                0x0000000008005b3c                _kill
 .text._exit    0x0000000008005b5c       0x14 ./Core/Src/syscalls.o
                0x0000000008005b5c                _exit
 .text._read    0x0000000008005b70       0x3a ./Core/Src/syscalls.o
                0x0000000008005b70                _read
 .text._write   0x0000000008005baa       0x38 ./Core/Src/syscalls.o
                0x0000000008005baa                _write
 .text._close   0x0000000008005be2       0x16 ./Core/Src/syscalls.o
                0x0000000008005be2                _close
 .text._fstat   0x0000000008005bf8       0x1e ./Core/Src/syscalls.o
                0x0000000008005bf8                _fstat
 .text._isatty  0x0000000008005c16       0x14 ./Core/Src/syscalls.o
                0x0000000008005c16                _isatty
 .text._lseek   0x0000000008005c2a       0x18 ./Core/Src/syscalls.o
                0x0000000008005c2a                _lseek
 *fill*         0x0000000008005c42        0x2 
 .text._sbrk    0x0000000008005c44       0x6c ./Core/Src/sysmem.o
                0x0000000008005c44                _sbrk
 .text.SystemInit
                0x0000000008005cb0        0xc ./Core/Src/system_stm32wlxx.o
                0x0000000008005cb0                SystemInit
 .text.TIMER_IF_Init
                0x0000000008005cbc       0x16 ./Core/Src/timer_if.o
                0x0000000008005cbc                TIMER_IF_Init
 .text.TIMER_IF_StartTimer
                0x0000000008005cd2       0x18 ./Core/Src/timer_if.o
                0x0000000008005cd2                TIMER_IF_StartTimer
 .text.TIMER_IF_StopTimer
                0x0000000008005cea       0x16 ./Core/Src/timer_if.o
                0x0000000008005cea                TIMER_IF_StopTimer
 .text.TIMER_IF_SetTimerContext
                0x0000000008005d00       0x14 ./Core/Src/timer_if.o
                0x0000000008005d00                TIMER_IF_SetTimerContext
 .text.TIMER_IF_GetTimerContext
                0x0000000008005d14       0x14 ./Core/Src/timer_if.o
                0x0000000008005d14                TIMER_IF_GetTimerContext
 .text.TIMER_IF_GetTimerElapsedTime
                0x0000000008005d28       0x16 ./Core/Src/timer_if.o
                0x0000000008005d28                TIMER_IF_GetTimerElapsedTime
 .text.TIMER_IF_GetTimerValue
                0x0000000008005d3e       0x16 ./Core/Src/timer_if.o
                0x0000000008005d3e                TIMER_IF_GetTimerValue
 .text.TIMER_IF_GetMinimumTimeout
                0x0000000008005d54       0x16 ./Core/Src/timer_if.o
                0x0000000008005d54                TIMER_IF_GetMinimumTimeout
 .text.TIMER_IF_Convert_ms2Tick
                0x0000000008005d6a       0x18 ./Core/Src/timer_if.o
                0x0000000008005d6a                TIMER_IF_Convert_ms2Tick
 .text.TIMER_IF_Convert_Tick2ms
                0x0000000008005d82       0x18 ./Core/Src/timer_if.o
                0x0000000008005d82                TIMER_IF_Convert_Tick2ms
 .text.TIMER_IF_DelayMs
                0x0000000008005d9a       0x12 ./Core/Src/timer_if.o
                0x0000000008005d9a                TIMER_IF_DelayMs
 .text.Reset_Handler
                0x0000000008005dac       0x50 ./Core/Startup/startup_stm32wle5jcix.o
                0x0000000008005dac                Reset_Handler
 .text.Default_Handler
                0x0000000008005dfc        0x2 ./Core/Startup/startup_stm32wle5jcix.o
                0x0000000008005dfc                RTC_Alarm_IRQHandler
                0x0000000008005dfc                EXTI2_IRQHandler
                0x0000000008005dfc                TIM1_CC_IRQHandler
                0x0000000008005dfc                EXTI3_IRQHandler
                0x0000000008005dfc                LPTIM2_IRQHandler
                0x0000000008005dfc                I2C3_ER_IRQHandler
                0x0000000008005dfc                LPTIM3_IRQHandler
                0x0000000008005dfc                EXTI0_IRQHandler
                0x0000000008005dfc                I2C2_EV_IRQHandler
                0x0000000008005dfc                TAMP_STAMP_LSECSS_SSRU_IRQHandler
                0x0000000008005dfc                SPI1_IRQHandler
                0x0000000008005dfc                DMA2_Channel2_IRQHandler
                0x0000000008005dfc                DMA1_Channel4_IRQHandler
                0x0000000008005dfc                PKA_IRQHandler
                0x0000000008005dfc                TIM17_IRQHandler
                0x0000000008005dfc                DMA1_Channel7_IRQHandler
                0x0000000008005dfc                SUBGHZSPI_IRQHandler
                0x0000000008005dfc                DMA2_Channel1_IRQHandler
                0x0000000008005dfc                I2C1_EV_IRQHandler
                0x0000000008005dfc                SUBGHZ_Radio_IRQHandler
                0x0000000008005dfc                DMAMUX1_OVR_IRQHandler
                0x0000000008005dfc                DMA1_Channel6_IRQHandler
                0x0000000008005dfc                TIM16_IRQHandler
                0x0000000008005dfc                DMA2_Channel4_IRQHandler
                0x0000000008005dfc                RCC_IRQHandler
                0x0000000008005dfc                TIM1_TRG_COM_IRQHandler
                0x0000000008005dfc                DMA1_Channel1_IRQHandler
                0x0000000008005dfc                Default_Handler
                0x0000000008005dfc                DMA2_Channel7_IRQHandler
                0x0000000008005dfc                EXTI15_10_IRQHandler
                0x0000000008005dfc                ADC_IRQHandler
                0x0000000008005dfc                I2C3_EV_IRQHandler
                0x0000000008005dfc                EXTI9_5_IRQHandler
                0x0000000008005dfc                RTC_WKUP_IRQHandler
                0x0000000008005dfc                PVD_PVM_IRQHandler
                0x0000000008005dfc                SPI2_IRQHandler
                0x0000000008005dfc                DMA2_Channel5_IRQHandler
                0x0000000008005dfc                DMA1_Channel5_IRQHandler
                0x0000000008005dfc                EXTI4_IRQHandler
                0x0000000008005dfc                RNG_IRQHandler
                0x0000000008005dfc                DMA1_Channel3_IRQHandler
                0x0000000008005dfc                COMP_IRQHandler
                0x0000000008005dfc                HSEM_IRQHandler
                0x0000000008005dfc                TIM1_UP_IRQHandler
                0x0000000008005dfc                WWDG_IRQHandler
                0x0000000008005dfc                LPUART1_IRQHandler
                0x0000000008005dfc                DMA2_Channel6_IRQHandler
                0x0000000008005dfc                TIM2_IRQHandler
                0x0000000008005dfc                TIM1_BRK_IRQHandler
                0x0000000008005dfc                DAC_IRQHandler
                0x0000000008005dfc                EXTI1_IRQHandler
                0x0000000008005dfc                AES_IRQHandler
                0x0000000008005dfc                USART2_IRQHandler
                0x0000000008005dfc                I2C2_ER_IRQHandler
                0x0000000008005dfc                DMA1_Channel2_IRQHandler
                0x0000000008005dfc                FLASH_IRQHandler
                0x0000000008005dfc                USART1_IRQHandler
                0x0000000008005dfc                I2C1_ER_IRQHandler
                0x0000000008005dfc                LPTIM1_IRQHandler
                0x0000000008005dfc                DMA2_Channel3_IRQHandler
 .text.LL_AHB1_GRP1_ForceReset
                0x0000000008005dfe       0x22 ./Drivers/STM32WLxx_HAL_Driver/Src/stm32wlxx_hal.o
 .text.LL_AHB1_GRP1_ReleaseReset
                0x0000000008005e20       0x24 ./Drivers/STM32WLxx_HAL_Driver/Src/stm32wlxx_hal.o
 .text.LL_AHB2_GRP1_ForceReset
                0x0000000008005e44       0x22 ./Drivers/STM32WLxx_HAL_Driver/Src/stm32wlxx_hal.o
 .text.LL_AHB2_GRP1_ReleaseReset
                0x0000000008005e66       0x24 ./Drivers/STM32WLxx_HAL_Driver/Src/stm32wlxx_hal.o
 .text.LL_AHB3_GRP1_ForceReset
                0x0000000008005e8a       0x22 ./Drivers/STM32WLxx_HAL_Driver/Src/stm32wlxx_hal.o
 .text.LL_AHB3_GRP1_ReleaseReset
                0x0000000008005eac       0x24 ./Drivers/STM32WLxx_HAL_Driver/Src/stm32wlxx_hal.o
 .text.LL_APB1_GRP1_ForceReset
                0x0000000008005ed0       0x22 ./Drivers/STM32WLxx_HAL_Driver/Src/stm32wlxx_hal.o
 .text.LL_APB1_GRP2_ForceReset
                0x0000000008005ef2       0x22 ./Drivers/STM32WLxx_HAL_Driver/Src/stm32wlxx_hal.o
 .text.LL_APB1_GRP1_ReleaseReset
                0x0000000008005f14       0x24 ./Drivers/STM32WLxx_HAL_Driver/Src/stm32wlxx_hal.o
 .text.LL_APB1_GRP2_ReleaseReset
                0x0000000008005f38       0x24 ./Drivers/STM32WLxx_HAL_Driver/Src/stm32wlxx_hal.o
 .text.LL_APB2_GRP1_ForceReset
                0x0000000008005f5c       0x22 ./Drivers/STM32WLxx_HAL_Driver/Src/stm32wlxx_hal.o
 .text.LL_APB2_GRP1_ReleaseReset
                0x0000000008005f7e       0x24 ./Drivers/STM32WLxx_HAL_Driver/Src/stm32wlxx_hal.o
 .text.LL_APB3_GRP1_ForceReset
                0x0000000008005fa2       0x22 ./Drivers/STM32WLxx_HAL_Driver/Src/stm32wlxx_hal.o
 .text.LL_APB3_GRP1_ReleaseReset
                0x0000000008005fc4       0x24 ./Drivers/STM32WLxx_HAL_Driver/Src/stm32wlxx_hal.o
 .text.HAL_Init
                0x0000000008005fe8       0x40 ./Drivers/STM32WLxx_HAL_Driver/Src/stm32wlxx_hal.o
                0x0000000008005fe8                HAL_Init
 .text.HAL_DeInit
                0x0000000008006028       0x7e ./Drivers/STM32WLxx_HAL_Driver/Src/stm32wlxx_hal.o
                0x0000000008006028                HAL_DeInit
 .text.HAL_MspDeInit
                0x00000000080060a6        0xc ./Drivers/STM32WLxx_HAL_Driver/Src/stm32wlxx_hal.o
                0x00000000080060a6                HAL_MspDeInit
 *fill*         0x00000000080060b2        0x2 
 .text.HAL_InitTick
                0x00000000080060b4       0x74 ./Drivers/STM32WLxx_HAL_Driver/Src/stm32wlxx_hal.o
                0x00000000080060b4                HAL_InitTick
 .text.HAL_IncTick
                0x0000000008006128       0x24 ./Drivers/STM32WLxx_HAL_Driver/Src/stm32wlxx_hal.o
                0x0000000008006128                HAL_IncTick
 .text.HAL_GetTick
                0x000000000800614c       0x14 ./Drivers/STM32WLxx_HAL_Driver/Src/stm32wlxx_hal.o
                0x000000000800614c                HAL_GetTick
 .text.HAL_GetUIDw0
                0x0000000008006160       0x14 ./Drivers/STM32WLxx_HAL_Driver/Src/stm32wlxx_hal.o
                0x0000000008006160                HAL_GetUIDw0
 .text.HAL_GetUIDw1
                0x0000000008006174       0x14 ./Drivers/STM32WLxx_HAL_Driver/Src/stm32wlxx_hal.o
                0x0000000008006174                HAL_GetUIDw1
 .text.HAL_GetUIDw2
                0x0000000008006188       0x14 ./Drivers/STM32WLxx_HAL_Driver/Src/stm32wlxx_hal.o
                0x0000000008006188                HAL_GetUIDw2
 .text.__NVIC_SetPriorityGrouping
                0x000000000800619c       0x48 ./Drivers/STM32WLxx_HAL_Driver/Src/stm32wlxx_hal_cortex.o
 .text.__NVIC_GetPriorityGrouping
                0x00000000080061e4       0x1c ./Drivers/STM32WLxx_HAL_Driver/Src/stm32wlxx_hal_cortex.o
 .text.__NVIC_SetPriority
                0x0000000008006200       0x54 ./Drivers/STM32WLxx_HAL_Driver/Src/stm32wlxx_hal_cortex.o
 .text.NVIC_EncodePriority
                0x0000000008006254       0x64 ./Drivers/STM32WLxx_HAL_Driver/Src/stm32wlxx_hal_cortex.o
 .text.SysTick_Config
                0x00000000080062b8       0x44 ./Drivers/STM32WLxx_HAL_Driver/Src/stm32wlxx_hal_cortex.o
 .text.HAL_NVIC_SetPriorityGrouping
                0x00000000080062fc       0x16 ./Drivers/STM32WLxx_HAL_Driver/Src/stm32wlxx_hal_cortex.o
                0x00000000080062fc                HAL_NVIC_SetPriorityGrouping
 .text.HAL_NVIC_SetPriority
                0x0000000008006312       0x34 ./Drivers/STM32WLxx_HAL_Driver/Src/stm32wlxx_hal_cortex.o
                0x0000000008006312                HAL_NVIC_SetPriority
 .text.HAL_SYSTICK_Config
                0x0000000008006346       0x18 ./Drivers/STM32WLxx_HAL_Driver/Src/stm32wlxx_hal_cortex.o
                0x0000000008006346                HAL_SYSTICK_Config
 *fill*         0x000000000800635e        0x2 
 .text.HAL_FLASH_Program
                0x0000000008006360       0x88 ./Drivers/STM32WLxx_HAL_Driver/Src/stm32wlxx_hal_flash.o
                0x0000000008006360                HAL_FLASH_Program
 .text.HAL_FLASH_Unlock
                0x00000000080063e8       0x44 ./Drivers/STM32WLxx_HAL_Driver/Src/stm32wlxx_hal_flash.o
                0x00000000080063e8                HAL_FLASH_Unlock
 .text.HAL_FLASH_Lock
                0x000000000800642c       0x34 ./Drivers/STM32WLxx_HAL_Driver/Src/stm32wlxx_hal_flash.o
                0x000000000800642c                HAL_FLASH_Lock
 .text.FLASH_WaitForLastOperation
                0x0000000008006460       0xc4 ./Drivers/STM32WLxx_HAL_Driver/Src/stm32wlxx_hal_flash.o
                0x0000000008006460                FLASH_WaitForLastOperation
 .text.FLASH_Program_DoubleWord
                0x0000000008006524       0x4c ./Drivers/STM32WLxx_HAL_Driver/Src/stm32wlxx_hal_flash.o
 .text.FLASH_Program_Fast
                0x0000000008006570       0x7c ./Drivers/STM32WLxx_HAL_Driver/Src/stm32wlxx_hal_flash.o
 .text.HAL_GPIO_Init
                0x00000000080065ec      0x2c0 ./Drivers/STM32WLxx_HAL_Driver/Src/stm32wlxx_hal_gpio.o
                0x00000000080065ec                HAL_GPIO_Init
 .text.HAL_PWR_EnableBkUpAccess
                0x00000000080068ac       0x1c ./Drivers/STM32WLxx_HAL_Driver/Src/stm32wlxx_hal_pwr.o
                0x00000000080068ac                HAL_PWR_EnableBkUpAccess
 .text.HAL_PWREx_GetVoltageRange
                0x00000000080068c8       0x18 ./Drivers/STM32WLxx_HAL_Driver/Src/stm32wlxx_hal_pwr_ex.o
                0x00000000080068c8                HAL_PWREx_GetVoltageRange
 .text.LL_PWR_IsEnabledBkUpAccess
                0x00000000080068e0       0x24 ./Drivers/STM32WLxx_HAL_Driver/Src/stm32wlxx_hal_rcc.o
 .text.LL_RCC_HSE_EnableTcxo
                0x0000000008006904       0x1c ./Drivers/STM32WLxx_HAL_Driver/Src/stm32wlxx_hal_rcc.o
 .text.LL_RCC_HSE_DisableTcxo
                0x0000000008006920       0x1c ./Drivers/STM32WLxx_HAL_Driver/Src/stm32wlxx_hal_rcc.o
 .text.LL_RCC_HSE_IsEnabledDiv2
                0x000000000800693c       0x22 ./Drivers/STM32WLxx_HAL_Driver/Src/stm32wlxx_hal_rcc.o
 .text.LL_RCC_HSE_Enable
                0x000000000800695e       0x1c ./Drivers/STM32WLxx_HAL_Driver/Src/stm32wlxx_hal_rcc.o
 .text.LL_RCC_HSE_Disable
                0x000000000800697a       0x1c ./Drivers/STM32WLxx_HAL_Driver/Src/stm32wlxx_hal_rcc.o
 .text.LL_RCC_HSE_IsReady
                0x0000000008006996       0x22 ./Drivers/STM32WLxx_HAL_Driver/Src/stm32wlxx_hal_rcc.o
 .text.LL_RCC_HSI_Enable
                0x00000000080069b8       0x1c ./Drivers/STM32WLxx_HAL_Driver/Src/stm32wlxx_hal_rcc.o
 .text.LL_RCC_HSI_Disable
                0x00000000080069d4       0x1c ./Drivers/STM32WLxx_HAL_Driver/Src/stm32wlxx_hal_rcc.o
 .text.LL_RCC_HSI_IsReady
                0x00000000080069f0       0x22 ./Drivers/STM32WLxx_HAL_Driver/Src/stm32wlxx_hal_rcc.o
 .text.LL_RCC_HSI_SetCalibTrimming
                0x0000000008006a12       0x28 ./Drivers/STM32WLxx_HAL_Driver/Src/stm32wlxx_hal_rcc.o
 .text.LL_RCC_LSE_IsReady
                0x0000000008006a3a       0x22 ./Drivers/STM32WLxx_HAL_Driver/Src/stm32wlxx_hal_rcc.o
 .text.LL_RCC_LSI_Enable
                0x0000000008006a5c       0x20 ./Drivers/STM32WLxx_HAL_Driver/Src/stm32wlxx_hal_rcc.o
 .text.LL_RCC_LSI_Disable
                0x0000000008006a7c       0x20 ./Drivers/STM32WLxx_HAL_Driver/Src/stm32wlxx_hal_rcc.o
 .text.LL_RCC_LSI_IsReady
                0x0000000008006a9c       0x22 ./Drivers/STM32WLxx_HAL_Driver/Src/stm32wlxx_hal_rcc.o
 .text.LL_RCC_MSI_Enable
                0x0000000008006abe       0x1c ./Drivers/STM32WLxx_HAL_Driver/Src/stm32wlxx_hal_rcc.o
 .text.LL_RCC_MSI_Disable
                0x0000000008006ada       0x1c ./Drivers/STM32WLxx_HAL_Driver/Src/stm32wlxx_hal_rcc.o
 .text.LL_RCC_MSI_IsReady
                0x0000000008006af6       0x20 ./Drivers/STM32WLxx_HAL_Driver/Src/stm32wlxx_hal_rcc.o
 .text.LL_RCC_MSI_IsEnabledRangeSelect
                0x0000000008006b16       0x20 ./Drivers/STM32WLxx_HAL_Driver/Src/stm32wlxx_hal_rcc.o
 .text.LL_RCC_MSI_SetRange
                0x0000000008006b36       0x26 ./Drivers/STM32WLxx_HAL_Driver/Src/stm32wlxx_hal_rcc.o
 .text.LL_RCC_MSI_GetRange
                0x0000000008006b5c       0x16 ./Drivers/STM32WLxx_HAL_Driver/Src/stm32wlxx_hal_rcc.o
 .text.LL_RCC_MSI_GetRangeAfterStandby
                0x0000000008006b72       0x18 ./Drivers/STM32WLxx_HAL_Driver/Src/stm32wlxx_hal_rcc.o
 .text.LL_RCC_MSI_SetCalibTrimming
                0x0000000008006b8a       0x28 ./Drivers/STM32WLxx_HAL_Driver/Src/stm32wlxx_hal_rcc.o
 .text.LL_RCC_SetSysClkSource
                0x0000000008006bb2       0x26 ./Drivers/STM32WLxx_HAL_Driver/Src/stm32wlxx_hal_rcc.o
 .text.LL_RCC_GetSysClkSource
                0x0000000008006bd8       0x16 ./Drivers/STM32WLxx_HAL_Driver/Src/stm32wlxx_hal_rcc.o
 .text.LL_RCC_SetAHBPrescaler
                0x0000000008006bee       0x26 ./Drivers/STM32WLxx_HAL_Driver/Src/stm32wlxx_hal_rcc.o
 .text.LL_RCC_SetAHB3Prescaler
                0x0000000008006c14       0x2c ./Drivers/STM32WLxx_HAL_Driver/Src/stm32wlxx_hal_rcc.o
 .text.LL_RCC_SetAPB1Prescaler
                0x0000000008006c40       0x26 ./Drivers/STM32WLxx_HAL_Driver/Src/stm32wlxx_hal_rcc.o
 .text.LL_RCC_SetAPB2Prescaler
                0x0000000008006c66       0x26 ./Drivers/STM32WLxx_HAL_Driver/Src/stm32wlxx_hal_rcc.o
 .text.LL_RCC_GetAHBPrescaler
                0x0000000008006c8c       0x16 ./Drivers/STM32WLxx_HAL_Driver/Src/stm32wlxx_hal_rcc.o
 .text.LL_RCC_GetAHB3Prescaler
                0x0000000008006ca2       0x1a ./Drivers/STM32WLxx_HAL_Driver/Src/stm32wlxx_hal_rcc.o
 .text.LL_RCC_GetAPB1Prescaler
                0x0000000008006cbc       0x16 ./Drivers/STM32WLxx_HAL_Driver/Src/stm32wlxx_hal_rcc.o
 .text.LL_RCC_GetAPB2Prescaler
                0x0000000008006cd2       0x16 ./Drivers/STM32WLxx_HAL_Driver/Src/stm32wlxx_hal_rcc.o
 .text.LL_RCC_PLL_Enable
                0x0000000008006ce8       0x1c ./Drivers/STM32WLxx_HAL_Driver/Src/stm32wlxx_hal_rcc.o
 .text.LL_RCC_PLL_Disable
                0x0000000008006d04       0x1c ./Drivers/STM32WLxx_HAL_Driver/Src/stm32wlxx_hal_rcc.o
 .text.LL_RCC_PLL_IsReady
                0x0000000008006d20       0x22 ./Drivers/STM32WLxx_HAL_Driver/Src/stm32wlxx_hal_rcc.o
 .text.LL_RCC_PLL_GetN
                0x0000000008006d42       0x18 ./Drivers/STM32WLxx_HAL_Driver/Src/stm32wlxx_hal_rcc.o
 .text.LL_RCC_PLL_GetR
                0x0000000008006d5a       0x16 ./Drivers/STM32WLxx_HAL_Driver/Src/stm32wlxx_hal_rcc.o
 .text.LL_RCC_PLL_GetDivider
                0x0000000008006d70       0x16 ./Drivers/STM32WLxx_HAL_Driver/Src/stm32wlxx_hal_rcc.o
 .text.LL_RCC_PLL_GetMainSource
                0x0000000008006d86       0x16 ./Drivers/STM32WLxx_HAL_Driver/Src/stm32wlxx_hal_rcc.o
 .text.LL_RCC_IsActiveFlag_HPRE
                0x0000000008006d9c       0x22 ./Drivers/STM32WLxx_HAL_Driver/Src/stm32wlxx_hal_rcc.o
 .text.LL_RCC_IsActiveFlag_SHDHPRE
                0x0000000008006dbe       0x24 ./Drivers/STM32WLxx_HAL_Driver/Src/stm32wlxx_hal_rcc.o
 .text.LL_RCC_IsActiveFlag_PPRE1
                0x0000000008006de2       0x22 ./Drivers/STM32WLxx_HAL_Driver/Src/stm32wlxx_hal_rcc.o
 .text.LL_RCC_IsActiveFlag_PPRE2
                0x0000000008006e04       0x22 ./Drivers/STM32WLxx_HAL_Driver/Src/stm32wlxx_hal_rcc.o
 *fill*         0x0000000008006e26        0x2 
 .text.HAL_RCC_DeInit
                0x0000000008006e28      0x12c ./Drivers/STM32WLxx_HAL_Driver/Src/stm32wlxx_hal_rcc.o
                0x0000000008006e28                HAL_RCC_DeInit
 .text.HAL_RCC_OscConfig
                0x0000000008006f54      0x738 ./Drivers/STM32WLxx_HAL_Driver/Src/stm32wlxx_hal_rcc.o
                0x0000000008006f54                HAL_RCC_OscConfig
 .text.HAL_RCC_ClockConfig
                0x000000000800768c      0x248 ./Drivers/STM32WLxx_HAL_Driver/Src/stm32wlxx_hal_rcc.o
                0x000000000800768c                HAL_RCC_ClockConfig
 .text.HAL_RCC_GetSysClockFreq
                0x00000000080078d4      0x140 ./Drivers/STM32WLxx_HAL_Driver/Src/stm32wlxx_hal_rcc.o
                0x00000000080078d4                HAL_RCC_GetSysClockFreq
 .text.HAL_RCC_GetHCLKFreq
                0x0000000008007a14       0x28 ./Drivers/STM32WLxx_HAL_Driver/Src/stm32wlxx_hal_rcc.o
                0x0000000008007a14                HAL_RCC_GetHCLKFreq
 .text.HAL_RCC_GetPCLK1Freq
                0x0000000008007a3c       0x24 ./Drivers/STM32WLxx_HAL_Driver/Src/stm32wlxx_hal_rcc.o
                0x0000000008007a3c                HAL_RCC_GetPCLK1Freq
 .text.HAL_RCC_GetPCLK2Freq
                0x0000000008007a60       0x24 ./Drivers/STM32WLxx_HAL_Driver/Src/stm32wlxx_hal_rcc.o
                0x0000000008007a60                HAL_RCC_GetPCLK2Freq
 .text.RCC_SetFlashLatencyFromMSIRange
                0x0000000008007a84       0x60 ./Drivers/STM32WLxx_HAL_Driver/Src/stm32wlxx_hal_rcc.o
 .text.RCC_SetFlashLatency
                0x0000000008007ae4      0x104 ./Drivers/STM32WLxx_HAL_Driver/Src/stm32wlxx_hal_rcc.o
 .text.LL_RCC_LSE_IsReady
                0x0000000008007be8       0x22 ./Drivers/STM32WLxx_HAL_Driver/Src/stm32wlxx_hal_rcc_ex.o
 .text.LL_RCC_SetUSARTClockSource
                0x0000000008007c0a       0x30 ./Drivers/STM32WLxx_HAL_Driver/Src/stm32wlxx_hal_rcc_ex.o
 .text.LL_RCC_SetI2SClockSource
                0x0000000008007c3a       0x2a ./Drivers/STM32WLxx_HAL_Driver/Src/stm32wlxx_hal_rcc_ex.o
 .text.LL_RCC_SetLPUARTClockSource
                0x0000000008007c64       0x2a ./Drivers/STM32WLxx_HAL_Driver/Src/stm32wlxx_hal_rcc_ex.o
 .text.LL_RCC_SetI2CClockSource
                0x0000000008007c8e       0x38 ./Drivers/STM32WLxx_HAL_Driver/Src/stm32wlxx_hal_rcc_ex.o
 .text.LL_RCC_SetLPTIMClockSource
                0x0000000008007cc6       0x32 ./Drivers/STM32WLxx_HAL_Driver/Src/stm32wlxx_hal_rcc_ex.o
 .text.LL_RCC_SetRNGClockSource
                0x0000000008007cf8       0x2a ./Drivers/STM32WLxx_HAL_Driver/Src/stm32wlxx_hal_rcc_ex.o
 .text.LL_RCC_SetADCClockSource
                0x0000000008007d22       0x2a ./Drivers/STM32WLxx_HAL_Driver/Src/stm32wlxx_hal_rcc_ex.o
 .text.LL_RCC_SetRTCClockSource
                0x0000000008007d4c       0x2a ./Drivers/STM32WLxx_HAL_Driver/Src/stm32wlxx_hal_rcc_ex.o
 .text.LL_RCC_GetRTCClockSource
                0x0000000008007d76       0x18 ./Drivers/STM32WLxx_HAL_Driver/Src/stm32wlxx_hal_rcc_ex.o
 .text.LL_RCC_ForceBackupDomainReset
                0x0000000008007d8e       0x20 ./Drivers/STM32WLxx_HAL_Driver/Src/stm32wlxx_hal_rcc_ex.o
 .text.LL_RCC_ReleaseBackupDomainReset
                0x0000000008007dae       0x20 ./Drivers/STM32WLxx_HAL_Driver/Src/stm32wlxx_hal_rcc_ex.o
 *fill*         0x0000000008007dce        0x2 
 .text.HAL_RCCEx_PeriphCLKConfig
                0x0000000008007dd0      0x234 ./Drivers/STM32WLxx_HAL_Driver/Src/stm32wlxx_hal_rcc_ex.o
                0x0000000008007dd0                HAL_RCCEx_PeriphCLKConfig
 .text.LL_PWR_SetRadioBusyTrigger
                0x0000000008008004       0x28 ./Drivers/STM32WLxx_HAL_Driver/Src/stm32wlxx_hal_subghz.o
 .text.LL_PWR_UnselectSUBGHZSPI_NSS
                0x000000000800802c       0x20 ./Drivers/STM32WLxx_HAL_Driver/Src/stm32wlxx_hal_subghz.o
 .text.LL_PWR_SelectSUBGHZSPI_NSS
                0x000000000800804c       0x20 ./Drivers/STM32WLxx_HAL_Driver/Src/stm32wlxx_hal_subghz.o
 .text.LL_PWR_ClearFlag_RFBUSY
                0x000000000800806c       0x18 ./Drivers/STM32WLxx_HAL_Driver/Src/stm32wlxx_hal_subghz.o
 .text.LL_PWR_IsActiveFlag_RFBUSYS
                0x0000000008008084       0x24 ./Drivers/STM32WLxx_HAL_Driver/Src/stm32wlxx_hal_subghz.o
 .text.LL_PWR_IsActiveFlag_RFBUSYMS
                0x00000000080080a8       0x24 ./Drivers/STM32WLxx_HAL_Driver/Src/stm32wlxx_hal_subghz.o
 .text.LL_RCC_RF_DisableReset
                0x00000000080080cc       0x20 ./Drivers/STM32WLxx_HAL_Driver/Src/stm32wlxx_hal_subghz.o
 .text.LL_RCC_IsRFUnderReset
                0x00000000080080ec       0x24 ./Drivers/STM32WLxx_HAL_Driver/Src/stm32wlxx_hal_subghz.o
 .text.LL_EXTI_EnableIT_32_63
                0x0000000008008110       0x28 ./Drivers/STM32WLxx_HAL_Driver/Src/stm32wlxx_hal_subghz.o
 .text.HAL_SUBGHZ_Init
                0x0000000008008138       0xbc ./Drivers/STM32WLxx_HAL_Driver/Src/stm32wlxx_hal_subghz.o
                0x0000000008008138                HAL_SUBGHZ_Init
 .text.HAL_SUBGHZ_WriteRegisters
                0x00000000080081f4       0xbe ./Drivers/STM32WLxx_HAL_Driver/Src/stm32wlxx_hal_subghz.o
                0x00000000080081f4                HAL_SUBGHZ_WriteRegisters
 .text.HAL_SUBGHZ_ReadRegisters
                0x00000000080082b2       0xc2 ./Drivers/STM32WLxx_HAL_Driver/Src/stm32wlxx_hal_subghz.o
                0x00000000080082b2                HAL_SUBGHZ_ReadRegisters
 .text.HAL_SUBGHZ_ExecSetCmd
                0x0000000008008374       0xbe ./Drivers/STM32WLxx_HAL_Driver/Src/stm32wlxx_hal_subghz.o
                0x0000000008008374                HAL_SUBGHZ_ExecSetCmd
 .text.HAL_SUBGHZ_ExecGetCmd
                0x0000000008008432       0xa8 ./Drivers/STM32WLxx_HAL_Driver/Src/stm32wlxx_hal_subghz.o
                0x0000000008008432                HAL_SUBGHZ_ExecGetCmd
 .text.HAL_SUBGHZ_WriteBuffer
                0x00000000080084da       0xa6 ./Drivers/STM32WLxx_HAL_Driver/Src/stm32wlxx_hal_subghz.o
                0x00000000080084da                HAL_SUBGHZ_WriteBuffer
 .text.HAL_SUBGHZ_ReadBuffer
                0x0000000008008580       0xb0 ./Drivers/STM32WLxx_HAL_Driver/Src/stm32wlxx_hal_subghz.o
                0x0000000008008580                HAL_SUBGHZ_ReadBuffer
 .text.SUBGHZSPI_Init
                0x0000000008008630       0x40 ./Drivers/STM32WLxx_HAL_Driver/Src/stm32wlxx_hal_subghz.o
                0x0000000008008630                SUBGHZSPI_Init
 .text.SUBGHZSPI_Transmit
                0x0000000008008670       0xac ./Drivers/STM32WLxx_HAL_Driver/Src/stm32wlxx_hal_subghz.o
                0x0000000008008670                SUBGHZSPI_Transmit
 .text.SUBGHZSPI_Receive
                0x000000000800871c       0xb0 ./Drivers/STM32WLxx_HAL_Driver/Src/stm32wlxx_hal_subghz.o
                0x000000000800871c                SUBGHZSPI_Receive
 .text.SUBGHZ_CheckDeviceReady
                0x00000000080087cc       0x48 ./Drivers/STM32WLxx_HAL_Driver/Src/stm32wlxx_hal_subghz.o
                0x00000000080087cc                SUBGHZ_CheckDeviceReady
 .text.SUBGHZ_WaitOnBusy
                0x0000000008008814       0x5c ./Drivers/STM32WLxx_HAL_Driver/Src/stm32wlxx_hal_subghz.o
                0x0000000008008814                SUBGHZ_WaitOnBusy
 .text.LL_RCC_GetUSARTClockSource
                0x0000000008008870       0x24 ./Drivers/STM32WLxx_HAL_Driver/Src/stm32wlxx_hal_uart.o
 .text.LL_RCC_GetLPUARTClockSource
                0x0000000008008894       0x1e ./Drivers/STM32WLxx_HAL_Driver/Src/stm32wlxx_hal_uart.o
 .text.HAL_UART_Init
                0x00000000080088b2       0xa0 ./Drivers/STM32WLxx_HAL_Driver/Src/stm32wlxx_hal_uart.o
                0x00000000080088b2                HAL_UART_Init
 *fill*         0x0000000008008952        0x2 
 .text.HAL_UART_Transmit_IT
                0x0000000008008954      0x150 ./Drivers/STM32WLxx_HAL_Driver/Src/stm32wlxx_hal_uart.o
                0x0000000008008954                HAL_UART_Transmit_IT
 .text.UART_SetConfig
                0x0000000008008aa4      0x4e8 ./Drivers/STM32WLxx_HAL_Driver/Src/stm32wlxx_hal_uart.o
                0x0000000008008aa4                UART_SetConfig
 .text.UART_AdvFeatureConfig
                0x0000000008008f8c      0x142 ./Drivers/STM32WLxx_HAL_Driver/Src/stm32wlxx_hal_uart.o
                0x0000000008008f8c                UART_AdvFeatureConfig
 .text.UART_CheckIdleState
                0x00000000080090ce       0x96 ./Drivers/STM32WLxx_HAL_Driver/Src/stm32wlxx_hal_uart.o
                0x00000000080090ce                UART_CheckIdleState
 .text.UART_WaitOnFlagUntilTimeout
                0x0000000008009164      0x190 ./Drivers/STM32WLxx_HAL_Driver/Src/stm32wlxx_hal_uart.o
                0x0000000008009164                UART_WaitOnFlagUntilTimeout
 .text.UART_TxISR_8BIT
                0x00000000080092f4       0xb6 ./Drivers/STM32WLxx_HAL_Driver/Src/stm32wlxx_hal_uart.o
 .text.UART_TxISR_16BIT
                0x00000000080093aa       0xc0 ./Drivers/STM32WLxx_HAL_Driver/Src/stm32wlxx_hal_uart.o
 .text.UART_TxISR_8BIT_FIFOEN
                0x000000000800946a       0xde ./Drivers/STM32WLxx_HAL_Driver/Src/stm32wlxx_hal_uart.o
 .text.UART_TxISR_16BIT_FIFOEN
                0x0000000008009548       0xe8 ./Drivers/STM32WLxx_HAL_Driver/Src/stm32wlxx_hal_uart.o
 .text.HAL_UARTEx_DisableFifoMode
                0x0000000008009630       0x70 ./Drivers/STM32WLxx_HAL_Driver/Src/stm32wlxx_hal_uart_ex.o
                0x0000000008009630                HAL_UARTEx_DisableFifoMode
 .text.HAL_UARTEx_SetTxFifoThreshold
                0x00000000080096a0       0x7c ./Drivers/STM32WLxx_HAL_Driver/Src/stm32wlxx_hal_uart_ex.o
                0x00000000080096a0                HAL_UARTEx_SetTxFifoThreshold
 .text.HAL_UARTEx_SetRxFifoThreshold
                0x000000000800971c       0x7c ./Drivers/STM32WLxx_HAL_Driver/Src/stm32wlxx_hal_uart_ex.o
                0x000000000800971c                HAL_UARTEx_SetRxFifoThreshold
 .text.UARTEx_SetNbDataToProcess
                0x0000000008009798       0x98 ./Drivers/STM32WLxx_HAL_Driver/Src/stm32wlxx_hal_uart_ex.o
 .text.RadioInit
                0x0000000008009830       0xb8 ./Middlewares/Third_Party/SubGHz_Phy/stm32_radio_driver/radio.o
 .text.RadioGetStatus
                0x00000000080098e8       0x2e ./Middlewares/Third_Party/SubGHz_Phy/stm32_radio_driver/radio.o
 *fill*         0x0000000008009916        0x2 
 .text.RadioSetModem
                0x0000000008009918       0xb8 ./Middlewares/Third_Party/SubGHz_Phy/stm32_radio_driver/radio.o
 .text.RadioSetChannel
                0x00000000080099d0       0x16 ./Middlewares/Third_Party/SubGHz_Phy/stm32_radio_driver/radio.o
 .text.RadioIsChannelFree
                0x00000000080099e6       0xb4 ./Middlewares/Third_Party/SubGHz_Phy/stm32_radio_driver/radio.o
 .text.RadioRandom
                0x0000000008009a9a       0x26 ./Middlewares/Third_Party/SubGHz_Phy/stm32_radio_driver/radio.o
 .text.RadioSetRxConfig
                0x0000000008009ac0      0x400 ./Middlewares/Third_Party/SubGHz_Phy/stm32_radio_driver/radio.o
 .text.RadioSetTxConfig
                0x0000000008009ec0      0x218 ./Middlewares/Third_Party/SubGHz_Phy/stm32_radio_driver/radio.o
 .text.RadioCheckRfFrequency
                0x000000000800a0d8       0x14 ./Middlewares/Third_Party/SubGHz_Phy/stm32_radio_driver/radio.o
 .text.RadioGetLoRaBandwidthInHz
                0x000000000800a0ec       0xac ./Middlewares/Third_Party/SubGHz_Phy/stm32_radio_driver/radio.o
 .text.RadioGetGfskTimeOnAirNumerator
                0x000000000800a198       0x54 ./Middlewares/Third_Party/SubGHz_Phy/stm32_radio_driver/radio.o
 .text.RadioGetLoRaTimeOnAirNumerator
                0x000000000800a1ec      0x102 ./Middlewares/Third_Party/SubGHz_Phy/stm32_radio_driver/radio.o
 *fill*         0x000000000800a2ee        0x2 
 .text.RadioTimeOnAir
                0x000000000800a2f0       0xb0 ./Middlewares/Third_Party/SubGHz_Phy/stm32_radio_driver/radio.o
 .text.RadioSend
                0x000000000800a3a0      0x1ec ./Middlewares/Third_Party/SubGHz_Phy/stm32_radio_driver/radio.o
 .text.RadioSleep
                0x000000000800a58c       0x26 ./Middlewares/Third_Party/SubGHz_Phy/stm32_radio_driver/radio.o
 .text.RadioStandby
                0x000000000800a5b2        0xe ./Middlewares/Third_Party/SubGHz_Phy/stm32_radio_driver/radio.o
 .text.RadioRx  0x000000000800a5c0       0x80 ./Middlewares/Third_Party/SubGHz_Phy/stm32_radio_driver/radio.o
 .text.RadioRxBoosted
                0x000000000800a640       0x80 ./Middlewares/Third_Party/SubGHz_Phy/stm32_radio_driver/radio.o
 .text.RadioSetRxDutyCycle
                0x000000000800a6c0       0x48 ./Middlewares/Third_Party/SubGHz_Phy/stm32_radio_driver/radio.o
 .text.RadioStartCad
                0x000000000800a708       0x30 ./Middlewares/Third_Party/SubGHz_Phy/stm32_radio_driver/radio.o
 .text.RadioSetTxContinuousWave
                0x000000000800a738       0x58 ./Middlewares/Third_Party/SubGHz_Phy/stm32_radio_driver/radio.o
 .text.RadioRssi
                0x000000000800a790       0x1a ./Middlewares/Third_Party/SubGHz_Phy/stm32_radio_driver/radio.o
 .text.RadioWrite
                0x000000000800a7aa       0x24 ./Middlewares/Third_Party/SubGHz_Phy/stm32_radio_driver/radio.o
 .text.RadioRead
                0x000000000800a7ce       0x1c ./Middlewares/Third_Party/SubGHz_Phy/stm32_radio_driver/radio.o
 .text.RadioWriteRegisters
                0x000000000800a7ea       0x26 ./Middlewares/Third_Party/SubGHz_Phy/stm32_radio_driver/radio.o
 .text.RadioReadRegisters
                0x000000000800a810       0x26 ./Middlewares/Third_Party/SubGHz_Phy/stm32_radio_driver/radio.o
 *fill*         0x000000000800a836        0x2 
 .text.RadioSetMaxPayloadLength
                0x000000000800a838       0x5c ./Middlewares/Third_Party/SubGHz_Phy/stm32_radio_driver/radio.o
 .text.RadioSetPublicNetwork
                0x000000000800a894       0x5c ./Middlewares/Third_Party/SubGHz_Phy/stm32_radio_driver/radio.o
 .text.RadioGetWakeupTime
                0x000000000800a8f0       0x10 ./Middlewares/Third_Party/SubGHz_Phy/stm32_radio_driver/radio.o
 .text.RadioOnTxTimeoutIrq
                0x000000000800a900       0x14 ./Middlewares/Third_Party/SubGHz_Phy/stm32_radio_driver/radio.o
 .text.RadioOnRxTimeoutIrq
                0x000000000800a914       0x14 ./Middlewares/Third_Party/SubGHz_Phy/stm32_radio_driver/radio.o
 .text.RadioOnTxTimeoutProcess
                0x000000000800a928       0x28 ./Middlewares/Third_Party/SubGHz_Phy/stm32_radio_driver/radio.o
 .text.RadioOnRxTimeoutProcess
                0x000000000800a950       0x28 ./Middlewares/Third_Party/SubGHz_Phy/stm32_radio_driver/radio.o
 .text.RadioOnDioIrq
                0x000000000800a978       0x24 ./Middlewares/Third_Party/SubGHz_Phy/stm32_radio_driver/radio.o
 .text.RadioIrqProcess
                0x000000000800a99c      0x3e4 ./Middlewares/Third_Party/SubGHz_Phy/stm32_radio_driver/radio.o
 .text.RadioTxPrbs
                0x000000000800ad80       0x38 ./Middlewares/Third_Party/SubGHz_Phy/stm32_radio_driver/radio.o
 .text.RadioTxCw
                0x000000000800adb8       0x2e ./Middlewares/Third_Party/SubGHz_Phy/stm32_radio_driver/radio.o
 .text.payload_integration
                0x000000000800ade6      0x120 ./Middlewares/Third_Party/SubGHz_Phy/stm32_radio_driver/radio.o
 *fill*         0x000000000800af06        0x2 
 .text.RadioSetRxGenericConfig
                0x000000000800af08      0x388 ./Middlewares/Third_Party/SubGHz_Phy/stm32_radio_driver/radio.o
 .text.RadioSetTxGenericConfig
                0x000000000800b290      0x46c ./Middlewares/Third_Party/SubGHz_Phy/stm32_radio_driver/radio.o
 .text.SUBGRF_Init
                0x000000000800b6fc       0x84 ./Middlewares/Third_Party/SubGHz_Phy/stm32_radio_driver/radio_driver.o
                0x000000000800b6fc                SUBGRF_Init
 .text.SUBGRF_GetOperatingMode
                0x000000000800b780       0x14 ./Middlewares/Third_Party/SubGHz_Phy/stm32_radio_driver/radio_driver.o
                0x000000000800b780                SUBGRF_GetOperatingMode
 .text.SUBGRF_SetPayload
                0x000000000800b794       0x20 ./Middlewares/Third_Party/SubGHz_Phy/stm32_radio_driver/radio_driver.o
                0x000000000800b794                SUBGRF_SetPayload
 .text.SUBGRF_GetPayload
                0x000000000800b7b4       0x44 ./Middlewares/Third_Party/SubGHz_Phy/stm32_radio_driver/radio_driver.o
                0x000000000800b7b4                SUBGRF_GetPayload
 .text.SUBGRF_SendPayload
                0x000000000800b7f8       0x26 ./Middlewares/Third_Party/SubGHz_Phy/stm32_radio_driver/radio_driver.o
                0x000000000800b7f8                SUBGRF_SendPayload
 .text.SUBGRF_SetSyncWord
                0x000000000800b81e       0x1e ./Middlewares/Third_Party/SubGHz_Phy/stm32_radio_driver/radio_driver.o
                0x000000000800b81e                SUBGRF_SetSyncWord
 .text.SUBGRF_SetCrcSeed
                0x000000000800b83c       0x40 ./Middlewares/Third_Party/SubGHz_Phy/stm32_radio_driver/radio_driver.o
                0x000000000800b83c                SUBGRF_SetCrcSeed
 .text.SUBGRF_SetCrcPolynomial
                0x000000000800b87c       0x40 ./Middlewares/Third_Party/SubGHz_Phy/stm32_radio_driver/radio_driver.o
                0x000000000800b87c                SUBGRF_SetCrcPolynomial
 .text.SUBGRF_SetWhiteningSeed
                0x000000000800b8bc       0x66 ./Middlewares/Third_Party/SubGHz_Phy/stm32_radio_driver/radio_driver.o
                0x000000000800b8bc                SUBGRF_SetWhiteningSeed
 .text.SUBGRF_GetRandom
                0x000000000800b922       0x8c ./Middlewares/Third_Party/SubGHz_Phy/stm32_radio_driver/radio_driver.o
                0x000000000800b922                SUBGRF_GetRandom
 *fill*         0x000000000800b9ae        0x2 
 .text.SUBGRF_SetSleep
                0x000000000800b9b0       0x64 ./Middlewares/Third_Party/SubGHz_Phy/stm32_radio_driver/radio_driver.o
                0x000000000800b9b0                SUBGRF_SetSleep
 .text.SUBGRF_SetStandby
                0x000000000800ba14       0x38 ./Middlewares/Third_Party/SubGHz_Phy/stm32_radio_driver/radio_driver.o
                0x000000000800ba14                SUBGRF_SetStandby
 .text.SUBGRF_SetTx
                0x000000000800ba4c       0x40 ./Middlewares/Third_Party/SubGHz_Phy/stm32_radio_driver/radio_driver.o
                0x000000000800ba4c                SUBGRF_SetTx
 .text.SUBGRF_SetRx
                0x000000000800ba8c       0x40 ./Middlewares/Third_Party/SubGHz_Phy/stm32_radio_driver/radio_driver.o
                0x000000000800ba8c                SUBGRF_SetRx
 .text.SUBGRF_SetRxBoosted
                0x000000000800bacc       0x48 ./Middlewares/Third_Party/SubGHz_Phy/stm32_radio_driver/radio_driver.o
                0x000000000800bacc                SUBGRF_SetRxBoosted
 .text.SUBGRF_SetRxDutyCycle
                0x000000000800bb14       0x58 ./Middlewares/Third_Party/SubGHz_Phy/stm32_radio_driver/radio_driver.o
                0x000000000800bb14                SUBGRF_SetRxDutyCycle
 .text.SUBGRF_SetCad
                0x000000000800bb6c       0x1c ./Middlewares/Third_Party/SubGHz_Phy/stm32_radio_driver/radio_driver.o
                0x000000000800bb6c                SUBGRF_SetCad
 .text.SUBGRF_SetTxContinuousWave
                0x000000000800bb88       0x12 ./Middlewares/Third_Party/SubGHz_Phy/stm32_radio_driver/radio_driver.o
                0x000000000800bb88                SUBGRF_SetTxContinuousWave
 .text.SUBGRF_SetTxInfinitePreamble
                0x000000000800bb9a       0x12 ./Middlewares/Third_Party/SubGHz_Phy/stm32_radio_driver/radio_driver.o
                0x000000000800bb9a                SUBGRF_SetTxInfinitePreamble
 .text.SUBGRF_SetStopRxTimerOnPreambleDetect
                0x000000000800bbac       0x1e ./Middlewares/Third_Party/SubGHz_Phy/stm32_radio_driver/radio_driver.o
                0x000000000800bbac                SUBGRF_SetStopRxTimerOnPreambleDetect
 .text.SUBGRF_SetLoRaSymbNumTimeout
                0x000000000800bbca       0x5e ./Middlewares/Third_Party/SubGHz_Phy/stm32_radio_driver/radio_driver.o
                0x000000000800bbca                SUBGRF_SetLoRaSymbNumTimeout
 .text.SUBGRF_SetRegulatorMode
                0x000000000800bc28       0x2e ./Middlewares/Third_Party/SubGHz_Phy/stm32_radio_driver/radio_driver.o
                0x000000000800bc28                SUBGRF_SetRegulatorMode
 .text.SUBGRF_Calibrate
                0x000000000800bc56       0x8c ./Middlewares/Third_Party/SubGHz_Phy/stm32_radio_driver/radio_driver.o
                0x000000000800bc56                SUBGRF_Calibrate
 *fill*         0x000000000800bce2        0x2 
 .text.SUBGRF_CalibrateImage
                0x000000000800bce4       0x8c ./Middlewares/Third_Party/SubGHz_Phy/stm32_radio_driver/radio_driver.o
                0x000000000800bce4                SUBGRF_CalibrateImage
 .text.SUBGRF_SetPaConfig
                0x000000000800bd70       0x44 ./Middlewares/Third_Party/SubGHz_Phy/stm32_radio_driver/radio_driver.o
                0x000000000800bd70                SUBGRF_SetPaConfig
 .text.SUBGRF_SetDioIrqParams
                0x000000000800bdb4       0x74 ./Middlewares/Third_Party/SubGHz_Phy/stm32_radio_driver/radio_driver.o
                0x000000000800bdb4                SUBGRF_SetDioIrqParams
 .text.SUBGRF_SetTcxoMode
                0x000000000800be28       0x42 ./Middlewares/Third_Party/SubGHz_Phy/stm32_radio_driver/radio_driver.o
                0x000000000800be28                SUBGRF_SetTcxoMode
 *fill*         0x000000000800be6a        0x2 
 .text.SUBGRF_SetRfFrequency
                0x000000000800be6c       0x8c ./Middlewares/Third_Party/SubGHz_Phy/stm32_radio_driver/radio_driver.o
                0x000000000800be6c                SUBGRF_SetRfFrequency
 .text.SUBGRF_SetPacketType
                0x000000000800bef8       0x38 ./Middlewares/Third_Party/SubGHz_Phy/stm32_radio_driver/radio_driver.o
                0x000000000800bef8                SUBGRF_SetPacketType
 .text.SUBGRF_GetPacketType
                0x000000000800bf30       0x14 ./Middlewares/Third_Party/SubGHz_Phy/stm32_radio_driver/radio_driver.o
                0x000000000800bf30                SUBGRF_GetPacketType
 .text.SUBGRF_SetTxParams
                0x000000000800bf44      0x19a ./Middlewares/Third_Party/SubGHz_Phy/stm32_radio_driver/radio_driver.o
                0x000000000800bf44                SUBGRF_SetTxParams
 *fill*         0x000000000800c0de        0x2 
 .text.SUBGRF_SetModulationParams
                0x000000000800c0e0      0x1a4 ./Middlewares/Third_Party/SubGHz_Phy/stm32_radio_driver/radio_driver.o
                0x000000000800c0e0                SUBGRF_SetModulationParams
 .text.SUBGRF_SetPacketParams
                0x000000000800c284      0x13c ./Middlewares/Third_Party/SubGHz_Phy/stm32_radio_driver/radio_driver.o
                0x000000000800c284                SUBGRF_SetPacketParams
 .text.SUBGRF_SetBufferBaseAddress
                0x000000000800c3c0       0x2e ./Middlewares/Third_Party/SubGHz_Phy/stm32_radio_driver/radio_driver.o
                0x000000000800c3c0                SUBGRF_SetBufferBaseAddress
 .text.SUBGRF_GetRssiInst
                0x000000000800c3ee       0x2a ./Middlewares/Third_Party/SubGHz_Phy/stm32_radio_driver/radio_driver.o
                0x000000000800c3ee                SUBGRF_GetRssiInst
 .text.SUBGRF_GetRxBufferStatus
                0x000000000800c418       0x58 ./Middlewares/Third_Party/SubGHz_Phy/stm32_radio_driver/radio_driver.o
                0x000000000800c418                SUBGRF_GetRxBufferStatus
 .text.SUBGRF_GetPacketStatus
                0x000000000800c470       0xa4 ./Middlewares/Third_Party/SubGHz_Phy/stm32_radio_driver/radio_driver.o
                0x000000000800c470                SUBGRF_GetPacketStatus
 .text.SUBGRF_WriteRegister
                0x000000000800c514       0x28 ./Middlewares/Third_Party/SubGHz_Phy/stm32_radio_driver/radio_driver.o
                0x000000000800c514                SUBGRF_WriteRegister
 .text.SUBGRF_ReadRegister
                0x000000000800c53c       0x28 ./Middlewares/Third_Party/SubGHz_Phy/stm32_radio_driver/radio_driver.o
                0x000000000800c53c                SUBGRF_ReadRegister
 .text.SUBGRF_WriteRegisters
                0x000000000800c564       0x44 ./Middlewares/Third_Party/SubGHz_Phy/stm32_radio_driver/radio_driver.o
                0x000000000800c564                SUBGRF_WriteRegisters
 .text.SUBGRF_ReadRegisters
                0x000000000800c5a8       0x44 ./Middlewares/Third_Party/SubGHz_Phy/stm32_radio_driver/radio_driver.o
                0x000000000800c5a8                SUBGRF_ReadRegisters
 .text.SUBGRF_WriteBuffer
                0x000000000800c5ec       0x44 ./Middlewares/Third_Party/SubGHz_Phy/stm32_radio_driver/radio_driver.o
                0x000000000800c5ec                SUBGRF_WriteBuffer
 .text.SUBGRF_ReadBuffer
                0x000000000800c630       0x44 ./Middlewares/Third_Party/SubGHz_Phy/stm32_radio_driver/radio_driver.o
                0x000000000800c630                SUBGRF_ReadBuffer
 .text.SUBGRF_WriteCommand
                0x000000000800c674       0x44 ./Middlewares/Third_Party/SubGHz_Phy/stm32_radio_driver/radio_driver.o
 .text.SUBGRF_ReadCommand
                0x000000000800c6b8       0x44 ./Middlewares/Third_Party/SubGHz_Phy/stm32_radio_driver/radio_driver.o
 .text.SUBGRF_SetSwitch
                0x000000000800c6fc       0x50 ./Middlewares/Third_Party/SubGHz_Phy/stm32_radio_driver/radio_driver.o
                0x000000000800c6fc                SUBGRF_SetSwitch
 .text.SUBGRF_SetRfTxPower
                0x000000000800c74c       0x68 ./Middlewares/Third_Party/SubGHz_Phy/stm32_radio_driver/radio_driver.o
                0x000000000800c74c                SUBGRF_SetRfTxPower
 .text.SUBGRF_GetRadioWakeUpTime
                0x000000000800c7b4        0xe ./Middlewares/Third_Party/SubGHz_Phy/stm32_radio_driver/radio_driver.o
                0x000000000800c7b4                SUBGRF_GetRadioWakeUpTime
 .text.Radio_SMPS_Set
                0x000000000800c7c2       0x42 ./Middlewares/Third_Party/SubGHz_Phy/stm32_radio_driver/radio_driver.o
 .text.SUBGRF_GetFskBandwidthRegValue
                0x000000000800c804       0x50 ./Middlewares/Third_Party/SubGHz_Phy/stm32_radio_driver/radio_driver.o
                0x000000000800c804                SUBGRF_GetFskBandwidthRegValue
 .text.SUBGRF_GetCFO
                0x000000000800c854       0xe8 ./Middlewares/Third_Party/SubGHz_Phy/stm32_radio_driver/radio_driver.o