../Core/Fanet/TimerObject.h:23:2:TimerObject::~TimerObject()	16	static
../Core/Fanet/macaddr.h:22:2:MacAddr::MacAddr(int, int)	24	static
../Core/Fanet/macaddr.h:23:2:MacAddr::MacAddr()	16	static
../Core/Fanet/macaddr.h:24:2:MacAddr::MacAddr(const MacAddr&)	16	static
../Core/Fanet/macaddr.h:26:14:bool MacAddr::operator==(const MacAddr&) const	16	static
../Core/Fanet/macaddr.h:27:14:bool MacAddr::operator!=(const MacAddr&) const	16	static
../Core/Fanet/frame.h:77:2:Frame::Frame(MacAddr)	16	static
../Core/Fanet/frame.h:80:2:Frame::~Frame()	16	static
../Core/Fanet/fmac.h:102:2:NeighborNode::NeighborNode(MacAddr, bool)	24	static
../Core/Fanet/fmac.h:103:7:void NeighborNode::seen()	16	static
../Core/Fanet/fmac.h:104:7:bool NeighborNode::isAround()	24	static
../Core/Fanet/fmac.h:137:6:int MacFifo::size()	16	static
../Core/Fanet/fmac.h:123:7:MacFifo::MacFifo()	16	static
../Core/Fanet/fmac.h:123:7:MacFifo::~MacFifo()	16	static
../Core/Fanet/fmac.h:171:2:FanetMac::FanetMac()	16	static
../Core/Fanet/fmac.h:172:2:FanetMac::~FanetMac()	16	static
../Core/Fanet/fmac.cpp:22:8:Frame* MacFifo::get_nexttx()	40	static,ignoring_inline_asm
../Core/Fanet/fmac.cpp:41:8:Frame* MacFifo::frame_in_list(Frame*)	32	static,ignoring_inline_asm
../Core/Fanet/fmac.cpp:63:8:Frame* MacFifo::front()	32	static,ignoring_inline_asm
../Core/Fanet/fmac.cpp:75:5:int MacFifo::add(Frame*)	32	static,ignoring_inline_asm
../Core/Fanet/fmac.cpp:119:6:bool MacFifo::remove_delete(Frame*)	40	static,ignoring_inline_asm
../Core/Fanet/fmac.cpp:138:6:bool MacFifo::remove_delete_acked_frame(MacAddr)	48	static,ignoring_inline_asm
../Core/Fanet/fmac.cpp:159:6:void FanetMac::frameReceived(int)	32	static
../Core/Fanet/fmac.cpp:187:6:static void FanetMac::frameRxWrapper(int)	16	static
../Core/Fanet/fmac.cpp:192:6:bool FanetMac::begin(Fapp&)	40	static
../Core/Fanet/fmac.cpp:231:6:static void FanetMac::stateWrapper()	8	static
../Core/Fanet/fmac.cpp:237:6:bool FanetMac::isNeighbor(MacAddr)	24	static
../Core/Fanet/fmac.cpp:249:6:void FanetMac::ack(Frame*)	40	static
../Core/Fanet/fmac.cpp:273:6:void FanetMac::handleRx()	96	static
../Core/Fanet/fmac.cpp:390:6:void FanetMac::handleTx()	64	static
../Core/Fanet/fmac.cpp:562:10:uint16_t FanetMac::numTrackingNeighbors()	32	static
../Core/Fanet/fmac.cpp:572:9:MacAddr FanetMac::readAddr()	24	static
../Core/Fanet/fmac.cpp:588:6:bool FanetMac::setAddr(MacAddr)	80	static
../Core/Fanet/fmac.cpp:607:6:bool FanetMac::eraseAddr()	16	static
../Core/Fanet/LinkedList.h:170:5:int LinkedList<T>::size() [with T = Frame*]	16	static
../Core/Fanet/LinkedList.h:108:1:LinkedList<T>::LinkedList() [with T = Frame*]	16	static
../Core/Fanet/LinkedList.h:121:1:LinkedList<T>::~LinkedList() [with T = Frame*]	24	static
../Core/Fanet/LinkedList.h:108:1:LinkedList<T>::LinkedList() [with T = NeighborNode*]	16	static
../Core/Fanet/LinkedList.h:121:1:LinkedList<T>::~LinkedList() [with T = NeighborNode*]	24	static
../Core/Fanet/LinkedList.h:170:5:int LinkedList<T>::size() [with T = NeighborNode*]	16	static
../Core/Fanet/LinkedList.h:319:3:T LinkedList<T>::get(int) [with T = Frame*]	24	static
../Core/Fanet/LinkedList.h:272:3:T LinkedList<T>::shift() [with T = Frame*]	24	static
../Core/Fanet/LinkedList.h:219:6:bool LinkedList<T>::unshift(T) [with T = Frame*]	24	static
../Core/Fanet/LinkedList.h:196:6:bool LinkedList<T>::add(T) [with T = Frame*]	24	static
../Core/Fanet/LinkedList.h:293:3:T LinkedList<T>::remove(int) [with T = Frame*]	32	static
../Core/Fanet/LinkedList.h:319:3:T LinkedList<T>::get(int) [with T = NeighborNode*]	24	static
../Core/Fanet/LinkedList.h:293:3:T LinkedList<T>::remove(int) [with T = NeighborNode*]	32	static
../Core/Fanet/LinkedList.h:272:3:T LinkedList<T>::shift() [with T = NeighborNode*]	24	static
../Core/Fanet/LinkedList.h:196:6:bool LinkedList<T>::add(T) [with T = NeighborNode*]	24	static
../Core/Fanet/LinkedList.h:140:14:ListNode<T>* LinkedList<T>::getNode(int) [with T = Frame*]	24	static
../Core/Fanet/LinkedList.h:246:3:T LinkedList<T>::pop() [with T = Frame*]	32	static
../Core/Fanet/LinkedList.h:140:14:ListNode<T>* LinkedList<T>::getNode(int) [with T = NeighborNode*]	24	static
../Core/Fanet/LinkedList.h:246:3:T LinkedList<T>::pop() [with T = NeighborNode*]	32	static
../Core/Fanet/fmac.cpp:627:27:void __static_initialization_and_destruction_0(int, int)	16	static
../Core/Fanet/LinkedList.h:175:6:bool LinkedList<T>::add(int, T) [with T = NeighborNode*]	32	static
../Core/Fanet/LinkedList.h:219:6:bool LinkedList<T>::unshift(T) [with T = NeighborNode*]	24	static
../Core/Fanet/LinkedList.h:236:6:bool LinkedList<T>::set(int, T) [with T = NeighborNode*]	24	static
../Core/Fanet/LinkedList.h:326:6:void LinkedList<T>::clear() [with T = NeighborNode*]	16	static
../Core/Fanet/LinkedList.h:332:6:void LinkedList<T>::sort(int (*)(T&, T&)) [with T = NeighborNode*]	40	static
../Core/Fanet/LinkedList.h:175:6:bool LinkedList<T>::add(int, T) [with T = Frame*]	32	static
../Core/Fanet/LinkedList.h:236:6:bool LinkedList<T>::set(int, T) [with T = Frame*]	24	static
../Core/Fanet/LinkedList.h:326:6:void LinkedList<T>::clear() [with T = Frame*]	16	static
../Core/Fanet/LinkedList.h:332:6:void LinkedList<T>::sort(int (*)(T&, T&)) [with T = Frame*]	40	static
../Core/Fanet/LinkedList.h:392:14:ListNode<T>* LinkedList<T>::findEndOfSortedString(ListNode<T>*, int (*)(T&, T&)) [with T = NeighborNode*]	24	static
../Core/Fanet/LinkedList.h:392:14:ListNode<T>* LinkedList<T>::findEndOfSortedString(ListNode<T>*, int (*)(T&, T&)) [with T = Frame*]	24	static
../Core/Fanet/fmac.cpp:627:27:cpp)	8	static
../Core/Fanet/fmac.cpp:627:27:cpp)	8	static
