d:\st\stm32cubeide_1.9.0\stm32cubeide\plugins\com.st.stm32cube.ide.mcu.externaltools.gnu-tools-for-stm32.10.3-2021.10.win32_1.0.0.202111181127\tools\bin\../lib/gcc/arm-none-eabi/10.3.1/../../../../arm-none-eabi/include/c++/10.3.1/arm-none-eabi/thumb/v7e-m/nofp/bits/gthr-default.h:229:1:int __gthread_key_delete(__gthread_key_t)	16	static
../Core/Fanet/macaddr.h:22:2:MacAddr::MacAddr(int, int)	24	static
../Core/Fanet/macaddr.h:23:2:MacAddr::MacAddr()	16	static
../Core/Fanet/macaddr.h:24:2:MacAddr::MacAddr(const MacAddr&)	16	static
../Core/Fanet/macaddr.h:26:14:bool MacAddr::operator==(const MacAddr&) const	16	static
../Core/Fanet/frame.h:77:2:Frame::Frame(MacAddr)	16	static
../Core/Fanet/frame.h:80:2:Frame::~Frame()	16	static
../Core/Fanet/fmac.h:138:6:int MacFifo::size()	16	static
../Core/Fanet/fmac.h:179:7:bool FanetMac::txQueueHasFreeSlots()	16	static
../Core/Fanet/fmac.h:180:6:int FanetMac::transmit(Frame*)	16	static
../Core/Fanet/serial_interface.h:187:2:Serial_Interface::Serial_Interface()	16	static
../Core/Fanet/serial_interface.cpp:39:6:void Serial_Interface::fanet_cmd_state(char*)	128	static
../Core/Fanet/serial_interface.cpp:153:6:void Serial_Interface::fanet_cmd_addr(char*)	120	static
../Core/Fanet/serial_interface.cpp:213:6:void Serial_Interface::fanet_cmd_config(char*)	112	static
../Core/Fanet/serial_interface.cpp:268:6:void Serial_Interface::fanet_cmd_mode(char*)	96	static
../Core/Fanet/serial_interface.cpp:304:6:void Serial_Interface::fanet_cmd_transmit(char*)	64	static
../Core/Fanet/serial_interface.cpp:422:6:void Serial_Interface::fanet_eval(char*)	16	static
../Core/Fanet/serial_interface.cpp:450:6:void Serial_Interface::dongle_cmd_version(char*)	80	static
../Core/Fanet/serial_interface.cpp:460:6:void Serial_Interface::dongle_cmd_jump(char*)	16	static
../Core/Fanet/serial_interface.cpp:470:6:void Serial_Interface::dongle_cmd_power(char*)	96	static
../Core/Fanet/serial_interface.cpp:502:6:void Serial_Interface::dongle_cmd_region(char*)	32	static
../Core/Fanet/serial_interface.cpp:567:6:void Serial_Interface::dongle_pps()	16	static
../Core/Fanet/serial_interface.cpp:575:6:void Serial_Interface::dongle_eval(char*)	16	static
../Core/Fanet/serial_interface.cpp:752:6:void Serial_Interface::handle_rx()	280	static
../Core/Fanet/serial_interface.cpp:787:6:void Serial_Interface::begin(serial_t*)	16	static
../Core/Fanet/serial_interface.cpp:796:6:void Serial_Interface::handle_acked(bool, MacAddr&)	96	static
../Core/Fanet/serial_interface.cpp:806:6:void Serial_Interface::handle_frame(Frame*)	200	static
../Core/Fanet/serial_interface.cpp:828:6:void Serial_Interface::print_line(const char*, int, const char*)	104	static
../Core/Fanet/serial_interface.cpp:858:6:void Serial_Interface::print(char*)	24	static
../Core/Fanet/LinkedList.h:170:5:int LinkedList<T>::size() [with T = Frame*]	16	static
../Core/Fanet/serial_interface.cpp:867:49:void __static_initialization_and_destruction_0(int, int)	16	static
../Core/Fanet/serial_interface.cpp:867:49:cpp)	8	static
